Archive member included to satisfy reference by file (symbol)

./libs/libpluto_0.2.a(startup_stm32f30x_md_gcc.o)
                              (Reset_Handler)
./libs/libpluto_0.2.a(system_stm32f30x.o)
                              ./libs/libpluto_0.2.a(startup_stm32f30x_md_gcc.o) (SystemInit)
./libs/libpluto_0.2.a(main.o)
                              ./libs/libpluto_0.2.a(startup_stm32f30x_md_gcc.o) (main)
./libs/libpluto_0.2.a(mw.o)   main.o (symbol from plugin) (loop)
./libs/libpluto_0.2.a(altitudehold.o)
                              mw.o (symbol from plugin) (applyAltHold)
./libs/libpluto_0.2.a(failsafe.o)
                              main.o (symbol from plugin) (failsafeInit)
./libs/libpluto_0.2.a(pid.o)  mw.o (symbol from plugin) (dynP8)
./libs/libpluto_0.2.a(imu.o)  main.o (symbol from plugin) (imuInit)
./libs/libpluto_0.2.a(mixer.o)
                              main.o (symbol from plugin) (mixerInit)
./libs/libpluto_0.2.a(filter.o)
                              mw.o (symbol from plugin) (filterApplyPt1)
./libs/libpluto_0.2.a(system.o)
                              main.o (symbol from plugin) (micros)
./libs/libpluto_0.2.a(beeper.o)
                              mw.o (symbol from plugin) (beeperSilence)
./libs/libpluto_0.2.a(rc_controls.o)
                              mw.o (symbol from plugin) (isUsingSticksForArming)
./libs/libpluto_0.2.a(rc_curves.o)
                              rc_controls.o (symbol from plugin) (generatePitchRollCurve)
./libs/libpluto_0.2.a(serial.o)
                              mw.o (symbol from plugin) (findNextSharedSerialPort)
./libs/libpluto_0.2.a(serial_cli.o)
                              mw.o (symbol from plugin) (cliMode)
./libs/libpluto_0.2.a(serial_msp.o)
                              mw.o (symbol from plugin) (mspReleasePortIfAllocated)
./libs/libpluto_0.2.a(statusindicator.o)
                              beeper.o (symbol from plugin) (warningLedEnable)
./libs/libpluto_0.2.a(rx.o)   serial_msp.o (symbol from plugin) (rxRuntimeConfig)
./libs/libpluto_0.2.a(pwm.o)  rx.o (symbol from plugin) (rxPwmInit)
./libs/libpluto_0.2.a(msp.o)  serial_msp.o (symbol from plugin) (rxMspFrameReceive)
./libs/libpluto_0.2.a(sbus.o)
                              rx.o (symbol from plugin) (sbusInit)
./libs/libpluto_0.2.a(sumd.o)
                              rx.o (symbol from plugin) (sumdInit)
./libs/libpluto_0.2.a(sumh.o)
                              rx.o (symbol from plugin) (sumhInit)
./libs/libpluto_0.2.a(spektrum.o)
                              rx.o (symbol from plugin) (spektrumInit)
./libs/libpluto_0.2.a(xbus.o)
                              rx.o (symbol from plugin) (xBusInit)
./libs/libpluto_0.2.a(acceleration.o)
                              main.o (symbol from plugin) (accSetCalibrationCycles)
./libs/libpluto_0.2.a(battery.o)
                              mw.o (symbol from plugin) (vbat)
./libs/libpluto_0.2.a(boardalignment.o)
                              main.o (symbol from plugin) (initBoardAlignment)
./libs/libpluto_0.2.a(compass.o)
                              imu.o (symbol from plugin) (magADC)
./libs/libpluto_0.2.a(gyro.o)
                              mw.o (symbol from plugin) (gyroADC)
./libs/libpluto_0.2.a(initialisation.o)
                              main.o (symbol from plugin) (sensorsAutodetectmpu)
./libs/libpluto_0.2.a(stm32f30x_rcc.o)
                              system.o (symbol from plugin) (RCC_GetClocksFreq)
./libs/libpluto_0.2.a(stm32f30x_misc.o)
                              system.o (symbol from plugin) (NVIC_PriorityGroupConfig)
./libs/libpluto_0.2.a(acrobats.o)
                              mw.o (symbol from plugin) (flipState)
./libs/libpluto_0.2.a(ranging_vl53l0x.o)
                              mw.o (symbol from plugin) (LaserSensor::startRanging())
./libs/libpluto_0.2.a(posEstimate.o)
                              main.o (symbol from plugin) (updatePosGains)
./libs/libpluto_0.2.a(command.o)
                              mw.o (symbol from plugin) (isLanding)
./libs/libpluto_0.2.a(localisationCommand.o)
                              mw.o (symbol from plugin) (command_verify())
./libs/libpluto_0.2.a(Peripheral.o)
                              obj/PLUTOX/src/main/PlutoPilot.o (symbol from plugin) (ADCClass::Init(unibus))
./libs/libpluto_0.2.a(Print.o)
                              obj/PLUTOX/src/main/PlutoPilot.o (symbol from plugin) (Print_P::monitor(char const*))
./libs/libpluto_0.2.a(Utils.o)
                              mw.o (symbol from plugin) (Timer::Timer())
./libs/libpluto_0.2.a(Control.o)
                              acrobats.o (symbol from plugin) (Control_P::setRC(rc_channels, short))
./libs/libpluto_0.2.a(Angle.o)
                              acrobats.o (symbol from plugin) (Angle_P::get(inclinations))
./libs/libpluto_0.2.a(Althold.o)
                              command.o (symbol from plugin) (Althold_P::setRelativeAltholdHeight(long))
./libs/libpluto_0.2.a(API-Utils.o)
[...]
Memory Configuration

Name             Origin             Length             Attributes
FLASH            0x0000000008000000 0x000000000001f800 xr
RAM              0x0000000020000000 0x000000000000a000 xrw
MEMORY_B1        0x0000000060000000 0x0000000000000000 xr
*default*        0x0000000000000000 0xffffffffffffffff

Linker script and memory map

LOAD obj/PLUTOX/src/main/PlutoPilot.o
LOAD /tmp/cc3IDGvV.ltrans0.ltrans.o
LOAD /tmp/cc3IDGvV.ltrans1.ltrans.o
LOAD /tmp/cc3IDGvV.ltrans2.ltrans.o
LOAD /tmp/cc3IDGvV.ltrans3.ltrans.o
LOAD /tmp/cc3IDGvV.ltrans4.ltrans.o
LOAD /tmp/cc3IDGvV.ltrans5.ltrans.o
LOAD /tmp/cc3IDGvV.ltrans6.ltrans.o
LOAD /tmp/cc3IDGvV.ltrans7.ltrans.o
LOAD /tmp/cc3IDGvV.ltrans8.ltrans.o
LOAD /tmp/cc3IDGvV.ltrans9.ltrans.o
LOAD /tmp/cc3IDGvV.ltrans10.ltrans.o
LOAD /tmp/cc3IDGvV.ltrans11.ltrans.o
LOAD /tmp/cc3IDGvV.ltrans12.ltrans.o
LOAD /tmp/cc3IDGvV.ltrans13.ltrans.o
LOAD /tmp/cc3IDGvV.ltrans14.ltrans.o
LOAD /tmp/cc3IDGvV.ltrans15.ltrans.o
LOAD /tmp/cc3IDGvV.ltrans16.ltrans.o
LOAD /tmp/cc3IDGvV.ltrans17.ltrans.o
LOAD /home/rajula/Academics/Semester10/MR_PE/Cygnus/tools/toolchain/gcc-arm/bin/../lib/gcc/arm-none-eabi/6.3.1/../../../../arm-none-eabi/lib/thumb/v7e-m/fpv4-sp/hard/libnosys.a
LOAD ./libs/libpluto_0.2.a
LOAD /home/rajula/Academics/Semester10/MR_PE/Cygnus/tools/toolchain/gcc-arm/bin/../lib/gcc/arm-none-eabi/6.3.1/../../../../arm-none-eabi/lib/thumb/v7e-m/fpv4-sp/hard/libstdc++.a
LOAD /home/rajula/Academics/Semester10/MR_PE/Cygnus/tools/toolchain/gcc-arm/bin/../lib/gcc/arm-none-eabi/6.3.1/../../../../arm-none-eabi/lib/thumb/v7e-m/fpv4-sp/hard/libm.a
LOAD /home/rajula/Academics/Semester10/MR_PE/Cygnus/tools/toolchain/gcc-arm/bin/../lib/gcc/arm-none-eabi/6.3.1/../../../../arm-none-eabi/lib/thumb/v7e-m/fpv4-sp/hard/libc.a
START GROUP
LOAD /home/rajula/Academics/Semester10/MR_PE/Cygnus/tools/toolchain/gcc-arm/bin/../lib/gcc/arm-none-eabi/6.3.1/thumb/v7e-m/fpv4-sp/hard/libgcc.a
LOAD /home/rajula/Academics/Semester10/MR_PE/Cygnus/tools/toolchain/gcc-arm/bin/../lib/gcc/arm-none-eabi/6.3.1/../../../../arm-none-eabi/lib/thumb/v7e-m/fpv4-sp/hard/libg.a
LOAD /home/rajula/Academics/Semester10/MR_PE/Cygnus/tools/toolchain/gcc-arm/bin/../lib/gcc/arm-none-eabi/6.3.1/../../../../arm-none-eabi/lib/thumb/v7e-m/fpv4-sp/hard/libc.a
END GROUP
START GROUP
LOAD /home/rajula/Academics/Semester10/MR_PE/Cygnus/tools/toolchain/gcc-arm/bin/../lib/gcc/arm-none-eabi/6.3.1/thumb/v7e-m/fpv4-sp/hard/libgcc.a
LOAD /home/rajula/Academics/Semester10/MR_PE/Cygnus/tools/toolchain/gcc-arm/bin/../lib/gcc/arm-none-eabi/6.3.1/../../../../arm-none-eabi/lib/thumb/v7e-m/fpv4-sp/hard/libc.a
LOAD /home/rajula/Academics/Semester10/MR_PE/Cygnus/tools/toolchain/gcc-arm/bin/../lib/gcc/arm-none-eabi/6.3.1/../../../../arm-none-eabi/lib/thumb/v7e-m/fpv4-sp/hard/libnosys.a
END GROUP
                0x000000002000a000                _estack = (ORIGIN (RAM) + LENGTH (RAM))
                0x0000000000000000                _Min_Heap_Size = 0x0
                0x0000000000000400                _Min_Stack_Size = 0x400

.isr_vector     0x0000000008000000      0x188
                0x0000000008000000                . = ALIGN (0x4)
                [!provide]                        PROVIDE (isr_vector_table_base, .)
 *(.isr_vector)
 .isr_vector    0x0000000008000000      0x188 ./libs/libpluto_0.2.a(startup_stm32f30x_md_gcc.o)
                0x0000000008000000                g_pfnVectors
                0x0000000008000188                . = ALIGN (0x4)

.text           0x00000000080001c0    0x1c8e4
                0x00000000080001c0                . = ALIGN (0x4)
 *(.text)
 .text          0x00000000080001c0     0x1620 /tmp/cc3IDGvV.ltrans1.ltrans.o
                0x00000000080001c0                init()
 .text          0x00000000080017e0      0xbd4 /tmp/cc3IDGvV.ltrans2.ltrans.o
                0x00000000080017e0                headSerialResponse(unsigned char, unsigned char) [clone .lto_priv.132]
                0x0000000008001820                headSerialReply(unsigned char) [clone .lto_priv.157]
                0x0000000008001826                read32() [clone .lto_priv.160]
                0x0000000008001838                processOutCommand(unsigned char) [clone .lto_priv.238]
 .text          0x00000000080023b4      0x938 /tmp/cc3IDGvV.ltrans3.ltrans.o
                0x00000000080023b4                pwmOverflowCallback(timerOvrHandlerRec_s*, unsigned short) [clone .lto_priv.279]
                0x00000000080023dc                ppmEdgeCallback(timerCCHandlerRec_s*, unsigned short) [clone .lto_priv.280]
                0x00000000080024b4                ppmOverflowCallback(timerOvrHandlerRec_s*, unsigned short) [clone .lto_priv.281]
                0x00000000080024c4                pwmWriteStandard(unsigned char, unsigned short) [clone .lto_priv.276]
                0x00000000080024d8                pwmWriteBrushed(unsigned char, unsigned short) [clone .lto_priv.277]
                0x00000000080024fc                uartReconfigure.lto_priv.144
                0x0000000008002620                pwmICConfig(TIM_TypeDef*, unsigned char, unsigned short)
                0x0000000008002728                pwmEdgeCallback(timerCCHandlerRec_s*, unsigned short) [clone .lto_priv.278]
                0x0000000008002780                pwmWriteMotor
                0x0000000008002798                gpioInit
                0x00000000080027ec                pwmOutConfig
                0x0000000008002a18                i2cRead
                0x0000000008002b28                i2cWrite
                0x0000000008002b3c                ak8963Read
                0x0000000008002c00                ak8963Init
 .text          0x0000000008002cec      0x72c /tmp/cc3IDGvV.ltrans4.ltrans.o
                0x0000000008002cec                mpuGyroRead
                0x0000000008002d30                mpuAccRead
                0x0000000008002d74                mpuWriteRegisterI2C(unsigned char, unsigned char) [clone .lto_priv.272]
                0x0000000008002d7e                mpuReadRegisterI2C(unsigned char, unsigned char, unsigned char*) [clone .lto_priv.271]
                0x0000000008002dcc                mpu6500GyroInit
                0x0000000008002e74                mpu6500AccInit
                0x0000000008002e88                i2cTimeoutUserCallback
                0x0000000008002eb0                i2cWriteBuffer
                0x0000000008002fb0                VL53L0X_RdWord
                0x0000000008002fdc                VL53L0X_WrByte
                0x0000000008002ff2                unibusAdc3init() [clone .part.0]
                0x0000000008003164                reverseMotorGPIOInit
                0x0000000008003210                unibusAdcConfig
                0x0000000008003224                unibusAdc4init()
 .text          0x0000000008003418      0xdd8 /tmp/cc3IDGvV.ltrans5.ltrans.o
                0x0000000008003448                xBusReadRawRC(rxRuntimeConfig_s*, unsigned char) [clone .lto_priv.254]
                0x00000000080034f8                spektrumReadRawRC.lto_priv.129
                0x0000000008003524                sumhReadRawRC.lto_priv.247
                0x000000000800353c                sumdReadRawRC.lto_priv.245
                0x0000000008003550                sbusReadRawRC.lto_priv.243
                0x0000000008003584                rxMspReadRawRC.lto_priv.256
                0x0000000008003594                ppmReadRawRC.lto_priv.258
                0x00000000080035a0                pwmReadRawRC.lto_priv.257
                0x00000000080037b0                xBusDataReceive(unsigned short) [clone .lto_priv.255]
                0x0000000008003878                spektrumDataReceive.lto_priv.130
                0x00000000080038c0                sumhDataReceive.lto_priv.248
                0x0000000008003908                sumdDataReceive.lto_priv.246
                0x00000000080039ac                sbusDataReceive.lto_priv.244
                0x00000000080039f8                RCC_GetClocksFreq
                0x0000000008003ce0                alignSensors
                0x0000000008003e18                updateBattery
                0x0000000008003f10                performInflightAccelerationCalibration(rollAndPitchTrims_t*)
                0x0000000008004024                detectAndApplySignalLossBehaviour.lto_priv.240
 .text          0x00000000080041f0     0x1050 /tmp/cc3IDGvV.ltrans6.ltrans.o
                0x0000000008004df4                imuCalculateEstimatedAttitude() [clone .lto_priv.239]
                0x00000000080051f8                pidSetController
 .text          0x0000000008005240      0xd44 /tmp/cc3IDGvV.ltrans7.ltrans.o
                0x0000000008005240                ms5611_calculate(long*, long*, unsigned long, unsigned long) [clone .lto_priv.269]
                0x00000000080053e0                ms5611_start_up() [clone .lto_priv.267]
                0x00000000080053ea                ms5611_start_ut() [clone .lto_priv.265]
                0x000000000800541c                ms5611_get_up() [clone .lto_priv.268]
                0x000000000800541e                ms5611_get_ut() [clone .lto_priv.266]
                0x0000000008005420                activateControlRateConfig()
                0x0000000008005468                isEEPROMContentValid() [clone .lto_priv.133]
                0x00000000080054b4                readEEPROM
                0x0000000008005744                resetConf() [clone .lto_priv.161]
                0x0000000008005bf4                apmBaroCalibrationRead()
                0x0000000008005c4c                apmBaroRead
                0x0000000008005cd0                apmBaroUpdate
                0x0000000008005dc8                configTimeBase
                0x0000000008005e64                lookupTimerIndex(TIM_TypeDef const*) [clone .lto_priv.175]
                0x0000000008005ebc                timerChConfigCallbacks
                0x0000000008005f6c                USART2_IRQHandler
                0x0000000008005f78                USART1_IRQHandler
 .text          0x0000000008005f84      0x7c4 /tmp/cc3IDGvV.ltrans8.ltrans.o
                0x0000000008005f84                NVIC_Init.part.0.constprop.115
                0x0000000008005fc0                spektrumInit.constprop.105
                0x0000000008006040                timerConfigure.constprop.65
                0x0000000008006098                useRcControlsConfig.constprop.53
                0x00000000080060d4                resetSerialConfig(serialConfig_s*) [clone .constprop.52]
                0x0000000008006134                FLASH_WaitForLastOperation.constprop.47
                0x0000000008006158                headSerialError(unsigned char) [clone .constprop.35]
                0x0000000008006160                calculateThrottleStatus.constprop.31
                0x0000000008006194                PositionController.constprop.26
                0x00000000080061d8                VL53L0X_CheckAndLoadInterruptSettings.constprop.11
                0x00000000080062ec                updateCompass.part.0.constprop.6
                0x0000000008006410                processRcStickPositions.constprop.3
                0x0000000008006664                VL53L0X_isqrt
                0x000000000800668e                ADC_RegularChannelConfig
 .text          0x0000000008006748      0x724 /tmp/cc3IDGvV.ltrans9.ltrans.o
                0x0000000008006748                LaserSensor::startRanging()
                0x0000000008006e4c                RCC_ADCCLKConfig
 .text          0x0000000008006e6c      0x970 /tmp/cc3IDGvV.ltrans10.ltrans.o
                0x0000000008006e84                read8() [clone .lto_priv.158]
                0x0000000008006e98                read16() [clone .lto_priv.159]
                0x0000000008006eac                serialize8(unsigned char) [clone .lto_priv.167]
                0x0000000008006ed0                serialize16(unsigned short) [clone .lto_priv.168]
                0x0000000008006ee2                serialize32(unsigned long) [clone .lto_priv.169]
                0x0000000008006ef4                serialize8Debug
                0x0000000008006f04                openSerialPort
                0x0000000008006f7c                findNextSerialPortConfig
                0x0000000008006fc0                findSerialPortConfig
                0x0000000008006fcc                generateThrottleCurve
                0x000000000800704c                generatePitchRollCurve
                0x0000000008007084                isRangeActive.part.0
                0x00000000080070cc                beeperSilence
                0x00000000080070e0                beeper
                0x000000000800712c                beeperConfirmationBeeps
                0x0000000008007164                applyStepAdjustment
                0x0000000008007594                micros
                0x00000000080075cc                delay
                0x00000000080075ea                failureMode
                0x00000000080076a8                SysTick_Handler
                0x00000000080076b8                EXTI3_IRQHandler
                0x00000000080076be                EXTI15_10_IRQHandler
                0x00000000080076c4                filterApplyPt1
                0x000000000800771c                writeMotors
 .text          0x00000000080077dc      0x514 /tmp/cc3IDGvV.ltrans11.ltrans.o
                0x00000000080078e6                usartIrqHandler
                0x0000000008007954                DMA1_Channel4_IRQHandler
                0x000000000800798c                uartOpen
 .text          0x0000000008007cf0      0xab8 /tmp/cc3IDGvV.ltrans12.ltrans.o
                0x0000000008007cf0                pidMultiWii23(pidProfile_s*, controlRateConfig_s*, unsigned short, rollAndPitchTrims_t*, rxConfig_s*) [clone .lto_priv.180]
                0x0000000008007fb4                pidMultiWii(pidProfile_s*, controlRateConfig_s*, unsigned short, rollAndPitchTrims_t*, rxConfig_s*) [clone .lto_priv.178]
                0x0000000008008240                pidLuxFloat(pidProfile_s*, controlRateConfig_s*, unsigned short, rollAndPitchTrims_t*, rxConfig_s*) [clone .lto_priv.179]
                0x0000000008008590                pidResetErrorGyro
                0x00000000080085b0                pidResetErrorAngle
                0x00000000080085cc                failsafeUpdateState.part.0
                0x0000000008008744                failsafeOnLowBattery
                0x0000000008008770                AltRst
 .text          0x00000000080087a8      0x404 /tmp/cc3IDGvV.ltrans13.ltrans.o
                0x00000000080087a8                unibusAdc2init()
                0x0000000008008954                unibusAdc1init()
                0x0000000008008b04                serializeString(char const*)
                0x0000000008008b34                debugPrint(char const*)
                0x0000000008008b78                command_previous()
                0x0000000008008b8c                command_next()
 .text          0x0000000008008bac      0x794 /tmp/cc3IDGvV.ltrans14.ltrans.o
                0x0000000008008bac                nullReadRawRC.lto_priv.131
                0x0000000008008bb0                getRxfailValue.lto_priv.155
                0x0000000008008c00                resumeRxSignal
                0x0000000008008c2c                suspendRxSignal
                0x0000000008008c58                processInCommand() [clone .lto_priv.237]
 .text          0x0000000008009340      0x5e8 /tmp/cc3IDGvV.ltrans15.ltrans.o
                0x0000000008009340                FLASH_GetStatus
                0x0000000008009368                DMA_StructInit
                0x0000000008009382                DMA_Init
                0x00000000080093be                DMA_DeInit
                0x00000000080094b0                GPIO_Init
                0x000000000800953e                serialWrite
                0x0000000008009544                _putc(void*, char) [clone .lto_priv.288]
                0x0000000008009548                applyDeadband
                0x0000000008009566                sin_approx
                0x000000000800962c                buildRotationMatrix
                0x00000000080096e8                rotateV
                0x000000000800975c                reset_FSI
                0x0000000008009774                set_FSI
                0x0000000008009788                disableFlightMode
                0x00000000080097a8                enableFlightMode
                0x00000000080097c4                featureClear
                0x00000000080097d4                featureSet
                0x00000000080097e4                writeEEPROM
                0x0000000008009914                saveConfigAndNotify
 .text          0x0000000008009928      0x574 /tmp/cc3IDGvV.ltrans16.ltrans.o
                0x0000000008009928                apmCalculateEstimatedAltitude
                0x0000000008009d68                mwArm
                0x0000000008009df8                mwDisarm
                0x0000000008009e58                isCalibrating()
 .text          0x0000000008009e9c       0x68 /tmp/cc3IDGvV.ltrans17.ltrans.o
                0x0000000008009e9c                SystemInit
 .text          0x0000000008009f04     0x66a8 /home/rajula/Academics/Semester10/MR_PE/Cygnus/tools/toolchain/gcc-arm/bin/../lib/gcc/arm-none-eabi/6.3.1/../../../../arm-none-eabi/lib/thumb/v7e-m/fpv4-sp/hard/libstdc++.a(cp-demangle.o)
                0x00000000080104d0                __cxa_demangle
                0x0000000008010588                __gcclibcxx_demangle_callback
 *fill*         0x00000000080105ac        0x4 
 .text          0x00000000080105b0       0xa0 /home/rajula/Academics/Semester10/MR_PE/Cygnus/tools/toolchain/gcc-arm/bin/../lib/gcc/arm-none-eabi/6.3.1/../../../../arm-none-eabi/lib/thumb/v7e-m/fpv4-sp/hard/libc.a(lib_a-memchr.o)
                0x00000000080105b0                memchr
 .text          0x0000000008010650      0x134 /home/rajula/Academics/Semester10/MR_PE/Cygnus/tools/toolchain/gcc-arm/bin/../lib/gcc/arm-none-eabi/6.3.1/../../../../arm-none-eabi/lib/thumb/v7e-m/fpv4-sp/hard/libc.a(lib_a-memcpy.o)
                0x0000000008010650                memcpy
 *fill*         0x0000000008010784       0x1c 
 .text          0x00000000080107a0      0x2dc /home/rajula/Academics/Semester10/MR_PE/Cygnus/tools/toolchain/gcc-arm/bin/../lib/gcc/arm-none-eabi/6.3.1/../../../../arm-none-eabi/lib/thumb/v7e-m/fpv4-sp/hard/libc.a(lib_a-strcmp.o)
                0x00000000080107a8                strcmp
 *fill*         0x0000000008010a7c        0x4 
 .text          0x0000000008010a80       0xdc /home/rajula/Academics/Semester10/MR_PE/Cygnus/tools/toolchain/gcc-arm/bin/../lib/gcc/arm-none-eabi/6.3.1/../../../../arm-none-eabi/lib/thumb/v7e-m/fpv4-sp/hard/libc.a(lib_a-strlen.o)
                0x0000000008010a80                strlen
 .text          0x0000000008010b5c      0x370 /home/rajula/Academics/Semester10/MR_PE/Cygnus/tools/toolchain/gcc-arm/bin/../lib/gcc/arm-none-eabi/6.3.1/thumb/v7e-m/fpv4-sp/hard/libgcc.a(_arm_addsubdf3.o)
                0x0000000008010b5c                __aeabi_drsub
                0x0000000008010b64                __aeabi_dsub
                0x0000000008010b64                __subdf3
                0x0000000008010b68                __adddf3
                0x0000000008010b68                __aeabi_dadd
                0x0000000008010de0                __aeabi_ui2d
                0x0000000008010de0                __floatunsidf
                0x0000000008010e00                __floatsidf
                0x0000000008010e00                __aeabi_i2d
                0x0000000008010e24                __extendsfdf2
                0x0000000008010e24                __aeabi_f2d
                0x0000000008010e60                __aeabi_ul2d
                0x0000000008010e60                __floatundidf
                0x0000000008010e70                __floatdidf
                0x0000000008010e70                __aeabi_l2d
 .text          0x0000000008010ecc      0x424 /home/rajula/Academics/Semester10/MR_PE/Cygnus/tools/toolchain/gcc-arm/bin/../lib/gcc/arm-none-eabi/6.3.1/thumb/v7e-m/fpv4-sp/hard/libgcc.a(_arm_muldivdf3.o)
                0x0000000008010ecc                __aeabi_dmul
                0x0000000008010ecc                __muldf3
                0x0000000008011120                __aeabi_ddiv
                0x0000000008011120                __divdf3
 .text          0x00000000080112f0      0x110 /home/rajula/Academics/Semester10/MR_PE/Cygnus/tools/toolchain/gcc-arm/bin/../lib/gcc/arm-none-eabi/6.3.1/thumb/v7e-m/fpv4-sp/hard/libgcc.a(_arm_cmpdf2.o)
                0x00000000080112f0                __gtdf2
                0x00000000080112f0                __gedf2
                0x00000000080112f8                __ltdf2
                0x00000000080112f8                __ledf2
                0x0000000008011300                __cmpdf2
                0x0000000008011300                __eqdf2
                0x0000000008011300                __nedf2
                0x000000000801137c                __aeabi_cdrcmple
                0x000000000801138c                __aeabi_cdcmple
                0x000000000801138c                __aeabi_cdcmpeq
                0x000000000801139c                __aeabi_dcmpeq
                0x00000000080113b0                __aeabi_dcmplt
                0x00000000080113c4                __aeabi_dcmple
                0x00000000080113d8                __aeabi_dcmpge
                0x00000000080113ec                __aeabi_dcmpgt
 .text          0x0000000008011400       0x2c /home/rajula/Academics/Semester10/MR_PE/Cygnus/tools/toolchain/gcc-arm/bin/../lib/gcc/arm-none-eabi/6.3.1/thumb/v7e-m/fpv4-sp/hard/libgcc.a(_arm_unorddf2.o)
                0x0000000008011400                __aeabi_dcmpun
                0x0000000008011400                __unorddf2
 .text          0x000000000801142c       0x50 /home/rajula/Academics/Semester10/MR_PE/Cygnus/tools/toolchain/gcc-arm/bin/../lib/gcc/arm-none-eabi/6.3.1/thumb/v7e-m/fpv4-sp/hard/libgcc.a(_arm_fixdfsi.o)
                0x000000000801142c                __fixdfsi
                0x000000000801142c                __aeabi_d2iz
 .text          0x000000000801147c       0x30 /home/rajula/Academics/Semester10/MR_PE/Cygnus/tools/toolchain/gcc-arm/bin/../lib/gcc/arm-none-eabi/6.3.1/thumb/v7e-m/fpv4-sp/hard/libgcc.a(_aeabi_uldivmod.o)
                0x000000000801147c                __aeabi_uldivmod
 .text          0x00000000080114ac      0x2dc /home/rajula/Academics/Semester10/MR_PE/Cygnus/tools/toolchain/gcc-arm/bin/../lib/gcc/arm-none-eabi/6.3.1/thumb/v7e-m/fpv4-sp/hard/libgcc.a(_udivmoddi4.o)
                0x00000000080114ac                __udivmoddi4
 .text          0x0000000008011788      0x9cc /home/rajula/Academics/Semester10/MR_PE/Cygnus/tools/toolchain/gcc-arm/bin/../lib/gcc/arm-none-eabi/6.3.1/thumb/v7e-m/fpv4-sp/hard/libgcc.a(unwind-arm.o)
                0x0000000008011a48                _Unwind_GetCFA
                0x0000000008011a4c                __gnu_Unwind_RaiseException
                0x0000000008011aac                __gnu_Unwind_ForcedUnwind
                0x0000000008011ac0                __gnu_Unwind_Resume
                0x0000000008011b04                __gnu_Unwind_Resume_or_Rethrow
                0x0000000008011b14                _Unwind_Complete
                0x0000000008011b18                _Unwind_DeleteException
                0x0000000008011b24                _Unwind_VRS_Get
                0x0000000008011b70                _Unwind_VRS_Set
                0x0000000008011bc0                __gnu_Unwind_Backtrace
                0x0000000008011f00                __aeabi_unwind_cpp_pr0
                0x0000000008011f04                __aeabi_unwind_cpp_pr1
                0x0000000008011f08                __aeabi_unwind_cpp_pr2
                0x0000000008011f0c                _Unwind_VRS_Pop
 .text          0x0000000008012154      0x1ac /home/rajula/Academics/Semester10/MR_PE/Cygnus/tools/toolchain/gcc-arm/bin/../lib/gcc/arm-none-eabi/6.3.1/thumb/v7e-m/fpv4-sp/hard/libgcc.a(libunwind.o)
                0x0000000008012154                __restore_core_regs
                0x0000000008012154                restore_core_regs
                0x000000000801216c                __gnu_Unwind_Restore_VFP
                0x0000000008012174                __gnu_Unwind_Save_VFP
                0x000000000801217c                __gnu_Unwind_Restore_VFP_D
                0x0000000008012184                __gnu_Unwind_Save_VFP_D
                0x000000000801218c                __gnu_Unwind_Restore_VFP_D_16_to_31
                0x0000000008012194                __gnu_Unwind_Save_VFP_D_16_to_31
                0x000000000801219c                __gnu_Unwind_Restore_WMMXD
                0x00000000080121e0                __gnu_Unwind_Save_WMMXD
                0x0000000008012224                __gnu_Unwind_Restore_WMMXC
                0x0000000008012238                __gnu_Unwind_Save_WMMXC
                0x000000000801224c                ___Unwind_RaiseException
                0x000000000801224c                _Unwind_RaiseException
                0x0000000008012270                ___Unwind_Resume
                0x0000000008012270                _Unwind_Resume
                0x0000000008012294                _Unwind_Resume_or_Rethrow
                0x0000000008012294                ___Unwind_Resume_or_Rethrow
                0x00000000080122b8                ___Unwind_ForcedUnwind
                0x00000000080122b8                _Unwind_ForcedUnwind
                0x00000000080122dc                _Unwind_Backtrace
                0x00000000080122dc                ___Unwind_Backtrace
 .text          0x0000000008012300      0x380 /home/rajula/Academics/Semester10/MR_PE/Cygnus/tools/toolchain/gcc-arm/bin/../lib/gcc/arm-none-eabi/6.3.1/thumb/v7e-m/fpv4-sp/hard/libgcc.a(pr-support.o)
                0x0000000008012358                __gnu_unwind_execute
                0x0000000008012628                __gnu_unwind_frame
                0x0000000008012650                _Unwind_GetRegionStart
                0x000000000801265c                _Unwind_GetLanguageSpecificData
                0x0000000008012670                _Unwind_GetTextRelBase
                0x0000000008012678                _Unwind_GetDataRelBase
 .text          0x0000000008012680        0x4 /home/rajula/Academics/Semester10/MR_PE/Cygnus/tools/toolchain/gcc-arm/bin/../lib/gcc/arm-none-eabi/6.3.1/thumb/v7e-m/fpv4-sp/hard/libgcc.a(_dvmd_tls.o)
                0x0000000008012680                __aeabi_ldiv0
                0x0000000008012680                __aeabi_idiv0
 .text          0x0000000008012684       0x1c /home/rajula/Academics/Semester10/MR_PE/Cygnus/tools/toolchain/gcc-arm/bin/../lib/gcc/arm-none-eabi/6.3.1/thumb/v7e-m/fpv4-sp/hard/libgcc.a(_ashrdi3.o)
                0x0000000008012684                __ashrdi3
                0x0000000008012684                __aeabi_lasr
 .text          0x00000000080126a0       0xa0 /home/rajula/Academics/Semester10/MR_PE/Cygnus/tools/toolchain/gcc-arm/bin/../lib/gcc/arm-none-eabi/6.3.1/thumb/v7e-m/fpv4-sp/hard/libgcc.a(_arm_truncdfsf2.o)
                0x00000000080126a0                __aeabi_d2f
                0x00000000080126a0                __truncdfsf2
 .text          0x0000000008012740       0xa0 /home/rajula/Academics/Semester10/MR_PE/Cygnus/tools/toolchain/gcc-arm/bin/../lib/gcc/arm-none-eabi/6.3.1/thumb/v7e-m/fpv4-sp/hard/libgcc.a(_aeabi_ldivmod.o)
                0x0000000008012740                __aeabi_ldivmod
 .text          0x00000000080127e0       0x24 /home/rajula/Academics/Semester10/MR_PE/Cygnus/tools/toolchain/gcc-arm/bin/../lib/gcc/arm-none-eabi/6.3.1/thumb/v7e-m/fpv4-sp/hard/libgcc.a(_fixsfdi.o)
                0x00000000080127e0                __aeabi_f2lz
                0x00000000080127e0                __fixsfdi
 .text          0x0000000008012804       0x4c /home/rajula/Academics/Semester10/MR_PE/Cygnus/tools/toolchain/gcc-arm/bin/../lib/gcc/arm-none-eabi/6.3.1/thumb/v7e-m/fpv4-sp/hard/libgcc.a(_fixunssfdi.o)
                0x0000000008012804                __aeabi_f2ulz
                0x0000000008012804                __fixunssfdi
 .text          0x0000000008012850       0x40 /home/rajula/Academics/Semester10/MR_PE/Cygnus/tools/toolchain/gcc-arm/bin/../lib/gcc/arm-none-eabi/6.3.1/thumb/v7e-m/fpv4-sp/hard/libgcc.a(_arm_fixunsdfsi.o)
                0x0000000008012850                __fixunsdfsi
                0x0000000008012850                __aeabi_d2uiz
 *(.text*)
 .text.startup  0x0000000008012890     0x222c /tmp/cc3IDGvV.ltrans0.ltrans.o
                0x0000000008012890                main
 .text.startup  0x0000000008014abc       0x14 /tmp/cc3IDGvV.ltrans8.ltrans.o
 .text.Reset_Handler
                0x0000000008014ad0       0x68 ./libs/libpluto_0.2.a(startup_stm32f30x_md_gcc.o)
                0x0000000008014ad0                Reset_Handler
 .text.Default_Handler
                0x0000000008014b38        0x2 ./libs/libpluto_0.2.a(startup_stm32f30x_md_gcc.o)
                0x0000000008014b38                RTC_Alarm_IRQHandler
                0x0000000008014b38                TIM8_TRG_COM_IRQHandler
                0x0000000008014b38                TIM8_CC_IRQHandler
                0x0000000008014b38                DebugMon_Handler
                0x0000000008014b38                TIM1_CC_IRQHandler
                0x0000000008014b38                HardFault_Handler
                0x0000000008014b38                USB_HP_IRQHandler
                0x0000000008014b38                PVD_IRQHandler
                0x0000000008014b38                PendSV_Handler
                0x0000000008014b38                NMI_Handler
                0x0000000008014b38                EXTI0_IRQHandler
                0x0000000008014b38                I2C2_EV_IRQHandler
                0x0000000008014b38                FPU_IRQHandler
                0x0000000008014b38                EXTI2_TS_IRQHandler
                0x0000000008014b38                TIM1_UP_TIM16_IRQHandler
                0x0000000008014b38                UsageFault_Handler
                0x0000000008014b38                ADC1_2_IRQHandler
                0x0000000008014b38                SPI1_IRQHandler
                0x0000000008014b38                TIM6_DAC_IRQHandler
                0x0000000008014b38                TIM8_UP_IRQHandler
                0x0000000008014b38                DMA2_Channel2_IRQHandler
                0x0000000008014b38                USART3_IRQHandler
                0x0000000008014b38                DMA1_Channel7_IRQHandler
                0x0000000008014b38                CAN1_RX1_IRQHandler
                0x0000000008014b38                UART5_IRQHandler
                0x0000000008014b38                ADC3_IRQHandler
                0x0000000008014b38                TIM4_IRQHandler
                0x0000000008014b38                DMA2_Channel1_IRQHandler
                0x0000000008014b38                I2C1_EV_IRQHandler
                0x0000000008014b38                DMA1_Channel6_IRQHandler
                0x0000000008014b38                UART4_IRQHandler
                0x0000000008014b38                DMA2_Channel4_IRQHandler
                0x0000000008014b38                TIM3_IRQHandler
                0x0000000008014b38                RCC_IRQHandler
                0x0000000008014b38                DMA1_Channel1_IRQHandler
                0x0000000008014b38                Default_Handler
                0x0000000008014b38                USBWakeUp_RMP_IRQHandler
                0x0000000008014b38                TIM7_IRQHandler
                0x0000000008014b38                EXTI9_5_IRQHandler
                0x0000000008014b38                TAMPER_STAMP_IRQHandler
                0x0000000008014b38                RTC_WKUP_IRQHandler
                0x0000000008014b38                SPI2_IRQHandler
                0x0000000008014b38                MemManage_Handler
                0x0000000008014b38                SVC_Handler
                0x0000000008014b38                DMA2_Channel5_IRQHandler
                0x0000000008014b38                DMA1_Channel5_IRQHandler
                0x0000000008014b38                USB_LP_IRQHandler
                0x0000000008014b38                EXTI4_IRQHandler
                0x0000000008014b38                USB_LP_CAN1_RX0_IRQHandler
                0x0000000008014b38                TIM1_TRG_COM_TIM17_IRQHandler
                0x0000000008014b38                USB_HP_CAN1_TX_IRQHandler
                0x0000000008014b38                DMA1_Channel3_IRQHandler
                0x0000000008014b38                ADC4_IRQHandler
                0x0000000008014b38                WWDG_IRQHandler
                0x0000000008014b38                TIM2_IRQHandler
                0x0000000008014b38                COMP7_IRQHandler
                0x0000000008014b38                COMP1_2_3_IRQHandler
                0x0000000008014b38                EXTI1_IRQHandler
                0x0000000008014b38                COMP4_5_6_IRQHandler
                0x0000000008014b38                I2C2_ER_IRQHandler
                0x0000000008014b38                DMA1_Channel2_IRQHandler
                0x0000000008014b38                TIM8_BRK_IRQHandler
                0x0000000008014b38                CAN1_SCE_IRQHandler
                0x0000000008014b38                FLASH_IRQHandler
                0x0000000008014b38                BusFault_Handler
                0x0000000008014b38                SPI3_IRQHandler
                0x0000000008014b38                I2C1_ER_IRQHandler
                0x0000000008014b38                USBWakeUp_IRQHandler
                0x0000000008014b38                DMA2_Channel3_IRQHandler
                0x0000000008014b38                TIM1_BRK_TIM15_IRQHandler
 *fill*         0x0000000008014b3a        0x2 
 .text._ZN12_GLOBAL__N_14pool4freeEPv.constprop.4
                0x0000000008014b3c       0x74 /home/rajula/Academics/Semester10/MR_PE/Cygnus/tools/toolchain/gcc-arm/bin/../lib/gcc/arm-none-eabi/6.3.1/../../../../arm-none-eabi/lib/thumb/v7e-m/fpv4-sp/hard/libstdc++.a(eh_alloc.o)
 .text._ZN12_GLOBAL__N_14pool8allocateEj.constprop.5
                0x0000000008014bb0       0x68 /home/rajula/Academics/Semester10/MR_PE/Cygnus/tools/toolchain/gcc-arm/bin/../lib/gcc/arm-none-eabi/6.3.1/../../../../arm-none-eabi/lib/thumb/v7e-m/fpv4-sp/hard/libstdc++.a(eh_alloc.o)
 .text.__cxa_allocate_exception
                0x0000000008014c18       0x30 /home/rajula/Academics/Semester10/MR_PE/Cygnus/tools/toolchain/gcc-arm/bin/../lib/gcc/arm-none-eabi/6.3.1/../../../../arm-none-eabi/lib/thumb/v7e-m/fpv4-sp/hard/libstdc++.a(eh_alloc.o)
                0x0000000008014c18                __cxa_allocate_exception
 .text.__cxa_free_exception
                0x0000000008014c48       0x20 /home/rajula/Academics/Semester10/MR_PE/Cygnus/tools/toolchain/gcc-arm/bin/../lib/gcc/arm-none-eabi/6.3.1/../../../../arm-none-eabi/lib/thumb/v7e-m/fpv4-sp/hard/libstdc++.a(eh_alloc.o)
                0x0000000008014c48                __cxa_free_exception
 .text.startup._GLOBAL__sub_I__ZN9__gnu_cxx9__freeresEv
                0x0000000008014c68       0x28 /home/rajula/Academics/Semester10/MR_PE/Cygnus/tools/toolchain/gcc-arm/bin/../lib/gcc/arm-none-eabi/6.3.1/../../../../arm-none-eabi/lib/thumb/v7e-m/fpv4-sp/hard/libstdc++.a(eh_alloc.o)
 .text._ZL23__gxx_exception_cleanup19_Unwind_Reason_CodeP21_Unwind_Control_Block
                0x0000000008014c90       0x44 /home/rajula/Academics/Semester10/MR_PE/Cygnus/tools/toolchain/gcc-arm/bin/../lib/gcc/arm-none-eabi/6.3.1/../../../../arm-none-eabi/lib/thumb/v7e-m/fpv4-sp/hard/libstdc++.a(eh_throw.o)
 .text.__cxa_throw
                0x0000000008014cd4       0x7c /home/rajula/Academics/Semester10/MR_PE/Cygnus/tools/toolchain/gcc-arm/bin/../lib/gcc/arm-none-eabi/6.3.1/../../../../arm-none-eabi/lib/thumb/v7e-m/fpv4-sp/hard/libstdc++.a(eh_throw.o)
                0x0000000008014cd4                __cxa_throw
 .text.__cxa_rethrow
                0x0000000008014d50       0x70 /home/rajula/Academics/Semester10/MR_PE/Cygnus/tools/toolchain/gcc-arm/bin/../lib/gcc/arm-none-eabi/6.3.1/../../../../arm-none-eabi/lib/thumb/v7e-m/fpv4-sp/hard/libstdc++.a(eh_throw.o)
                0x0000000008014d50                __cxa_rethrow
 .text.__cxa_begin_catch
                0x0000000008014dc0       0x7c /home/rajula/Academics/Semester10/MR_PE/Cygnus/tools/toolchain/gcc-arm/bin/../lib/gcc/arm-none-eabi/6.3.1/../../../../arm-none-eabi/lib/thumb/v7e-m/fpv4-sp/hard/libstdc++.a(eh_catch.o)
                0x0000000008014dc0                __cxa_begin_catch
 .text.__cxa_end_catch
                0x0000000008014e3c       0x8c /home/rajula/Academics/Semester10/MR_PE/Cygnus/tools/toolchain/gcc-arm/bin/../lib/gcc/arm-none-eabi/6.3.1/../../../../arm-none-eabi/lib/thumb/v7e-m/fpv4-sp/hard/libstdc++.a(eh_catch.o)
                0x0000000008014e3c                __cxa_end_catch
 .text._ZN10__cxxabiv120__si_class_type_infoD2Ev
                0x0000000008014ec8       0x14 /home/rajula/Academics/Semester10/MR_PE/Cygnus/tools/toolchain/gcc-arm/bin/../lib/gcc/arm-none-eabi/6.3.1/../../../../arm-none-eabi/lib/thumb/v7e-m/fpv4-sp/hard/libstdc++.a(si_class_type_info.o)
                0x0000000008014ec8                __cxxabiv1::__si_class_type_info::~__si_class_type_info()
                0x0000000008014ec8                __cxxabiv1::__si_class_type_info::~__si_class_type_info()
 .text._ZN10__cxxabiv120__si_class_type_infoD0Ev
                0x0000000008014edc       0x1c /home/rajula/Academics/Semester10/MR_PE/Cygnus/tools/toolchain/gcc-arm/bin/../lib/gcc/arm-none-eabi/6.3.1/../../../../arm-none-eabi/lib/thumb/v7e-m/fpv4-sp/hard/libstdc++.a(si_class_type_info.o)
                0x0000000008014edc                __cxxabiv1::__si_class_type_info::~__si_class_type_info()
 .text._ZNK10__cxxabiv120__si_class_type_info20__do_find_public_srcEiPKvPKNS_17__class_type_infoES2_
                0x0000000008014ef8       0x3c /home/rajula/Academics/Semester10/MR_PE/Cygnus/tools/toolchain/gcc-arm/bin/../lib/gcc/arm-none-eabi/6.3.1/../../../../arm-none-eabi/lib/thumb/v7e-m/fpv4-sp/hard/libstdc++.a(si_class_type_info.o)
                0x0000000008014ef8                __cxxabiv1::__si_class_type_info::__do_find_public_src(int, void const*, __cxxabiv1::__class_type_info const*, void const*) const
 .text._ZNK10__cxxabiv120__si_class_type_info12__do_dyncastEiNS_17__class_type_info10__sub_kindEPKS1_PKvS4_S6_RNS1_16__dyncast_resultE
                0x0000000008014f34       0x90 /home/rajula/Academics/Semester10/MR_PE/Cygnus/tools/toolchain/gcc-arm/bin/../lib/gcc/arm-none-eabi/6.3.1/../../../../arm-none-eabi/lib/thumb/v7e-m/fpv4-sp/hard/libstdc++.a(si_class_type_info.o)
                0x0000000008014f34                __cxxabiv1::__si_class_type_info::__do_dyncast(int, __cxxabiv1::__class_type_info::__sub_kind, __cxxabiv1::__class_type_info const*, void const*, __cxxabiv1::__class_type_info const*, void const*, __cxxabiv1::__class_type_info::__dyncast_result&) const
 .text._ZNK10__cxxabiv120__si_class_type_info11__do_upcastEPKNS_17__class_type_infoEPKvRNS1_15__upcast_resultE
                0x0000000008014fc4       0x2c /home/rajula/Academics/Semester10/MR_PE/Cygnus/tools/toolchain/gcc-arm/bin/../lib/gcc/arm-none-eabi/6.3.1/../../../../arm-none-eabi/lib/thumb/v7e-m/fpv4-sp/hard/libstdc++.a(si_class_type_info.o)
                0x0000000008014fc4                __cxxabiv1::__si_class_type_info::__do_upcast(__cxxabiv1::__class_type_info const*, void const*, __cxxabiv1::__class_type_info::__upcast_result&) const
 .text._ZdlPvj  0x0000000008014ff0        0x4 /home/rajula/Academics/Semester10/MR_PE/Cygnus/tools/toolchain/gcc-arm/bin/../lib/gcc/arm-none-eabi/6.3.1/../../../../arm-none-eabi/lib/thumb/v7e-m/fpv4-sp/hard/libstdc++.a(del_ops.o)
                0x0000000008014ff0                operator delete(void*, unsigned int)
 .text._ZL28read_encoded_value_with_basehjPKhPj
                0x0000000008014ff4       0xc0 /home/rajula/Academics/Semester10/MR_PE/Cygnus/tools/toolchain/gcc-arm/bin/../lib/gcc/arm-none-eabi/6.3.1/../../../../arm-none-eabi/lib/thumb/v7e-m/fpv4-sp/hard/libstdc++.a(eh_personality.o)
 .text._ZL21base_of_encoded_valuehP15_Unwind_Context
                0x00000000080150b4       0x40 /home/rajula/Academics/Semester10/MR_PE/Cygnus/tools/toolchain/gcc-arm/bin/../lib/gcc/arm-none-eabi/6.3.1/../../../../arm-none-eabi/lib/thumb/v7e-m/fpv4-sp/hard/libstdc++.a(eh_personality.o)
 .text._ZL17parse_lsda_headerP15_Unwind_ContextPKhP16lsda_header_info
                0x00000000080150f4       0x98 /home/rajula/Academics/Semester10/MR_PE/Cygnus/tools/toolchain/gcc-arm/bin/../lib/gcc/arm-none-eabi/6.3.1/../../../../arm-none-eabi/lib/thumb/v7e-m/fpv4-sp/hard/libstdc++.a(eh_personality.o)
 .text.__gxx_personality_v0
                0x000000000801518c      0x4b8 /home/rajula/Academics/Semester10/MR_PE/Cygnus/tools/toolchain/gcc-arm/bin/../lib/gcc/arm-none-eabi/6.3.1/../../../../arm-none-eabi/lib/thumb/v7e-m/fpv4-sp/hard/libstdc++.a(eh_personality.o)
                0x000000000801518c                __gxx_personality_v0
 .text._ZN10__cxxabiv111__terminateEPFvvE
                0x0000000008015644       0x28 /home/rajula/Academics/Semester10/MR_PE/Cygnus/tools/toolchain/gcc-arm/bin/../lib/gcc/arm-none-eabi/6.3.1/../../../../arm-none-eabi/lib/thumb/v7e-m/fpv4-sp/hard/libstdc++.a(eh_terminate.o)
                0x0000000008015644                __cxxabiv1::__terminate(void (*)())
 .text._ZSt9terminatev
                0x000000000801566c       0x14 /home/rajula/Academics/Semester10/MR_PE/Cygnus/tools/toolchain/gcc-arm/bin/../lib/gcc/arm-none-eabi/6.3.1/../../../../arm-none-eabi/lib/thumb/v7e-m/fpv4-sp/hard/libstdc++.a(eh_terminate.o)
                0x000000000801566c                std::terminate()
 .text._ZN10__cxxabiv112__unexpectedEPFvvE
                0x0000000008015680        0x8 /home/rajula/Academics/Semester10/MR_PE/Cygnus/tools/toolchain/gcc-arm/bin/../lib/gcc/arm-none-eabi/6.3.1/../../../../arm-none-eabi/lib/thumb/v7e-m/fpv4-sp/hard/libstdc++.a(eh_terminate.o)
                0x0000000008015680                __cxxabiv1::__unexpected(void (*)())
 .text._ZSt10unexpectedv
                0x0000000008015688       0x14 /home/rajula/Academics/Semester10/MR_PE/Cygnus/tools/toolchain/gcc-arm/bin/../lib/gcc/arm-none-eabi/6.3.1/../../../../arm-none-eabi/lib/thumb/v7e-m/fpv4-sp/hard/libstdc++.a(eh_terminate.o)
                0x0000000008015688                std::unexpected()
 .text._ZSt13get_terminatev
                0x000000000801569c       0x10 /home/rajula/Academics/Semester10/MR_PE/Cygnus/tools/toolchain/gcc-arm/bin/../lib/gcc/arm-none-eabi/6.3.1/../../../../arm-none-eabi/lib/thumb/v7e-m/fpv4-sp/hard/libstdc++.a(eh_terminate.o)
                0x000000000801569c                std::get_terminate()
 .text._ZSt14get_unexpectedv
                0x00000000080156ac       0x10 /home/rajula/Academics/Semester10/MR_PE/Cygnus/tools/toolchain/gcc-arm/bin/../lib/gcc/arm-none-eabi/6.3.1/../../../../arm-none-eabi/lib/thumb/v7e-m/fpv4-sp/hard/libstdc++.a(eh_terminate.o)
                0x00000000080156ac                std::get_unexpected()
 .text._ZdlPv   0x00000000080156bc        0x4 /home/rajula/Academics/Semester10/MR_PE/Cygnus/tools/toolchain/gcc-arm/bin/../lib/gcc/arm-none-eabi/6.3.1/../../../../arm-none-eabi/lib/thumb/v7e-m/fpv4-sp/hard/libstdc++.a(del_op.o)
                0x00000000080156bc                operator delete(void*)
 .text._ZNSt9type_infoD2Ev
                0x00000000080156c0        0x4 /home/rajula/Academics/Semester10/MR_PE/Cygnus/tools/toolchain/gcc-arm/bin/../lib/gcc/arm-none-eabi/6.3.1/../../../../arm-none-eabi/lib/thumb/v7e-m/fpv4-sp/hard/libstdc++.a(tinfo.o)
                0x00000000080156c0                std::type_info::~type_info()
                0x00000000080156c0                std::type_info::~type_info()
 .text._ZNKSt9type_info15__is_function_pEv
                0x00000000080156c4        0x4 /home/rajula/Academics/Semester10/MR_PE/Cygnus/tools/toolchain/gcc-arm/bin/../lib/gcc/arm-none-eabi/6.3.1/../../../../arm-none-eabi/lib/thumb/v7e-m/fpv4-sp/hard/libstdc++.a(tinfo.o)
                0x00000000080156c4                std::type_info::__is_function_p() const
                0x00000000080156c4                std::type_info::__is_pointer_p() const
 .text._ZNKSt9type_infoeqERKS_
                0x00000000080156c8       0x2c /home/rajula/Academics/Semester10/MR_PE/Cygnus/tools/toolchain/gcc-arm/bin/../lib/gcc/arm-none-eabi/6.3.1/../../../../arm-none-eabi/lib/thumb/v7e-m/fpv4-sp/hard/libstdc++.a(tinfo.o)
                0x00000000080156c8                std::type_info::operator==(std::type_info const&) const
 .text._ZNK10__cxxabiv117__class_type_info11__do_upcastEPKS0_PPv
                0x00000000080156f4       0x38 /home/rajula/Academics/Semester10/MR_PE/Cygnus/tools/toolchain/gcc-arm/bin/../lib/gcc/arm-none-eabi/6.3.1/../../../../arm-none-eabi/lib/thumb/v7e-m/fpv4-sp/hard/libstdc++.a(class_type_info.o)
                0x00000000080156f4                __cxxabiv1::__class_type_info::__do_upcast(__cxxabiv1::__class_type_info const*, void**) const
 .text._ZNK10__cxxabiv117__class_type_info20__do_find_public_srcEiPKvPKS0_S2_
                0x000000000801572c        0xc /home/rajula/Academics/Semester10/MR_PE/Cygnus/tools/toolchain/gcc-arm/bin/../lib/gcc/arm-none-eabi/6.3.1/../../../../arm-none-eabi/lib/thumb/v7e-m/fpv4-sp/hard/libstdc++.a(class_type_info.o)
                0x000000000801572c                __cxxabiv1::__class_type_info::__do_find_public_src(int, void const*, __cxxabiv1::__class_type_info const*, void const*) const
 .text._ZN10__cxxabiv117__class_type_infoD2Ev
                0x0000000008015738       0x14 /home/rajula/Academics/Semester10/MR_PE/Cygnus/tools/toolchain/gcc-arm/bin/../lib/gcc/arm-none-eabi/6.3.1/../../../../arm-none-eabi/lib/thumb/v7e-m/fpv4-sp/hard/libstdc++.a(class_type_info.o)
                0x0000000008015738                __cxxabiv1::__class_type_info::~__class_type_info()
                0x0000000008015738                __cxxabiv1::__class_type_info::~__class_type_info()
 .text._ZN10__cxxabiv117__class_type_infoD0Ev
                0x000000000801574c       0x1c /home/rajula/Academics/Semester10/MR_PE/Cygnus/tools/toolchain/gcc-arm/bin/../lib/gcc/arm-none-eabi/6.3.1/../../../../arm-none-eabi/lib/thumb/v7e-m/fpv4-sp/hard/libstdc++.a(class_type_info.o)
                0x000000000801574c                __cxxabiv1::__class_type_info::~__class_type_info()
 .text._ZNK10__cxxabiv117__class_type_info11__do_upcastEPKS0_PKvRNS0_15__upcast_resultE
                0x0000000008015768       0x18 /home/rajula/Academics/Semester10/MR_PE/Cygnus/tools/toolchain/gcc-arm/bin/../lib/gcc/arm-none-eabi/6.3.1/../../../../arm-none-eabi/lib/thumb/v7e-m/fpv4-sp/hard/libstdc++.a(class_type_info.o)
                0x0000000008015768                __cxxabiv1::__class_type_info::__do_upcast(__cxxabiv1::__class_type_info const*, void const*, __cxxabiv1::__class_type_info::__upcast_result&) const
 .text._ZNK10__cxxabiv117__class_type_info10__do_catchEPKSt9type_infoPPvj
                0x0000000008015780       0x2c /home/rajula/Academics/Semester10/MR_PE/Cygnus/tools/toolchain/gcc-arm/bin/../lib/gcc/arm-none-eabi/6.3.1/../../../../arm-none-eabi/lib/thumb/v7e-m/fpv4-sp/hard/libstdc++.a(class_type_info.o)
                0x0000000008015780                __cxxabiv1::__class_type_info::__do_catch(std::type_info const*, void**, unsigned int) const
 .text._ZNK10__cxxabiv117__class_type_info12__do_dyncastEiNS0_10__sub_kindEPKS0_PKvS3_S5_RNS0_16__dyncast_resultE
                0x00000000080157ac       0x40 /home/rajula/Academics/Semester10/MR_PE/Cygnus/tools/toolchain/gcc-arm/bin/../lib/gcc/arm-none-eabi/6.3.1/../../../../arm-none-eabi/lib/thumb/v7e-m/fpv4-sp/hard/libstdc++.a(class_type_info.o)
                0x00000000080157ac                __cxxabiv1::__class_type_info::__do_dyncast(int, __cxxabiv1::__class_type_info::__sub_kind, __cxxabiv1::__class_type_info const*, void const*, __cxxabiv1::__class_type_info const*, void const*, __cxxabiv1::__class_type_info::__dyncast_result&) const
 .text.__cxa_end_cleanup
                0x00000000080157ec        0xc /home/rajula/Academics/Semester10/MR_PE/Cygnus/tools/toolchain/gcc-arm/bin/../lib/gcc/arm-none-eabi/6.3.1/../../../../arm-none-eabi/lib/thumb/v7e-m/fpv4-sp/hard/libstdc++.a(eh_arm.o)
                0x00000000080157ec                __cxa_end_cleanup
 .text.__cxa_type_match
                0x00000000080157f8       0xb8 /home/rajula/Academics/Semester10/MR_PE/Cygnus/tools/toolchain/gcc-arm/bin/../lib/gcc/arm-none-eabi/6.3.1/../../../../arm-none-eabi/lib/thumb/v7e-m/fpv4-sp/hard/libstdc++.a(eh_arm.o)
                0x00000000080157f8                __cxa_type_match
 .text.__cxa_begin_cleanup
                0x00000000080158b0       0x64 /home/rajula/Academics/Semester10/MR_PE/Cygnus/tools/toolchain/gcc-arm/bin/../lib/gcc/arm-none-eabi/6.3.1/../../../../arm-none-eabi/lib/thumb/v7e-m/fpv4-sp/hard/libstdc++.a(eh_arm.o)
                0x00000000080158b0                __cxa_begin_cleanup
 .text.__gnu_end_cleanup
                0x0000000008015914       0x70 /home/rajula/Academics/Semester10/MR_PE/Cygnus/tools/toolchain/gcc-arm/bin/../lib/gcc/arm-none-eabi/6.3.1/../../../../arm-none-eabi/lib/thumb/v7e-m/fpv4-sp/hard/libstdc++.a(eh_arm.o)
                0x0000000008015914                __gnu_end_cleanup
 .text.__cxa_get_globals_fast
                0x0000000008015984        0x8 /home/rajula/Academics/Semester10/MR_PE/Cygnus/tools/toolchain/gcc-arm/bin/../lib/gcc/arm-none-eabi/6.3.1/../../../../arm-none-eabi/lib/thumb/v7e-m/fpv4-sp/hard/libstdc++.a(eh_globals.o)
                0x0000000008015984                __cxa_get_globals_fast
 .text.__cxa_get_globals
                0x000000000801598c        0x8 /home/rajula/Academics/Semester10/MR_PE/Cygnus/tools/toolchain/gcc-arm/bin/../lib/gcc/arm-none-eabi/6.3.1/../../../../arm-none-eabi/lib/thumb/v7e-m/fpv4-sp/hard/libstdc++.a(eh_globals.o)
                0x000000000801598c                __cxa_get_globals
 .text._ZNSt13bad_exceptionD2Ev
                0x0000000008015994        0x4 /home/rajula/Academics/Semester10/MR_PE/Cygnus/tools/toolchain/gcc-arm/bin/../lib/gcc/arm-none-eabi/6.3.1/../../../../arm-none-eabi/lib/thumb/v7e-m/fpv4-sp/hard/libstdc++.a(eh_exception.o)
                0x0000000008015994                std::bad_exception::~bad_exception()
                0x0000000008015994                std::bad_exception::~bad_exception()
 .text._ZGTtNKSt13bad_exception4whatEv
                0x0000000008015998        0x8 /home/rajula/Academics/Semester10/MR_PE/Cygnus/tools/toolchain/gcc-arm/bin/../lib/gcc/arm-none-eabi/6.3.1/../../../../arm-none-eabi/lib/thumb/v7e-m/fpv4-sp/hard/libstdc++.a(eh_exception.o)
                0x0000000008015998                transaction clone for std::bad_exception::what() const
                0x0000000008015998                std::bad_exception::what() const
 .text._ZNSt13bad_exceptionD0Ev
                0x00000000080159a0       0x10 /home/rajula/Academics/Semester10/MR_PE/Cygnus/tools/toolchain/gcc-arm/bin/../lib/gcc/arm-none-eabi/6.3.1/../../../../arm-none-eabi/lib/thumb/v7e-m/fpv4-sp/hard/libstdc++.a(eh_exception.o)
                0x00000000080159a0                std::bad_exception::~bad_exception()
 .text._ZN10__cxxabiv1L24__is_gxx_exception_classEPc
                0x00000000080159b0       0x3c /home/rajula/Academics/Semester10/MR_PE/Cygnus/tools/toolchain/gcc-arm/bin/../lib/gcc/arm-none-eabi/6.3.1/../../../../arm-none-eabi/lib/thumb/v7e-m/fpv4-sp/hard/libstdc++.a(eh_call.o)
 .text.__cxa_call_terminate
                0x00000000080159ec       0x20 /home/rajula/Academics/Semester10/MR_PE/Cygnus/tools/toolchain/gcc-arm/bin/../lib/gcc/arm-none-eabi/6.3.1/../../../../arm-none-eabi/lib/thumb/v7e-m/fpv4-sp/hard/libstdc++.a(eh_call.o)
                0x00000000080159ec                __cxa_call_terminate
 .text.__cxa_call_unexpected
                0x0000000008015a0c       0xe0 /home/rajula/Academics/Semester10/MR_PE/Cygnus/tools/toolchain/gcc-arm/bin/../lib/gcc/arm-none-eabi/6.3.1/../../../../arm-none-eabi/lib/thumb/v7e-m/fpv4-sp/hard/libstdc++.a(eh_call.o)
                0x0000000008015a0c                __cxa_call_unexpected
 .text._ZN9__gnu_cxx27__verbose_terminate_handlerEv
                0x0000000008015aec      0x110 /home/rajula/Academics/Semester10/MR_PE/Cygnus/tools/toolchain/gcc-arm/bin/../lib/gcc/arm-none-eabi/6.3.1/../../../../arm-none-eabi/lib/thumb/v7e-m/fpv4-sp/hard/libstdc++.a(vterminate.o)
                0x0000000008015aec                __gnu_cxx::__verbose_terminate_handler()
 .text.__cxa_current_exception_type
                0x0000000008015bfc       0x1c /home/rajula/Academics/Semester10/MR_PE/Cygnus/tools/toolchain/gcc-arm/bin/../lib/gcc/arm-none-eabi/6.3.1/../../../../arm-none-eabi/lib/thumb/v7e-m/fpv4-sp/hard/libstdc++.a(eh_type.o)
                0x0000000008015bfc                __cxa_current_exception_type
 .text.abort    0x0000000008015c18       0x10 /home/rajula/Academics/Semester10/MR_PE/Cygnus/tools/toolchain/gcc-arm/bin/../lib/gcc/arm-none-eabi/6.3.1/../../../../arm-none-eabi/lib/thumb/v7e-m/fpv4-sp/hard/libc.a(lib_a-abort.o)
                0x0000000008015c18                abort
 .text.fputc    0x0000000008015c28       0x58 /home/rajula/Academics/Semester10/MR_PE/Cygnus/tools/toolchain/gcc-arm/bin/../lib/gcc/arm-none-eabi/6.3.1/../../../../arm-none-eabi/lib/thumb/v7e-m/fpv4-sp/hard/libc.a(lib_a-fputc.o)
                0x0000000008015c28                fputc
 .text._fputs_r
                0x0000000008015c80       0x88 /home/rajula/Academics/Semester10/MR_PE/Cygnus/tools/toolchain/gcc-arm/bin/../lib/gcc/arm-none-eabi/6.3.1/../../../../arm-none-eabi/lib/thumb/v7e-m/fpv4-sp/hard/libc.a(lib_a-fputs.o)
                0x0000000008015c80                _fputs_r
 .text.fputs    0x0000000008015d08       0x10 /home/rajula/Academics/Semester10/MR_PE/Cygnus/tools/toolchain/gcc-arm/bin/../lib/gcc/arm-none-eabi/6.3.1/../../../../arm-none-eabi/lib/thumb/v7e-m/fpv4-sp/hard/libc.a(lib_a-fputs.o)
                0x0000000008015d08                fputs
 .text.__sfvwrite_r
                0x0000000008015d18      0x2f0 /home/rajula/Academics/Semester10/MR_PE/Cygnus/tools/toolchain/gcc-arm/bin/../lib/gcc/arm-none-eabi/6.3.1/../../../../arm-none-eabi/lib/thumb/v7e-m/fpv4-sp/hard/libc.a(lib_a-fvwrite.o)
                0x0000000008015d18                __sfvwrite_r
 .text._fwrite_r
                0x0000000008016008       0xac /home/rajula/Academics/Semester10/MR_PE/Cygnus/tools/toolchain/gcc-arm/bin/../lib/gcc/arm-none-eabi/6.3.1/../../../../arm-none-eabi/lib/thumb/v7e-m/fpv4-sp/hard/libc.a(lib_a-fwrite.o)
                0x0000000008016008                _fwrite_r
 .text.fwrite   0x00000000080160b4       0x20 /home/rajula/Academics/Semester10/MR_PE/Cygnus/tools/toolchain/gcc-arm/bin/../lib/gcc/arm-none-eabi/6.3.1/../../../../arm-none-eabi/lib/thumb/v7e-m/fpv4-sp/hard/libc.a(lib_a-fwrite.o)
                0x00000000080160b4                fwrite
 .text.__retarget_lock_init_recursive
                0x00000000080160d4        0x4 /home/rajula/Academics/Semester10/MR_PE/Cygnus/tools/toolchain/gcc-arm/bin/../lib/gcc/arm-none-eabi/6.3.1/../../../../arm-none-eabi/lib/thumb/v7e-m/fpv4-sp/hard/libc.a(lib_a-lock.o)
                0x00000000080160d4                __retarget_lock_init_recursive
 .text.__retarget_lock_close_recursive
                0x00000000080160d8        0x4 /home/rajula/Academics/Semester10/MR_PE/Cygnus/tools/toolchain/gcc-arm/bin/../lib/gcc/arm-none-eabi/6.3.1/../../../../arm-none-eabi/lib/thumb/v7e-m/fpv4-sp/hard/libc.a(lib_a-lock.o)
                0x00000000080160d8                __retarget_lock_close_recursive
 .text.__retarget_lock_acquire_recursive
                0x00000000080160dc        0x4 /home/rajula/Academics/Semester10/MR_PE/Cygnus/tools/toolchain/gcc-arm/bin/../lib/gcc/arm-none-eabi/6.3.1/../../../../arm-none-eabi/lib/thumb/v7e-m/fpv4-sp/hard/libc.a(lib_a-lock.o)
                0x00000000080160dc                __retarget_lock_acquire_recursive
 .text.__retarget_lock_release_recursive
                0x00000000080160e0        0x4 /home/rajula/Academics/Semester10/MR_PE/Cygnus/tools/toolchain/gcc-arm/bin/../lib/gcc/arm-none-eabi/6.3.1/../../../../arm-none-eabi/lib/thumb/v7e-m/fpv4-sp/hard/libc.a(lib_a-lock.o)
                0x00000000080160e0                __retarget_lock_release_recursive
 .text.malloc   0x00000000080160e4       0x10 /home/rajula/Academics/Semester10/MR_PE/Cygnus/tools/toolchain/gcc-arm/bin/../lib/gcc/arm-none-eabi/6.3.1/../../../../arm-none-eabi/lib/thumb/v7e-m/fpv4-sp/hard/libc.a(lib_a-malloc.o)
                0x00000000080160e4                malloc
 .text.free     0x00000000080160f4       0x10 /home/rajula/Academics/Semester10/MR_PE/Cygnus/tools/toolchain/gcc-arm/bin/../lib/gcc/arm-none-eabi/6.3.1/../../../../arm-none-eabi/lib/thumb/v7e-m/fpv4-sp/hard/libc.a(lib_a-malloc.o)
                0x00000000080160f4                free
 .text._malloc_r
                0x0000000008016104      0x560 /home/rajula/Academics/Semester10/MR_PE/Cygnus/tools/toolchain/gcc-arm/bin/../lib/gcc/arm-none-eabi/6.3.1/../../../../arm-none-eabi/lib/thumb/v7e-m/fpv4-sp/hard/libc.a(lib_a-mallocr.o)
                0x0000000008016104                _malloc_r
 .text.memcmp   0x0000000008016664       0x60 /home/rajula/Academics/Semester10/MR_PE/Cygnus/tools/toolchain/gcc-arm/bin/../lib/gcc/arm-none-eabi/6.3.1/../../../../arm-none-eabi/lib/thumb/v7e-m/fpv4-sp/hard/libc.a(lib_a-memcmp.o)
                0x0000000008016664                memcmp
 .text.memmove  0x00000000080166c4       0xc8 /home/rajula/Academics/Semester10/MR_PE/Cygnus/tools/toolchain/gcc-arm/bin/../lib/gcc/arm-none-eabi/6.3.1/../../../../arm-none-eabi/lib/thumb/v7e-m/fpv4-sp/hard/libc.a(lib_a-memmove.o)
                0x00000000080166c4                memmove
 .text.memset   0x000000000801678c       0x9c /home/rajula/Academics/Semester10/MR_PE/Cygnus/tools/toolchain/gcc-arm/bin/../lib/gcc/arm-none-eabi/6.3.1/../../../../arm-none-eabi/lib/thumb/v7e-m/fpv4-sp/hard/libc.a(lib_a-memset.o)
                0x000000000801678c                memset
 .text.__malloc_lock
                0x0000000008016828        0xc /home/rajula/Academics/Semester10/MR_PE/Cygnus/tools/toolchain/gcc-arm/bin/../lib/gcc/arm-none-eabi/6.3.1/../../../../arm-none-eabi/lib/thumb/v7e-m/fpv4-sp/hard/libc.a(lib_a-mlock.o)
                0x0000000008016828                __malloc_lock
 .text.__malloc_unlock
                0x0000000008016834        0xc /home/rajula/Academics/Semester10/MR_PE/Cygnus/tools/toolchain/gcc-arm/bin/../lib/gcc/arm-none-eabi/6.3.1/../../../../arm-none-eabi/lib/thumb/v7e-m/fpv4-sp/hard/libc.a(lib_a-mlock.o)
                0x0000000008016834                __malloc_unlock
 .text._putc_r  0x0000000008016840       0x70 /home/rajula/Academics/Semester10/MR_PE/Cygnus/tools/toolchain/gcc-arm/bin/../lib/gcc/arm-none-eabi/6.3.1/../../../../arm-none-eabi/lib/thumb/v7e-m/fpv4-sp/hard/libc.a(lib_a-putc.o)
                0x0000000008016840                _putc_r
 .text.realloc  0x00000000080168b0       0x10 /home/rajula/Academics/Semester10/MR_PE/Cygnus/tools/toolchain/gcc-arm/bin/../lib/gcc/arm-none-eabi/6.3.1/../../../../arm-none-eabi/lib/thumb/v7e-m/fpv4-sp/hard/libc.a(lib_a-realloc.o)
                0x00000000080168b0                realloc
 .text._realloc_r
                0x00000000080168c0      0x34c /home/rajula/Academics/Semester10/MR_PE/Cygnus/tools/toolchain/gcc-arm/bin/../lib/gcc/arm-none-eabi/6.3.1/../../../../arm-none-eabi/lib/thumb/v7e-m/fpv4-sp/hard/libc.a(lib_a-reallocr.o)
                0x00000000080168c0                _realloc_r
 .text._sbrk_r  0x0000000008016c0c       0x24 /home/rajula/Academics/Semester10/MR_PE/Cygnus/tools/toolchain/gcc-arm/bin/../lib/gcc/arm-none-eabi/6.3.1/../../../../arm-none-eabi/lib/thumb/v7e-m/fpv4-sp/hard/libc.a(lib_a-sbrkr.o)
                0x0000000008016c0c                _sbrk_r
 .text._raise_r
                0x0000000008016c30       0x60 /home/rajula/Academics/Semester10/MR_PE/Cygnus/tools/toolchain/gcc-arm/bin/../lib/gcc/arm-none-eabi/6.3.1/../../../../arm-none-eabi/lib/thumb/v7e-m/fpv4-sp/hard/libc.a(lib_a-signal.o)
                0x0000000008016c30                _raise_r
 .text.raise    0x0000000008016c90       0x10 /home/rajula/Academics/Semester10/MR_PE/Cygnus/tools/toolchain/gcc-arm/bin/../lib/gcc/arm-none-eabi/6.3.1/../../../../arm-none-eabi/lib/thumb/v7e-m/fpv4-sp/hard/libc.a(lib_a-signal.o)
                0x0000000008016c90                raise
 .text._kill_r  0x0000000008016ca0       0x28 /home/rajula/Academics/Semester10/MR_PE/Cygnus/tools/toolchain/gcc-arm/bin/../lib/gcc/arm-none-eabi/6.3.1/../../../../arm-none-eabi/lib/thumb/v7e-m/fpv4-sp/hard/libc.a(lib_a-signalr.o)
                0x0000000008016ca0                _kill_r
 .text._getpid_r
                0x0000000008016cc8        0x4 /home/rajula/Academics/Semester10/MR_PE/Cygnus/tools/toolchain/gcc-arm/bin/../lib/gcc/arm-none-eabi/6.3.1/../../../../arm-none-eabi/lib/thumb/v7e-m/fpv4-sp/hard/libc.a(lib_a-signalr.o)
                0x0000000008016cc8                _getpid_r
 .text.sprintf  0x0000000008016ccc       0x4c /home/rajula/Academics/Semester10/MR_PE/Cygnus/tools/toolchain/gcc-arm/bin/../lib/gcc/arm-none-eabi/6.3.1/../../../../arm-none-eabi/lib/thumb/v7e-m/fpv4-sp/hard/libc.a(lib_a-sprintf.o)
                0x0000000008016ccc                sprintf
 .text.strncmp  0x0000000008016d18       0xa4 /home/rajula/Academics/Semester10/MR_PE/Cygnus/tools/toolchain/gcc-arm/bin/../lib/gcc/arm-none-eabi/6.3.1/../../../../arm-none-eabi/lib/thumb/v7e-m/fpv4-sp/hard/libc.a(lib_a-strncmp.o)
                0x0000000008016d18                strncmp
 *fill*         0x0000000008016dbc        0x4 
 .text._svfprintf_r
                0x0000000008016dc0     0x1494 /home/rajula/Academics/Semester10/MR_PE/Cygnus/tools/toolchain/gcc-arm/bin/../lib/gcc/arm-none-eabi/6.3.1/../../../../arm-none-eabi/lib/thumb/v7e-m/fpv4-sp/hard/libc.a(lib_a-svfprintf.o)
                0x0000000008016dc0                _svfprintf_r
 .text.__swbuf_r
                0x0000000008018254       0xb0 /home/rajula/Academics/Semester10/MR_PE/Cygnus/tools/toolchain/gcc-arm/bin/../lib/gcc/arm-none-eabi/6.3.1/../../../../arm-none-eabi/lib/thumb/v7e-m/fpv4-sp/hard/libc.a(lib_a-wbuf.o)
                0x0000000008018254                __swbuf_r
 .text._write_r
                0x0000000008018304       0x2c /home/rajula/Academics/Semester10/MR_PE/Cygnus/tools/toolchain/gcc-arm/bin/../lib/gcc/arm-none-eabi/6.3.1/../../../../arm-none-eabi/lib/thumb/v7e-m/fpv4-sp/hard/libc.a(lib_a-writer.o)
                0x0000000008018304                _write_r
 .text.__swsetup_r
                0x0000000008018330       0xc8 /home/rajula/Academics/Semester10/MR_PE/Cygnus/tools/toolchain/gcc-arm/bin/../lib/gcc/arm-none-eabi/6.3.1/../../../../arm-none-eabi/lib/thumb/v7e-m/fpv4-sp/hard/libc.a(lib_a-wsetup.o)
                0x0000000008018330                __swsetup_r
 .text.quorem   0x00000000080183f8      0x128 /home/rajula/Academics/Semester10/MR_PE/Cygnus/tools/toolchain/gcc-arm/bin/../lib/gcc/arm-none-eabi/6.3.1/../../../../arm-none-eabi/lib/thumb/v7e-m/fpv4-sp/hard/libc.a(lib_a-dtoa.o)
 .text._dtoa_r  0x0000000008018520      0xe4c /home/rajula/Academics/Semester10/MR_PE/Cygnus/tools/toolchain/gcc-arm/bin/../lib/gcc/arm-none-eabi/6.3.1/../../../../arm-none-eabi/lib/thumb/v7e-m/fpv4-sp/hard/libc.a(lib_a-dtoa.o)
                0x0000000008018520                _dtoa_r
 .text.__sflush_r
                0x000000000801936c      0x140 /home/rajula/Academics/Semester10/MR_PE/Cygnus/tools/toolchain/gcc-arm/bin/../lib/gcc/arm-none-eabi/6.3.1/../../../../arm-none-eabi/lib/thumb/v7e-m/fpv4-sp/hard/libc.a(lib_a-fflush.o)
                0x000000000801936c                __sflush_r
 .text._fflush_r
                0x00000000080194ac       0x54 /home/rajula/Academics/Semester10/MR_PE/Cygnus/tools/toolchain/gcc-arm/bin/../lib/gcc/arm-none-eabi/6.3.1/../../../../arm-none-eabi/lib/thumb/v7e-m/fpv4-sp/hard/libc.a(lib_a-fflush.o)
                0x00000000080194ac                _fflush_r
 .text._cleanup_r
                0x0000000008019500        0xc /home/rajula/Academics/Semester10/MR_PE/Cygnus/tools/toolchain/gcc-arm/bin/../lib/gcc/arm-none-eabi/6.3.1/../../../../arm-none-eabi/lib/thumb/v7e-m/fpv4-sp/hard/libc.a(lib_a-findfp.o)
                0x0000000008019500                _cleanup_r
 .text.std.isra.0
                0x000000000801950c       0x50 /home/rajula/Academics/Semester10/MR_PE/Cygnus/tools/toolchain/gcc-arm/bin/../lib/gcc/arm-none-eabi/6.3.1/../../../../arm-none-eabi/lib/thumb/v7e-m/fpv4-sp/hard/libc.a(lib_a-findfp.o)
 .text.__sinit  0x000000000801955c       0x58 /home/rajula/Academics/Semester10/MR_PE/Cygnus/tools/toolchain/gcc-arm/bin/../lib/gcc/arm-none-eabi/6.3.1/../../../../arm-none-eabi/lib/thumb/v7e-m/fpv4-sp/hard/libc.a(lib_a-findfp.o)
                0x000000000801955c                __sinit
 .text.__sfp_lock_acquire
                0x00000000080195b4        0xc /home/rajula/Academics/Semester10/MR_PE/Cygnus/tools/toolchain/gcc-arm/bin/../lib/gcc/arm-none-eabi/6.3.1/../../../../arm-none-eabi/lib/thumb/v7e-m/fpv4-sp/hard/libc.a(lib_a-findfp.o)
                0x00000000080195b4                __sfp_lock_acquire
 .text.__sfp_lock_release
                0x00000000080195c0        0xc /home/rajula/Academics/Semester10/MR_PE/Cygnus/tools/toolchain/gcc-arm/bin/../lib/gcc/arm-none-eabi/6.3.1/../../../../arm-none-eabi/lib/thumb/v7e-m/fpv4-sp/hard/libc.a(lib_a-findfp.o)
                0x00000000080195c0                __sfp_lock_release
 .text._malloc_trim_r
                0x00000000080195cc       0xa0 /home/rajula/Academics/Semester10/MR_PE/Cygnus/tools/toolchain/gcc-arm/bin/../lib/gcc/arm-none-eabi/6.3.1/../../../../arm-none-eabi/lib/thumb/v7e-m/fpv4-sp/hard/libc.a(lib_a-freer.o)
                0x00000000080195cc                _malloc_trim_r
 .text._free_r  0x000000000801966c      0x1cc /home/rajula/Academics/Semester10/MR_PE/Cygnus/tools/toolchain/gcc-arm/bin/../lib/gcc/arm-none-eabi/6.3.1/../../../../arm-none-eabi/lib/thumb/v7e-m/fpv4-sp/hard/libc.a(lib_a-freer.o)
                0x000000000801966c                _free_r
 .text._fwalk_reent
                0x0000000008019838       0x54 /home/rajula/Academics/Semester10/MR_PE/Cygnus/tools/toolchain/gcc-arm/bin/../lib/gcc/arm-none-eabi/6.3.1/../../../../arm-none-eabi/lib/thumb/v7e-m/fpv4-sp/hard/libc.a(lib_a-fwalk.o)
                0x0000000008019838                _fwalk_reent
 .text._localeconv_r
                0x000000000801988c       0x1c /home/rajula/Academics/Semester10/MR_PE/Cygnus/tools/toolchain/gcc-arm/bin/../lib/gcc/arm-none-eabi/6.3.1/../../../../arm-none-eabi/lib/thumb/v7e-m/fpv4-sp/hard/libc.a(lib_a-localeconv.o)
                0x000000000801988c                _localeconv_r
 .text.__swhatbuf_r
                0x00000000080198a8       0x5c /home/rajula/Academics/Semester10/MR_PE/Cygnus/tools/toolchain/gcc-arm/bin/../lib/gcc/arm-none-eabi/6.3.1/../../../../arm-none-eabi/lib/thumb/v7e-m/fpv4-sp/hard/libc.a(lib_a-makebuf.o)
                0x00000000080198a8                __swhatbuf_r
 .text.__smakebuf_r
                0x0000000008019904       0x94 /home/rajula/Academics/Semester10/MR_PE/Cygnus/tools/toolchain/gcc-arm/bin/../lib/gcc/arm-none-eabi/6.3.1/../../../../arm-none-eabi/lib/thumb/v7e-m/fpv4-sp/hard/libc.a(lib_a-makebuf.o)
                0x0000000008019904                __smakebuf_r
 .text._Balloc  0x0000000008019998       0x4c /home/rajula/Academics/Semester10/MR_PE/Cygnus/tools/toolchain/gcc-arm/bin/../lib/gcc/arm-none-eabi/6.3.1/../../../../arm-none-eabi/lib/thumb/v7e-m/fpv4-sp/hard/libc.a(lib_a-mprec.o)
                0x0000000008019998                _Balloc
 .text._Bfree   0x00000000080199e4       0x14 /home/rajula/Academics/Semester10/MR_PE/Cygnus/tools/toolchain/gcc-arm/bin/../lib/gcc/arm-none-eabi/6.3.1/../../../../arm-none-eabi/lib/thumb/v7e-m/fpv4-sp/hard/libc.a(lib_a-mprec.o)
                0x00000000080199e4                _Bfree
 .text.__multadd
                0x00000000080199f8       0x80 /home/rajula/Academics/Semester10/MR_PE/Cygnus/tools/toolchain/gcc-arm/bin/../lib/gcc/arm-none-eabi/6.3.1/../../../../arm-none-eabi/lib/thumb/v7e-m/fpv4-sp/hard/libc.a(lib_a-mprec.o)
                0x00000000080199f8                __multadd
 .text.__hi0bits
                0x0000000008019a78       0x40 /home/rajula/Academics/Semester10/MR_PE/Cygnus/tools/toolchain/gcc-arm/bin/../lib/gcc/arm-none-eabi/6.3.1/../../../../arm-none-eabi/lib/thumb/v7e-m/fpv4-sp/hard/libc.a(lib_a-mprec.o)
                0x0000000008019a78                __hi0bits
 .text.__lo0bits
                0x0000000008019ab8       0x60 /home/rajula/Academics/Semester10/MR_PE/Cygnus/tools/toolchain/gcc-arm/bin/../lib/gcc/arm-none-eabi/6.3.1/../../../../arm-none-eabi/lib/thumb/v7e-m/fpv4-sp/hard/libc.a(lib_a-mprec.o)
                0x0000000008019ab8                __lo0bits
 .text.__i2b    0x0000000008019b18       0x14 /home/rajula/Academics/Semester10/MR_PE/Cygnus/tools/toolchain/gcc-arm/bin/../lib/gcc/arm-none-eabi/6.3.1/../../../../arm-none-eabi/lib/thumb/v7e-m/fpv4-sp/hard/libc.a(lib_a-mprec.o)
                0x0000000008019b18                __i2b
 .text.__multiply
                0x0000000008019b2c      0x124 /home/rajula/Academics/Semester10/MR_PE/Cygnus/tools/toolchain/gcc-arm/bin/../lib/gcc/arm-none-eabi/6.3.1/../../../../arm-none-eabi/lib/thumb/v7e-m/fpv4-sp/hard/libc.a(lib_a-mprec.o)
                0x0000000008019b2c                __multiply
 .text.__pow5mult
                0x0000000008019c50       0xa0 /home/rajula/Academics/Semester10/MR_PE/Cygnus/tools/toolchain/gcc-arm/bin/../lib/gcc/arm-none-eabi/6.3.1/../../../../arm-none-eabi/lib/thumb/v7e-m/fpv4-sp/hard/libc.a(lib_a-mprec.o)
                0x0000000008019c50                __pow5mult
 .text.__lshift
                0x0000000008019cf0       0xa4 /home/rajula/Academics/Semester10/MR_PE/Cygnus/tools/toolchain/gcc-arm/bin/../lib/gcc/arm-none-eabi/6.3.1/../../../../arm-none-eabi/lib/thumb/v7e-m/fpv4-sp/hard/libc.a(lib_a-mprec.o)
                0x0000000008019cf0                __lshift
 .text.__mcmp   0x0000000008019d94       0x38 /home/rajula/Academics/Semester10/MR_PE/Cygnus/tools/toolchain/gcc-arm/bin/../lib/gcc/arm-none-eabi/6.3.1/../../../../arm-none-eabi/lib/thumb/v7e-m/fpv4-sp/hard/libc.a(lib_a-mprec.o)
                0x0000000008019d94                __mcmp
 .text.__mdiff  0x0000000008019dcc      0x108 /home/rajula/Academics/Semester10/MR_PE/Cygnus/tools/toolchain/gcc-arm/bin/../lib/gcc/arm-none-eabi/6.3.1/../../../../arm-none-eabi/lib/thumb/v7e-m/fpv4-sp/hard/libc.a(lib_a-mprec.o)
                0x0000000008019dcc                __mdiff
 .text.__d2b    0x0000000008019ed4       0xbc /home/rajula/Academics/Semester10/MR_PE/Cygnus/tools/toolchain/gcc-arm/bin/../lib/gcc/arm-none-eabi/6.3.1/../../../../arm-none-eabi/lib/thumb/v7e-m/fpv4-sp/hard/libc.a(lib_a-mprec.o)
                0x0000000008019ed4                __d2b
 .text.__sread  0x0000000008019f90       0x24 /home/rajula/Academics/Semester10/MR_PE/Cygnus/tools/toolchain/gcc-arm/bin/../lib/gcc/arm-none-eabi/6.3.1/../../../../arm-none-eabi/lib/thumb/v7e-m/fpv4-sp/hard/libc.a(lib_a-stdio.o)
                0x0000000008019f90                __sread
 .text.__swrite
                0x0000000008019fb4       0x3c /home/rajula/Academics/Semester10/MR_PE/Cygnus/tools/toolchain/gcc-arm/bin/../lib/gcc/arm-none-eabi/6.3.1/../../../../arm-none-eabi/lib/thumb/v7e-m/fpv4-sp/hard/libc.a(lib_a-stdio.o)
                0x0000000008019fb4                __swrite
 .text.__sseek  0x0000000008019ff0       0x20 /home/rajula/Academics/Semester10/MR_PE/Cygnus/tools/toolchain/gcc-arm/bin/../lib/gcc/arm-none-eabi/6.3.1/../../../../arm-none-eabi/lib/thumb/v7e-m/fpv4-sp/hard/libc.a(lib_a-stdio.o)
                0x0000000008019ff0                __sseek
 .text.__sclose
                0x000000000801a010        0x8 /home/rajula/Academics/Semester10/MR_PE/Cygnus/tools/toolchain/gcc-arm/bin/../lib/gcc/arm-none-eabi/6.3.1/../../../../arm-none-eabi/lib/thumb/v7e-m/fpv4-sp/hard/libc.a(lib_a-stdio.o)
                0x000000000801a010                __sclose
 .text.__ssprint_r
                0x000000000801a018       0xfc /home/rajula/Academics/Semester10/MR_PE/Cygnus/tools/toolchain/gcc-arm/bin/../lib/gcc/arm-none-eabi/6.3.1/../../../../arm-none-eabi/lib/thumb/v7e-m/fpv4-sp/hard/libc.a(lib_a-svfiprintf.o)
                0x000000000801a018                __ssprint_r
 .text._calloc_r
                0x000000000801a114       0x60 /home/rajula/Academics/Semester10/MR_PE/Cygnus/tools/toolchain/gcc-arm/bin/../lib/gcc/arm-none-eabi/6.3.1/../../../../arm-none-eabi/lib/thumb/v7e-m/fpv4-sp/hard/libc.a(lib_a-callocr.o)
                0x000000000801a114                _calloc_r
 .text._close_r
                0x000000000801a174       0x24 /home/rajula/Academics/Semester10/MR_PE/Cygnus/tools/toolchain/gcc-arm/bin/../lib/gcc/arm-none-eabi/6.3.1/../../../../arm-none-eabi/lib/thumb/v7e-m/fpv4-sp/hard/libc.a(lib_a-closer.o)
                0x000000000801a174                _close_r
 .text._fclose_r
                0x000000000801a198       0xc4 /home/rajula/Academics/Semester10/MR_PE/Cygnus/tools/toolchain/gcc-arm/bin/../lib/gcc/arm-none-eabi/6.3.1/../../../../arm-none-eabi/lib/thumb/v7e-m/fpv4-sp/hard/libc.a(lib_a-fclose.o)
                0x000000000801a198                _fclose_r
 .text._fstat_r
                0x000000000801a25c       0x28 /home/rajula/Academics/Semester10/MR_PE/Cygnus/tools/toolchain/gcc-arm/bin/../lib/gcc/arm-none-eabi/6.3.1/../../../../arm-none-eabi/lib/thumb/v7e-m/fpv4-sp/hard/libc.a(lib_a-fstatr.o)
                0x000000000801a25c                _fstat_r
 .text._isatty_r
                0x000000000801a284       0x24 /home/rajula/Academics/Semester10/MR_PE/Cygnus/tools/toolchain/gcc-arm/bin/../lib/gcc/arm-none-eabi/6.3.1/../../../../arm-none-eabi/lib/thumb/v7e-m/fpv4-sp/hard/libc.a(lib_a-isattyr.o)
                0x000000000801a284                _isatty_r
 .text._lseek_r
                0x000000000801a2a8       0x2c /home/rajula/Academics/Semester10/MR_PE/Cygnus/tools/toolchain/gcc-arm/bin/../lib/gcc/arm-none-eabi/6.3.1/../../../../arm-none-eabi/lib/thumb/v7e-m/fpv4-sp/hard/libc.a(lib_a-lseekr.o)
                0x000000000801a2a8                _lseek_r
 .text.__ascii_mbtowc
                0x000000000801a2d4       0x2c /home/rajula/Academics/Semester10/MR_PE/Cygnus/tools/toolchain/gcc-arm/bin/../lib/gcc/arm-none-eabi/6.3.1/../../../../arm-none-eabi/lib/thumb/v7e-m/fpv4-sp/hard/libc.a(lib_a-mbtowc_r.o)
                0x000000000801a2d4                __ascii_mbtowc
 .text._read_r  0x000000000801a300       0x2c /home/rajula/Academics/Semester10/MR_PE/Cygnus/tools/toolchain/gcc-arm/bin/../lib/gcc/arm-none-eabi/6.3.1/../../../../arm-none-eabi/lib/thumb/v7e-m/fpv4-sp/hard/libc.a(lib_a-readr.o)
                0x000000000801a300                _read_r
 .text.__ascii_wctomb
                0x000000000801a32c       0x1c /home/rajula/Academics/Semester10/MR_PE/Cygnus/tools/toolchain/gcc-arm/bin/../lib/gcc/arm-none-eabi/6.3.1/../../../../arm-none-eabi/lib/thumb/v7e-m/fpv4-sp/hard/libc.a(lib_a-wctomb_r.o)
                0x000000000801a32c                __ascii_wctomb
 .text._close   0x000000000801a348       0x10 /home/rajula/Academics/Semester10/MR_PE/Cygnus/tools/toolchain/gcc-arm/bin/../lib/gcc/arm-none-eabi/6.3.1/../../../../arm-none-eabi/lib/thumb/v7e-m/fpv4-sp/hard/libnosys.a(close.o)
                0x000000000801a348                _close
 .text._fstat   0x000000000801a358       0x10 /home/rajula/Academics/Semester10/MR_PE/Cygnus/tools/toolchain/gcc-arm/bin/../lib/gcc/arm-none-eabi/6.3.1/../../../../arm-none-eabi/lib/thumb/v7e-m/fpv4-sp/hard/libnosys.a(fstat.o)
                0x000000000801a358                _fstat
 .text._getpid  0x000000000801a368       0x10 /home/rajula/Academics/Semester10/MR_PE/Cygnus/tools/toolchain/gcc-arm/bin/../lib/gcc/arm-none-eabi/6.3.1/../../../../arm-none-eabi/lib/thumb/v7e-m/fpv4-sp/hard/libnosys.a(getpid.o)
                0x000000000801a368                _getpid
 .text._isatty  0x000000000801a378       0x10 /home/rajula/Academics/Semester10/MR_PE/Cygnus/tools/toolchain/gcc-arm/bin/../lib/gcc/arm-none-eabi/6.3.1/../../../../arm-none-eabi/lib/thumb/v7e-m/fpv4-sp/hard/libnosys.a(isatty.o)
                0x000000000801a378                _isatty
 .text._kill    0x000000000801a388       0x10 /home/rajula/Academics/Semester10/MR_PE/Cygnus/tools/toolchain/gcc-arm/bin/../lib/gcc/arm-none-eabi/6.3.1/../../../../arm-none-eabi/lib/thumb/v7e-m/fpv4-sp/hard/libnosys.a(kill.o)
                0x000000000801a388                _kill
 .text._lseek   0x000000000801a398       0x10 /home/rajula/Academics/Semester10/MR_PE/Cygnus/tools/toolchain/gcc-arm/bin/../lib/gcc/arm-none-eabi/6.3.1/../../../../arm-none-eabi/lib/thumb/v7e-m/fpv4-sp/hard/libnosys.a(lseek.o)
                0x000000000801a398                _lseek
 .text._read    0x000000000801a3a8       0x10 /home/rajula/Academics/Semester10/MR_PE/Cygnus/tools/toolchain/gcc-arm/bin/../lib/gcc/arm-none-eabi/6.3.1/../../../../arm-none-eabi/lib/thumb/v7e-m/fpv4-sp/hard/libnosys.a(read.o)
                0x000000000801a3a8                _read
 .text._sbrk    0x000000000801a3b8       0x1c /home/rajula/Academics/Semester10/MR_PE/Cygnus/tools/toolchain/gcc-arm/bin/../lib/gcc/arm-none-eabi/6.3.1/../../../../arm-none-eabi/lib/thumb/v7e-m/fpv4-sp/hard/libnosys.a(sbrk.o)
                0x000000000801a3b8                _sbrk
 .text._write   0x000000000801a3d4       0x10 /home/rajula/Academics/Semester10/MR_PE/Cygnus/tools/toolchain/gcc-arm/bin/../lib/gcc/arm-none-eabi/6.3.1/../../../../arm-none-eabi/lib/thumb/v7e-m/fpv4-sp/hard/libnosys.a(write.o)
                0x000000000801a3d4                _write
 .text._exit    0x000000000801a3e4        0x4 /home/rajula/Academics/Semester10/MR_PE/Cygnus/tools/toolchain/gcc-arm/bin/../lib/gcc/arm-none-eabi/6.3.1/../../../../arm-none-eabi/lib/thumb/v7e-m/fpv4-sp/hard/libnosys.a(_exit.o)
                0x000000000801a3e4                _exit
 .text.lrintf   0x000000000801a3e8       0x98 /home/rajula/Academics/Semester10/MR_PE/Cygnus/tools/toolchain/gcc-arm/bin/../lib/gcc/arm-none-eabi/6.3.1/../../../../arm-none-eabi/lib/thumb/v7e-m/fpv4-sp/hard/libm.a(lib_a-sf_lrint.o)
                0x000000000801a3e8                lrintf
 .text.acosf    0x000000000801a480       0xb8 /home/rajula/Academics/Semester10/MR_PE/Cygnus/tools/toolchain/gcc-arm/bin/../lib/gcc/arm-none-eabi/6.3.1/../../../../arm-none-eabi/lib/thumb/v7e-m/fpv4-sp/hard/libm.a(lib_a-wf_acos.o)
                0x000000000801a480                acosf
 .text.atan2f   0x000000000801a538        0x4 /home/rajula/Academics/Semester10/MR_PE/Cygnus/tools/toolchain/gcc-arm/bin/../lib/gcc/arm-none-eabi/6.3.1/../../../../arm-none-eabi/lib/thumb/v7e-m/fpv4-sp/hard/libm.a(lib_a-wf_atan2.o)
                0x000000000801a538                atan2f
 .text.logf     0x000000000801a53c       0xf8 /home/rajula/Academics/Semester10/MR_PE/Cygnus/tools/toolchain/gcc-arm/bin/../lib/gcc/arm-none-eabi/6.3.1/../../../../arm-none-eabi/lib/thumb/v7e-m/fpv4-sp/hard/libm.a(lib_a-wf_log.o)
                0x000000000801a53c                logf
 .text.sqrtf    0x000000000801a634       0xac /home/rajula/Academics/Semester10/MR_PE/Cygnus/tools/toolchain/gcc-arm/bin/../lib/gcc/arm-none-eabi/6.3.1/../../../../arm-none-eabi/lib/thumb/v7e-m/fpv4-sp/hard/libm.a(lib_a-wf_sqrt.o)
                0x000000000801a634                sqrtf
 .text.__ieee754_acosf
                0x000000000801a6e0      0x244 /home/rajula/Academics/Semester10/MR_PE/Cygnus/tools/toolchain/gcc-arm/bin/../lib/gcc/arm-none-eabi/6.3.1/../../../../arm-none-eabi/lib/thumb/v7e-m/fpv4-sp/hard/libm.a(lib_a-ef_acos.o)
                0x000000000801a6e0                __ieee754_acosf
 .text.__ieee754_atan2f
                0x000000000801a924      0x180 /home/rajula/Academics/Semester10/MR_PE/Cygnus/tools/toolchain/gcc-arm/bin/../lib/gcc/arm-none-eabi/6.3.1/../../../../arm-none-eabi/lib/thumb/v7e-m/fpv4-sp/hard/libm.a(lib_a-ef_atan2.o)
                0x000000000801a924                __ieee754_atan2f
 .text.__ieee754_logf
                0x000000000801aaa4      0x218 /home/rajula/Academics/Semester10/MR_PE/Cygnus/tools/toolchain/gcc-arm/bin/../lib/gcc/arm-none-eabi/6.3.1/../../../../arm-none-eabi/lib/thumb/v7e-m/fpv4-sp/hard/libm.a(lib_a-ef_log.o)
                0x000000000801aaa4                __ieee754_logf
 .text.__ieee754_sqrtf
                0x000000000801acbc        0x8 /home/rajula/Academics/Semester10/MR_PE/Cygnus/tools/toolchain/gcc-arm/bin/../lib/gcc/arm-none-eabi/6.3.1/../../../../arm-none-eabi/lib/thumb/v7e-m/fpv4-sp/hard/libm.a(lib_a-ef_sqrt.o)
                0x000000000801acbc                __ieee754_sqrtf
 .text.matherr  0x000000000801acc4        0x4 /home/rajula/Academics/Semester10/MR_PE/Cygnus/tools/toolchain/gcc-arm/bin/../lib/gcc/arm-none-eabi/6.3.1/../../../../arm-none-eabi/lib/thumb/v7e-m/fpv4-sp/hard/libm.a(lib_a-s_matherr.o)
                0x000000000801acc4                matherr
 .text.nan      0x000000000801acc8       0x10 /home/rajula/Academics/Semester10/MR_PE/Cygnus/tools/toolchain/gcc-arm/bin/../lib/gcc/arm-none-eabi/6.3.1/../../../../arm-none-eabi/lib/thumb/v7e-m/fpv4-sp/hard/libm.a(lib_a-s_nan.o)
                0x000000000801acc8                nan
 .text.atanf    0x000000000801acd8      0x1b0 /home/rajula/Academics/Semester10/MR_PE/Cygnus/tools/toolchain/gcc-arm/bin/../lib/gcc/arm-none-eabi/6.3.1/../../../../arm-none-eabi/lib/thumb/v7e-m/fpv4-sp/hard/libm.a(lib_a-sf_atan.o)
                0x000000000801acd8                atanf
 .text.fabsf    0x000000000801ae88       0x10 /home/rajula/Academics/Semester10/MR_PE/Cygnus/tools/toolchain/gcc-arm/bin/../lib/gcc/arm-none-eabi/6.3.1/../../../../arm-none-eabi/lib/thumb/v7e-m/fpv4-sp/hard/libm.a(lib_a-sf_fabs.o)
                0x000000000801ae88                fabsf
 .text.__errno  0x000000000801ae98        0xc /home/rajula/Academics/Semester10/MR_PE/Cygnus/tools/toolchain/gcc-arm/bin/../lib/gcc/arm-none-eabi/6.3.1/../../../../arm-none-eabi/lib/thumb/v7e-m/fpv4-sp/hard/libc.a(lib_a-errno.o)
                0x000000000801ae98                __errno
 .text.strchr   0x000000000801aea4       0xe8 /home/rajula/Academics/Semester10/MR_PE/Cygnus/tools/toolchain/gcc-arm/bin/../lib/gcc/arm-none-eabi/6.3.1/../../../../arm-none-eabi/lib/thumb/v7e-m/fpv4-sp/hard/libc.a(lib_a-strchr.o)
                0x000000000801aea4                strchr
 *(.rodata)
 .rodata        0x000000000801af8c       0x3c /tmp/cc3IDGvV.ltrans0.ltrans.o
 .rodata        0x000000000801afc8      0x17c /tmp/cc3IDGvV.ltrans1.ltrans.o
 .rodata        0x000000000801b144       0x30 /tmp/cc3IDGvV.ltrans2.ltrans.o
 .rodata        0x000000000801b174       0x1c /tmp/cc3IDGvV.ltrans7.ltrans.o
                0x000000000801b18c                SystemCoreClock
 .rodata        0x000000000801b190        0x5 /tmp/cc3IDGvV.ltrans8.ltrans.o
                0x000000000801b190                serialPortIdentifiers
                0x000000000801b194                isLocalisationOn
                0x000000000801b194                reverseMode
                0x000000000801b194                reverseReferenceFrame
                0x000000000801b194                startShieldRanging
 *fill*         0x000000000801b195        0x3 
 .rodata        0x000000000801b198      0x11b /tmp/cc3IDGvV.ltrans10.ltrans.o
 *fill*         0x000000000801b2b3        0x1 
 .rodata        0x000000000801b2b4       0x1c /tmp/cc3IDGvV.ltrans11.ltrans.o
 .rodata        0x000000000801b2d0      0x150 /tmp/cc3IDGvV.ltrans14.ltrans.o
                0x000000000801b2d0                _ZL5boxes.lto_priv.162
 .rodata        0x000000000801b420      0x798 /home/rajula/Academics/Semester10/MR_PE/Cygnus/tools/toolchain/gcc-arm/bin/../lib/gcc/arm-none-eabi/6.3.1/../../../../arm-none-eabi/lib/thumb/v7e-m/fpv4-sp/hard/libstdc++.a(cp-demangle.o)
 *(.rodata*)
 .rodata.str1.1
                0x000000000801bbb8        0xe /tmp/cc3IDGvV.ltrans0.ltrans.o
                                         0x10 (size before relaxing)
 .rodata.str1.1
                0x000000000801bbc6       0x23 /tmp/cc3IDGvV.ltrans2.ltrans.o
 .rodata.str1.1
                0x000000000801bbe9        0x9 /tmp/cc3IDGvV.ltrans7.ltrans.o
 .rodata.str1.1
                0x000000000801bbf2       0xa1 /tmp/cc3IDGvV.ltrans10.ltrans.o
                                         0xa8 (size before relaxing)
 .rodata.str1.1
                0x000000000801bc93       0xe2 /tmp/cc3IDGvV.ltrans14.ltrans.o
 *fill*         0x000000000801bd75        0x3 
 .rodata._ZTIN10__cxxabiv120__si_class_type_infoE
                0x000000000801bd78        0xc /home/rajula/Academics/Semester10/MR_PE/Cygnus/tools/toolchain/gcc-arm/bin/../lib/gcc/arm-none-eabi/6.3.1/../../../../arm-none-eabi/lib/thumb/v7e-m/fpv4-sp/hard/libstdc++.a(si_class_type_info.o)
                0x000000000801bd78                typeinfo for __cxxabiv1::__si_class_type_info
 .rodata._ZTSN10__cxxabiv120__si_class_type_infoE
                0x000000000801bd84       0x25 /home/rajula/Academics/Semester10/MR_PE/Cygnus/tools/toolchain/gcc-arm/bin/../lib/gcc/arm-none-eabi/6.3.1/../../../../arm-none-eabi/lib/thumb/v7e-m/fpv4-sp/hard/libstdc++.a(si_class_type_info.o)
                0x000000000801bd84                typeinfo name for __cxxabiv1::__si_class_type_info
 *fill*         0x000000000801bda9        0x3 
 .rodata._ZTVN10__cxxabiv120__si_class_type_infoE
                0x000000000801bdac       0x2c /home/rajula/Academics/Semester10/MR_PE/Cygnus/tools/toolchain/gcc-arm/bin/../lib/gcc/arm-none-eabi/6.3.1/../../../../arm-none-eabi/lib/thumb/v7e-m/fpv4-sp/hard/libstdc++.a(si_class_type_info.o)
                0x000000000801bdac                vtable for __cxxabiv1::__si_class_type_info
 .rodata._ZTISt9type_info
                0x000000000801bdd8        0x8 /home/rajula/Academics/Semester10/MR_PE/Cygnus/tools/toolchain/gcc-arm/bin/../lib/gcc/arm-none-eabi/6.3.1/../../../../arm-none-eabi/lib/thumb/v7e-m/fpv4-sp/hard/libstdc++.a(tinfo.o)
                0x000000000801bdd8                typeinfo for std::type_info
 .rodata._ZTSSt9type_info
                0x000000000801bde0        0xd /home/rajula/Academics/Semester10/MR_PE/Cygnus/tools/toolchain/gcc-arm/bin/../lib/gcc/arm-none-eabi/6.3.1/../../../../arm-none-eabi/lib/thumb/v7e-m/fpv4-sp/hard/libstdc++.a(tinfo.o)
                0x000000000801bde0                typeinfo name for std::type_info
 *fill*         0x000000000801bded        0x3 
 .rodata._ZTIN10__cxxabiv117__class_type_infoE
                0x000000000801bdf0        0xc /home/rajula/Academics/Semester10/MR_PE/Cygnus/tools/toolchain/gcc-arm/bin/../lib/gcc/arm-none-eabi/6.3.1/../../../../arm-none-eabi/lib/thumb/v7e-m/fpv4-sp/hard/libstdc++.a(class_type_info.o)
                0x000000000801bdf0                typeinfo for __cxxabiv1::__class_type_info
 .rodata._ZTSN10__cxxabiv117__class_type_infoE
                0x000000000801bdfc       0x22 /home/rajula/Academics/Semester10/MR_PE/Cygnus/tools/toolchain/gcc-arm/bin/../lib/gcc/arm-none-eabi/6.3.1/../../../../arm-none-eabi/lib/thumb/v7e-m/fpv4-sp/hard/libstdc++.a(class_type_info.o)
                0x000000000801bdfc                typeinfo name for __cxxabiv1::__class_type_info
 *fill*         0x000000000801be1e        0x2 
 .rodata._ZTVN10__cxxabiv117__class_type_infoE
                0x000000000801be20       0x2c /home/rajula/Academics/Semester10/MR_PE/Cygnus/tools/toolchain/gcc-arm/bin/../lib/gcc/arm-none-eabi/6.3.1/../../../../arm-none-eabi/lib/thumb/v7e-m/fpv4-sp/hard/libstdc++.a(class_type_info.o)
                0x000000000801be20                vtable for __cxxabiv1::__class_type_info
 .rodata._ZGTtNKSt13bad_exception4whatEv.str1.4
                0x000000000801be4c       0x13 /home/rajula/Academics/Semester10/MR_PE/Cygnus/tools/toolchain/gcc-arm/bin/../lib/gcc/arm-none-eabi/6.3.1/../../../../arm-none-eabi/lib/thumb/v7e-m/fpv4-sp/hard/libstdc++.a(eh_exception.o)
 *fill*         0x000000000801be5f        0x1 
 .rodata._ZTIN10__cxxabiv115__forced_unwindE
                0x000000000801be60        0x8 /home/rajula/Academics/Semester10/MR_PE/Cygnus/tools/toolchain/gcc-arm/bin/../lib/gcc/arm-none-eabi/6.3.1/../../../../arm-none-eabi/lib/thumb/v7e-m/fpv4-sp/hard/libstdc++.a(eh_exception.o)
                0x000000000801be60                typeinfo for __cxxabiv1::__forced_unwind
 .rodata._ZTIN10__cxxabiv119__foreign_exceptionE
                0x000000000801be68        0x8 /home/rajula/Academics/Semester10/MR_PE/Cygnus/tools/toolchain/gcc-arm/bin/../lib/gcc/arm-none-eabi/6.3.1/../../../../arm-none-eabi/lib/thumb/v7e-m/fpv4-sp/hard/libstdc++.a(eh_exception.o)
                0x000000000801be68                typeinfo for __cxxabiv1::__foreign_exception
 .rodata._ZTISt13bad_exception
                0x000000000801be70        0xc /home/rajula/Academics/Semester10/MR_PE/Cygnus/tools/toolchain/gcc-arm/bin/../lib/gcc/arm-none-eabi/6.3.1/../../../../arm-none-eabi/lib/thumb/v7e-m/fpv4-sp/hard/libstdc++.a(eh_exception.o)
                0x000000000801be70                typeinfo for std::bad_exception
 .rodata._ZTISt9exception
                0x000000000801be7c        0x8 /home/rajula/Academics/Semester10/MR_PE/Cygnus/tools/toolchain/gcc-arm/bin/../lib/gcc/arm-none-eabi/6.3.1/../../../../arm-none-eabi/lib/thumb/v7e-m/fpv4-sp/hard/libstdc++.a(eh_exception.o)
                0x000000000801be7c                typeinfo for std::exception
 .rodata._ZTSN10__cxxabiv115__forced_unwindE
                0x000000000801be84       0x20 /home/rajula/Academics/Semester10/MR_PE/Cygnus/tools/toolchain/gcc-arm/bin/../lib/gcc/arm-none-eabi/6.3.1/../../../../arm-none-eabi/lib/thumb/v7e-m/fpv4-sp/hard/libstdc++.a(eh_exception.o)
                0x000000000801be84                typeinfo name for __cxxabiv1::__forced_unwind
 .rodata._ZTSN10__cxxabiv119__foreign_exceptionE
                0x000000000801bea4       0x24 /home/rajula/Academics/Semester10/MR_PE/Cygnus/tools/toolchain/gcc-arm/bin/../lib/gcc/arm-none-eabi/6.3.1/../../../../arm-none-eabi/lib/thumb/v7e-m/fpv4-sp/hard/libstdc++.a(eh_exception.o)
                0x000000000801bea4                typeinfo name for __cxxabiv1::__foreign_exception
 .rodata._ZTSSt13bad_exception
                0x000000000801bec8       0x12 /home/rajula/Academics/Semester10/MR_PE/Cygnus/tools/toolchain/gcc-arm/bin/../lib/gcc/arm-none-eabi/6.3.1/../../../../arm-none-eabi/lib/thumb/v7e-m/fpv4-sp/hard/libstdc++.a(eh_exception.o)
                0x000000000801bec8                typeinfo name for std::bad_exception
 *fill*         0x000000000801beda        0x2 
 .rodata._ZTSSt9exception
                0x000000000801bedc        0xd /home/rajula/Academics/Semester10/MR_PE/Cygnus/tools/toolchain/gcc-arm/bin/../lib/gcc/arm-none-eabi/6.3.1/../../../../arm-none-eabi/lib/thumb/v7e-m/fpv4-sp/hard/libstdc++.a(eh_exception.o)
                0x000000000801bedc                typeinfo name for std::exception
 *fill*         0x000000000801bee9        0x3 
 .rodata._ZTVSt13bad_exception
                0x000000000801beec       0x14 /home/rajula/Academics/Semester10/MR_PE/Cygnus/tools/toolchain/gcc-arm/bin/../lib/gcc/arm-none-eabi/6.3.1/../../../../arm-none-eabi/lib/thumb/v7e-m/fpv4-sp/hard/libstdc++.a(eh_exception.o)
                0x000000000801beec                vtable for std::bad_exception
 .rodata._ZN9__gnu_cxx27__verbose_terminate_handlerEv.str1.4
                0x000000000801bf00       0x94 /home/rajula/Academics/Semester10/MR_PE/Cygnus/tools/toolchain/gcc-arm/bin/../lib/gcc/arm-none-eabi/6.3.1/../../../../arm-none-eabi/lib/thumb/v7e-m/fpv4-sp/hard/libstdc++.a(vterminate.o)
 .rodata.str1.4
                0x000000000801bf94      0x84e /home/rajula/Academics/Semester10/MR_PE/Cygnus/tools/toolchain/gcc-arm/bin/../lib/gcc/arm-none-eabi/6.3.1/../../../../arm-none-eabi/lib/thumb/v7e-m/fpv4-sp/hard/libstdc++.a(cp-demangle.o)
                                        0x89e (size before relaxing)
 *fill*         0x000000000801c7e2        0x2 
 .rodata._svfprintf_r.str1.4
                0x000000000801c7e4       0x42 /home/rajula/Academics/Semester10/MR_PE/Cygnus/tools/toolchain/gcc-arm/bin/../lib/gcc/arm-none-eabi/6.3.1/../../../../arm-none-eabi/lib/thumb/v7e-m/fpv4-sp/hard/libc.a(lib_a-svfprintf.o)
 *fill*         0x000000000801c826        0x2 
 .rodata.blanks.8346
                0x000000000801c828       0x10 /home/rajula/Academics/Semester10/MR_PE/Cygnus/tools/toolchain/gcc-arm/bin/../lib/gcc/arm-none-eabi/6.3.1/../../../../arm-none-eabi/lib/thumb/v7e-m/fpv4-sp/hard/libc.a(lib_a-svfprintf.o)
 .rodata.zeroes.8347
                0x000000000801c838       0x10 /home/rajula/Academics/Semester10/MR_PE/Cygnus/tools/toolchain/gcc-arm/bin/../lib/gcc/arm-none-eabi/6.3.1/../../../../arm-none-eabi/lib/thumb/v7e-m/fpv4-sp/hard/libc.a(lib_a-svfprintf.o)
 .rodata._dtoa_r.str1.4
                0x000000000801c848       0x10 /home/rajula/Academics/Semester10/MR_PE/Cygnus/tools/toolchain/gcc-arm/bin/../lib/gcc/arm-none-eabi/6.3.1/../../../../arm-none-eabi/lib/thumb/v7e-m/fpv4-sp/hard/libc.a(lib_a-dtoa.o)
                                         0x12 (size before relaxing)
 .rodata.__mprec_bigtens
                0x000000000801c858       0x28 /home/rajula/Academics/Semester10/MR_PE/Cygnus/tools/toolchain/gcc-arm/bin/../lib/gcc/arm-none-eabi/6.3.1/../../../../arm-none-eabi/lib/thumb/v7e-m/fpv4-sp/hard/libc.a(lib_a-mprec.o)
                0x000000000801c858                __mprec_bigtens
 .rodata.__mprec_tens
                0x000000000801c880       0xc8 /home/rajula/Academics/Semester10/MR_PE/Cygnus/tools/toolchain/gcc-arm/bin/../lib/gcc/arm-none-eabi/6.3.1/../../../../arm-none-eabi/lib/thumb/v7e-m/fpv4-sp/hard/libc.a(lib_a-mprec.o)
                0x000000000801c880                __mprec_tens
 .rodata.p05.7178
                0x000000000801c948        0xc /home/rajula/Academics/Semester10/MR_PE/Cygnus/tools/toolchain/gcc-arm/bin/../lib/gcc/arm-none-eabi/6.3.1/../../../../arm-none-eabi/lib/thumb/v7e-m/fpv4-sp/hard/libc.a(lib_a-mprec.o)
 .rodata._setlocale_r.str1.4
                0x000000000801c954        0xa /home/rajula/Academics/Semester10/MR_PE/Cygnus/tools/toolchain/gcc-arm/bin/../lib/gcc/arm-none-eabi/6.3.1/../../../../arm-none-eabi/lib/thumb/v7e-m/fpv4-sp/hard/libc.a(lib_a-locale.o)
                                          0xd (size before relaxing)
 .rodata.str1.4