Archive member included to satisfy reference by file (symbol)

./libs/libpluto_0.2.a(startup_stm32f30x_md_gcc.o)
                              (Reset_Handler)
./libs/libpluto_0.2.a(system_stm32f30x.o)
                              ./libs/libpluto_0.2.a(startup_stm32f30x_md_gcc.o) (SystemInit)
./libs/libpluto_0.2.a(main.o)
                              ./libs/libpluto_0.2.a(startup_stm32f30x_md_gcc.o) (main)
./libs/libpluto_0.2.a(mw.o)   main.o (symbol from plugin) (loop)
./libs/libpluto_0.2.a(altitudehold.o)
                              mw.o (symbol from plugin) (applyAltHold)
./libs/libpluto_0.2.a(failsafe.o)
                              main.o (symbol from plugin) (failsafeInit)
./libs/libpluto_0.2.a(pid.o)  mw.o (symbol from plugin) (dynP8)
./libs/libpluto_0.2.a(imu.o)  main.o (symbol from plugin) (imuInit)
./libs/libpluto_0.2.a(mixer.o)
                              main.o (symbol from plugin) (mixerInit)
./libs/libpluto_0.2.a(filter.o)
                              mw.o (symbol from plugin) (filterApplyPt1)
./libs/libpluto_0.2.a(system.o)
                              main.o (symbol from plugin) (micros)
./libs/libpluto_0.2.a(beeper.o)
                              mw.o (symbol from plugin) (beeperSilence)
./libs/libpluto_0.2.a(rc_controls.o)
                              mw.o (symbol from plugin) (isUsingSticksForArming)
./libs/libpluto_0.2.a(rc_curves.o)
                              rc_controls.o (symbol from plugin) (generatePitchRollCurve)
./libs/libpluto_0.2.a(serial.o)
                              mw.o (symbol from plugin) (findNextSharedSerialPort)
./libs/libpluto_0.2.a(serial_cli.o)
                              mw.o (symbol from plugin) (cliMode)
./libs/libpluto_0.2.a(serial_msp.o)
                              mw.o (symbol from plugin) (mspReleasePortIfAllocated)
./libs/libpluto_0.2.a(statusindicator.o)
                              beeper.o (symbol from plugin) (warningLedEnable)
./libs/libpluto_0.2.a(rx.o)   serial_msp.o (symbol from plugin) (rxRuntimeConfig)
./libs/libpluto_0.2.a(pwm.o)  rx.o (symbol from plugin) (rxPwmInit)
./libs/libpluto_0.2.a(msp.o)  serial_msp.o (symbol from plugin) (rxMspFrameReceive)
./libs/libpluto_0.2.a(sbus.o)
                              rx.o (symbol from plugin) (sbusInit)
./libs/libpluto_0.2.a(sumd.o)
                              rx.o (symbol from plugin) (sumdInit)
./libs/libpluto_0.2.a(sumh.o)
                              rx.o (symbol from plugin) (sumhInit)
./libs/libpluto_0.2.a(spektrum.o)
                              rx.o (symbol from plugin) (spektrumInit)
./libs/libpluto_0.2.a(xbus.o)
                              rx.o (symbol from plugin) (xBusInit)
./libs/libpluto_0.2.a(acceleration.o)
                              main.o (symbol from plugin) (accSetCalibrationCycles)
./libs/libpluto_0.2.a(battery.o)
                              mw.o (symbol from plugin) (vbat)
./libs/libpluto_0.2.a(boardalignment.o)
                              main.o (symbol from plugin) (initBoardAlignment)
./libs/libpluto_0.2.a(compass.o)
                              imu.o (symbol from plugin) (magADC)
./libs/libpluto_0.2.a(gyro.o)
                              mw.o (symbol from plugin) (gyroADC)
./libs/libpluto_0.2.a(initialisation.o)
                              main.o (symbol from plugin) (sensorsAutodetectmpu)
./libs/libpluto_0.2.a(stm32f30x_rcc.o)
                              system.o (symbol from plugin) (RCC_GetClocksFreq)
./libs/libpluto_0.2.a(stm32f30x_misc.o)
                              system.o (symbol from plugin) (NVIC_PriorityGroupConfig)
./libs/libpluto_0.2.a(acrobats.o)
                              mw.o (symbol from plugin) (flipState)
./libs/libpluto_0.2.a(ranging_vl53l0x.o)
                              mw.o (symbol from plugin) (LaserSensor::startRanging())
./libs/libpluto_0.2.a(posEstimate.o)
                              main.o (symbol from plugin) (updatePosGains)
./libs/libpluto_0.2.a(command.o)
                              mw.o (symbol from plugin) (isLanding)
./libs/libpluto_0.2.a(localisationCommand.o)
                              mw.o (symbol from plugin) (command_verify())
./libs/libpluto_0.2.a(Xshield.o)
                              obj/PLUTOX/src/main/PlutoPilot.o (symbol from plugin) (Xshield_P::init())
./libs/libpluto_0.2.a(Print.o)
                              obj/PLUTOX/src/main/PlutoPilot.o (symbol from plugin) (Print_P::monitor(char const*))
./libs/libpluto_0.2.a(Utils.o)
                              mw.o (symbol from plugin) (Timer::Timer())
./libs/libpluto_0.2.a(Control.o)
                              obj/PLUTOX/src/main/PlutoPilot.o (symbol from plugin) (Control_P::setRC(rc_channels, short))
./libs/libpluto_0.2.a(Angle.o)
                              acrobats.o (symbol from plugin) (Angle_P::get(inclinations))
./libs/libpluto_0.2.a(Althold.o)
                              command.o (symbol from plugin) (Althold_P::setRelativeAltholdHeight(long))
./libs/libpluto_0.2.a(API-Utils.o)
[...]
Memory Configuration

Name             Origin             Length             Attributes
FLASH            0x0000000008000000 0x000000000001f800 xr
RAM              0x0000000020000000 0x000000000000a000 xrw
MEMORY_B1        0x0000000060000000 0x0000000000000000 xr
*default*        0x0000000000000000 0xffffffffffffffff

Linker script and memory map

LOAD obj/PLUTOX/src/main/PlutoPilot.o
LOAD /tmp/ccsJAQyL.ltrans0.ltrans.o
LOAD /tmp/ccsJAQyL.ltrans1.ltrans.o
LOAD /tmp/ccsJAQyL.ltrans2.ltrans.o
LOAD /tmp/ccsJAQyL.ltrans3.ltrans.o
LOAD /tmp/ccsJAQyL.ltrans4.ltrans.o
LOAD /tmp/ccsJAQyL.ltrans5.ltrans.o
LOAD /tmp/ccsJAQyL.ltrans6.ltrans.o
LOAD /tmp/ccsJAQyL.ltrans7.ltrans.o
LOAD /tmp/ccsJAQyL.ltrans8.ltrans.o
LOAD /tmp/ccsJAQyL.ltrans9.ltrans.o
LOAD /tmp/ccsJAQyL.ltrans10.ltrans.o
LOAD /tmp/ccsJAQyL.ltrans11.ltrans.o
LOAD /tmp/ccsJAQyL.ltrans12.ltrans.o
LOAD /tmp/ccsJAQyL.ltrans13.ltrans.o
LOAD /tmp/ccsJAQyL.ltrans14.ltrans.o
LOAD /tmp/ccsJAQyL.ltrans15.ltrans.o
LOAD /tmp/ccsJAQyL.ltrans16.ltrans.o
LOAD /tmp/ccsJAQyL.ltrans17.ltrans.o
LOAD /tmp/ccsJAQyL.ltrans18.ltrans.o
LOAD /tmp/ccsJAQyL.ltrans19.ltrans.o
LOAD /tmp/ccsJAQyL.ltrans20.ltrans.o
LOAD /home/rajula/Academics/Semester10/MR_PE/Cygnus/tools/toolchain/gcc-arm/bin/../lib/gcc/arm-none-eabi/6.3.1/../../../../arm-none-eabi/lib/thumb/v7e-m/fpv4-sp/hard/libnosys.a
LOAD ./libs/libpluto_0.2.a
LOAD /home/rajula/Academics/Semester10/MR_PE/Cygnus/tools/toolchain/gcc-arm/bin/../lib/gcc/arm-none-eabi/6.3.1/../../../../arm-none-eabi/lib/thumb/v7e-m/fpv4-sp/hard/libstdc++.a
LOAD /home/rajula/Academics/Semester10/MR_PE/Cygnus/tools/toolchain/gcc-arm/bin/../lib/gcc/arm-none-eabi/6.3.1/../../../../arm-none-eabi/lib/thumb/v7e-m/fpv4-sp/hard/libm.a
LOAD /home/rajula/Academics/Semester10/MR_PE/Cygnus/tools/toolchain/gcc-arm/bin/../lib/gcc/arm-none-eabi/6.3.1/../../../../arm-none-eabi/lib/thumb/v7e-m/fpv4-sp/hard/libc.a
START GROUP
LOAD /home/rajula/Academics/Semester10/MR_PE/Cygnus/tools/toolchain/gcc-arm/bin/../lib/gcc/arm-none-eabi/6.3.1/thumb/v7e-m/fpv4-sp/hard/libgcc.a
LOAD /home/rajula/Academics/Semester10/MR_PE/Cygnus/tools/toolchain/gcc-arm/bin/../lib/gcc/arm-none-eabi/6.3.1/../../../../arm-none-eabi/lib/thumb/v7e-m/fpv4-sp/hard/libg.a
LOAD /home/rajula/Academics/Semester10/MR_PE/Cygnus/tools/toolchain/gcc-arm/bin/../lib/gcc/arm-none-eabi/6.3.1/../../../../arm-none-eabi/lib/thumb/v7e-m/fpv4-sp/hard/libc.a
END GROUP
START GROUP
LOAD /home/rajula/Academics/Semester10/MR_PE/Cygnus/tools/toolchain/gcc-arm/bin/../lib/gcc/arm-none-eabi/6.3.1/thumb/v7e-m/fpv4-sp/hard/libgcc.a
LOAD /home/rajula/Academics/Semester10/MR_PE/Cygnus/tools/toolchain/gcc-arm/bin/../lib/gcc/arm-none-eabi/6.3.1/../../../../arm-none-eabi/lib/thumb/v7e-m/fpv4-sp/hard/libc.a
LOAD /home/rajula/Academics/Semester10/MR_PE/Cygnus/tools/toolchain/gcc-arm/bin/../lib/gcc/arm-none-eabi/6.3.1/../../../../arm-none-eabi/lib/thumb/v7e-m/fpv4-sp/hard/libnosys.a
END GROUP
                0x000000002000a000                _estack = (ORIGIN (RAM) + LENGTH (RAM))
                0x0000000000000000                _Min_Heap_Size = 0x0
                0x0000000000000400                _Min_Stack_Size = 0x400

.isr_vector     0x0000000008000000      0x188
                0x0000000008000000                . = ALIGN (0x4)
                [!provide]                        PROVIDE (isr_vector_table_base, .)
 *(.isr_vector)
 .isr_vector    0x0000000008000000      0x188 ./libs/libpluto_0.2.a(startup_stm32f30x_md_gcc.o)
                0x0000000008000000                g_pfnVectors
                0x0000000008000188                . = ALIGN (0x4)

.text           0x00000000080001c0    0x1e2cc
                0x00000000080001c0                . = ALIGN (0x4)
 *(.text)
 .text          0x00000000080001c0     0x1620 /tmp/ccsJAQyL.ltrans1.ltrans.o
                0x00000000080001c0                init()
 .text          0x00000000080017e0      0x924 /tmp/ccsJAQyL.ltrans2.ltrans.o
                0x00000000080017e0                LaserSensor::init()
 .text          0x0000000008002104      0xbd4 /tmp/ccsJAQyL.ltrans3.ltrans.o
                0x0000000008002104                headSerialResponse(unsigned char, unsigned char) [clone .lto_priv.141]
                0x0000000008002144                headSerialReply(unsigned char) [clone .lto_priv.165]
                0x000000000800214a                read32() [clone .lto_priv.168]
                0x000000000800215c                processOutCommand(unsigned char) [clone .lto_priv.246]
 .text          0x0000000008002cd8      0xdf8 /tmp/ccsJAQyL.ltrans4.ltrans.o
                0x0000000008002d08                xBusReadRawRC(rxRuntimeConfig_s*, unsigned char) [clone .lto_priv.262]
                0x0000000008002db8                spektrumReadRawRC.lto_priv.138
                0x0000000008002de4                sumhReadRawRC.lto_priv.255
                0x0000000008002dfc                sumdReadRawRC.lto_priv.253
                0x0000000008002e10                sbusReadRawRC.lto_priv.251
                0x0000000008002e44                rxMspReadRawRC.lto_priv.264
                0x0000000008002e54                ppmReadRawRC.lto_priv.266
                0x0000000008002e60                pwmReadRawRC.lto_priv.265
                0x0000000008003070                xBusDataReceive(unsigned short) [clone .lto_priv.263]
                0x0000000008003138                spektrumDataReceive.lto_priv.139
                0x0000000008003180                sumhDataReceive.lto_priv.256
                0x00000000080031c8                sumdDataReceive.lto_priv.254
                0x000000000800326c                sbusDataReceive.lto_priv.252
                0x00000000080032b8                RCC_ADCCLKConfig
                0x00000000080032d8                RCC_GetClocksFreq
                0x00000000080035c0                alignSensors
                0x00000000080036f8                updateBattery
                0x00000000080037f0                performInflightAccelerationCalibration(rollAndPitchTrims_t*)
                0x0000000008003904                detectAndApplySignalLossBehaviour.lto_priv.248
 .text          0x0000000008003ad0     0x1050 /tmp/ccsJAQyL.ltrans5.ltrans.o
                0x00000000080046d4                imuCalculateEstimatedAttitude() [clone .lto_priv.247]
                0x0000000008004ad8                pidSetController
 .text          0x0000000008004b20      0x79c /tmp/ccsJAQyL.ltrans6.ltrans.o
                0x0000000008004bec                VL53L0X_ref_calibration_io.constprop.136
                0x0000000008004c8a                VL53L0X_ClearInterruptMask.constprop.135
                0x0000000008004ce2                VL53L0X_calc_timeout_mclks.constprop.133
                0x0000000008004d08                VL53L0X_CheckAndLoadInterruptSettings.constprop.126
                0x0000000008004d68                get_next_good_spad.constprop.124
                0x0000000008004db4                enable_ref_spads.constprop.122
                0x0000000008004e70                Xshield_P::init() [clone .constprop.114]
                0x0000000008004f3c                NVIC_Init.part.0.constprop.97
                0x0000000008004f78                spektrumInit.constprop.88
                0x0000000008004ffc                timerConfigure.constprop.49
                0x0000000008005054                useRcControlsConfig.constprop.37
                0x0000000008005094                resetSerialConfig(serialConfig_s*) [clone .constprop.36]
                0x00000000080050f4                FLASH_WaitForLastOperation.constprop.31
                0x0000000008005118                headSerialError(unsigned char) [clone .constprop.19]
                0x0000000008005120                calculateThrottleStatus.constprop.15
                0x0000000008005154                PositionController.constprop.10
                0x0000000008005198                updateCompass.part.0.constprop.6
 .text          0x00000000080052bc      0x9e0 /tmp/ccsJAQyL.ltrans7.ltrans.o
                0x00000000080052da                set_sequence_step_timeout
                0x00000000080053e4                get_sequence_step_timeout
                0x0000000008005528                VL53L0X_device_read_strobe
                0x000000000800556c                VL53L0X_isqrt
                0x0000000008005596                VL53L0X_measurement_poll_for_completion
                0x00000000080055fa                ADC_RegularChannelConfig
                0x00000000080056b2                FLASH_GetStatus
                0x00000000080056dc                DMA_StructInit
                0x00000000080056f6                DMA_Init
                0x0000000008005732                DMA_DeInit
                0x0000000008005824                GPIO_Init
                0x00000000080058b2                serialWrite
                0x00000000080058b8                _putc(void*, char) [clone .lto_priv.296]
                0x00000000080058bc                applyDeadband
                0x00000000080058da                sin_approx
                0x00000000080059a0                buildRotationMatrix
                0x0000000008005a5c                rotateV
                0x0000000008005ad0                reset_FSI
                0x0000000008005ae8                set_FSI
                0x0000000008005afc                disableFlightMode
                0x0000000008005b1c                enableFlightMode
                0x0000000008005b38                featureClear
                0x0000000008005b48                featureSet
                0x0000000008005b58                writeEEPROM
                0x0000000008005c88                saveConfigAndNotify
 .text          0x0000000008005c9c      0x64c /tmp/ccsJAQyL.ltrans8.ltrans.o
                0x0000000008005c9c                unibusAdc3init() [clone .part.0]
                0x0000000008005e0c                reverseMotorGPIOInit
                0x0000000008005eb8                getGPIOpin
                0x0000000008005f1a                getGPIOport
                0x0000000008005f48                unibusAdcConfig
                0x0000000008005f60                unibusAdc4init()
                0x000000000800613c                unibusAdc2init()
 .text          0x00000000080062e8      0xd44 /tmp/ccsJAQyL.ltrans9.ltrans.o
                0x00000000080062e8                ms5611_calculate(long*, long*, unsigned long, unsigned long) [clone .lto_priv.277]
                0x0000000008006488                ms5611_start_up() [clone .lto_priv.275]
                0x0000000008006492                ms5611_start_ut() [clone .lto_priv.273]
                0x00000000080064c4                ms5611_get_up() [clone .lto_priv.276]
                0x00000000080064c6                ms5611_get_ut() [clone .lto_priv.274]
                0x00000000080064c8                activateControlRateConfig()
                0x0000000008006510                isEEPROMContentValid() [clone .lto_priv.144]
                0x000000000800655c                readEEPROM
                0x00000000080067ec                resetConf() [clone .lto_priv.169]
                0x0000000008006c9c                apmBaroCalibrationRead()
                0x0000000008006cf4                apmBaroRead
                0x0000000008006d78                apmBaroUpdate
                0x0000000008006e70                configTimeBase
                0x0000000008006f0c                lookupTimerIndex(TIM_TypeDef const*) [clone .lto_priv.184]
                0x0000000008006f64                timerChConfigCallbacks
                0x0000000008007014                USART2_IRQHandler
                0x0000000008007020                USART1_IRQHandler
 .text          0x000000000800702c      0x900 /tmp/ccsJAQyL.ltrans10.ltrans.o
                0x0000000008007096                VL53L0X_GetRangingMeasurementData
                0x0000000008007670                VL53L0X_StartMeasurement
                0x0000000008007740                VL53L0X_GetSequenceStepEnables
                0x0000000008007778                VL53L0X_GetDeviceParameters
 .text          0x000000000800792c      0x884 /tmp/ccsJAQyL.ltrans11.ltrans.o
                0x000000000800792c                pwmOverflowCallback(timerOvrHandlerRec_s*, unsigned short) [clone .lto_priv.287]
                0x0000000008007954                ppmEdgeCallback(timerCCHandlerRec_s*, unsigned short) [clone .lto_priv.288]
                0x0000000008007a2c                ppmOverflowCallback(timerOvrHandlerRec_s*, unsigned short) [clone .lto_priv.289]
                0x0000000008007a3c                pwmWriteStandard(unsigned char, unsigned short) [clone .lto_priv.284]
                0x0000000008007a50                pwmWriteBrushed(unsigned char, unsigned short) [clone .lto_priv.285]
                0x0000000008007a74                ak8963Read
                0x0000000008007b38                ak8963Init
                0x0000000008007c24                uartReconfigure.lto_priv.155
                0x0000000008007d48                pwmICConfig(TIM_TypeDef*, unsigned char, unsigned short)
                0x0000000008007e50                pwmEdgeCallback(timerCCHandlerRec_s*, unsigned short) [clone .lto_priv.286]
                0x0000000008007ea8                pwmWriteMotor
                0x0000000008007ec0                ledOperator
                0x0000000008007f30                gpioInit
                0x0000000008007f84                pwmOutConfig
 .text          0x00000000080081b0      0x7b4 /tmp/ccsJAQyL.ltrans12.ltrans.o
                0x0000000008008228                processRcStickPositions.constprop.3
                0x0000000008008460                VL53L0X_perform_single_ref_calibration
                0x0000000008008490                VL53L0X_perform_ref_calibration
                0x0000000008008520                set_ref_spad_map
                0x000000000800853c                VL53L0X_perform_ref_spad_management
                0x00000000080087bc                VL53L0X_load_tuning_settings
                0x000000000800886e                VL53L0X_set_measurement_timing_budget_micro_seconds
                0x0000000008008930                VL53L0X_get_vcsel_pulse_period
 .text          0x0000000008008964      0x970 /tmp/ccsJAQyL.ltrans13.ltrans.o
                0x000000000800897c                read8() [clone .lto_priv.166]
                0x0000000008008990                read16() [clone .lto_priv.167]
                0x00000000080089a4                serialize8(unsigned char) [clone .lto_priv.176]
                0x00000000080089c8                serialize16(unsigned short) [clone .lto_priv.177]
                0x00000000080089da                serialize32(unsigned long) [clone .lto_priv.178]
                0x00000000080089ec                serialize8Debug
                0x00000000080089fc                openSerialPort
                0x0000000008008a74                findNextSerialPortConfig
                0x0000000008008ab8                findSerialPortConfig
                0x0000000008008ac4                generateThrottleCurve
                0x0000000008008b44                generatePitchRollCurve
                0x0000000008008b7c                isRangeActive.part.0
                0x0000000008008bc4                beeperSilence
                0x0000000008008bd8                beeper
                0x0000000008008c24                beeperConfirmationBeeps
                0x0000000008008c5c                applyStepAdjustment
                0x000000000800908c                micros
                0x00000000080090c4                delay
                0x00000000080090e2                failureMode
                0x00000000080091a0                SysTick_Handler
                0x00000000080091b0                EXTI3_IRQHandler
                0x00000000080091b6                EXTI15_10_IRQHandler
                0x00000000080091bc                filterApplyPt1
                0x0000000008009214                writeMotors
 .text          0x00000000080092d4      0x514 /tmp/ccsJAQyL.ltrans14.ltrans.o
                0x00000000080093de                usartIrqHandler
                0x000000000800944c                DMA1_Channel4_IRQHandler
                0x0000000008009484                uartOpen
 .text          0x00000000080097e8      0xab8 /tmp/ccsJAQyL.ltrans15.ltrans.o
                0x00000000080097e8                pidMultiWii23(pidProfile_s*, controlRateConfig_s*, unsigned short, rollAndPitchTrims_t*, rxConfig_s*) [clone .lto_priv.189]
                0x0000000008009aac                pidMultiWii(pidProfile_s*, controlRateConfig_s*, unsigned short, rollAndPitchTrims_t*, rxConfig_s*) [clone .lto_priv.187]
                0x0000000008009d38                pidLuxFloat(pidProfile_s*, controlRateConfig_s*, unsigned short, rollAndPitchTrims_t*, rxConfig_s*) [clone .lto_priv.188]
                0x000000000800a088                pidResetErrorGyro
                0x000000000800a0a8                pidResetErrorAngle
                0x000000000800a0c4                failsafeUpdateState.part.0
                0x000000000800a23c                failsafeOnLowBattery
                0x000000000800a268                AltRst
 .text          0x000000000800a2a0      0x49c /tmp/ccsJAQyL.ltrans16.ltrans.o
                0x000000000800a2c8                mpuGyroRead
                0x000000000800a30c                mpuAccRead
                0x000000000800a394                mpu6500GyroInit
                0x000000000800a43c                mpu6500AccInit
                0x000000000800a450                i2cRead
                0x000000000800a544                mpuReadRegisterI2C(unsigned char, unsigned char, unsigned char*) [clone .lto_priv.279]
                0x000000000800a54e                i2cWriteBuffer
                0x000000000800a63c                i2cWrite
                0x000000000800a650                mpuWriteRegisterI2C(unsigned char, unsigned char) [clone .lto_priv.280]
                0x000000000800a658                VL53L0X_RdDWord
                0x000000000800a67c                VL53L0X_RdWord
                0x000000000800a6a8                VL53L0X_RdByte
                0x000000000800a6c2                VL53L0X_UpdateByte
                0x000000000800a6fe                VL53L0X_WrWord
                0x000000000800a726                VL53L0X_WrByte
 .text          0x000000000800a73c      0x794 /tmp/ccsJAQyL.ltrans17.ltrans.o
                0x000000000800a73c                nullReadRawRC.lto_priv.140
                0x000000000800a740                getRxfailValue.lto_priv.163
                0x000000000800a790                resumeRxSignal
                0x000000000800a7bc                suspendRxSignal
                0x000000000800a7e8                processInCommand() [clone .lto_priv.245]
 .text          0x000000000800aed0      0x574 /tmp/ccsJAQyL.ltrans18.ltrans.o
                0x000000000800aed0                apmCalculateEstimatedAltitude
                0x000000000800b310                mwArm
                0x000000000800b3a0                mwDisarm
                0x000000000800b400                isCalibrating()
 .text          0x000000000800b444      0x344 /tmp/ccsJAQyL.ltrans19.ltrans.o
                0x000000000800b474                unibusAdc1init()
                0x000000000800b624                debugPrint(char const*, int)
                0x000000000800b6d8                debugPrint(char const*)
                0x000000000800b71c                command_previous()
                0x000000000800b730                command_next()
                0x000000000800b750                LaserSensor::startRanging()
 .text          0x000000000800b788       0x68 /tmp/ccsJAQyL.ltrans20.ltrans.o
                0x000000000800b788                SystemInit
 .text          0x000000000800b7f0     0x66a8 /home/rajula/Academics/Semester10/MR_PE/Cygnus/tools/toolchain/gcc-arm/bin/../lib/gcc/arm-none-eabi/6.3.1/../../../../arm-none-eabi/lib/thumb/v7e-m/fpv4-sp/hard/libstdc++.a(cp-demangle.o)
                0x0000000008011dbc                __cxa_demangle
                0x0000000008011e74                __gcclibcxx_demangle_callback
 *fill*         0x0000000008011e98        0x8 
 .text          0x0000000008011ea0       0xa0 /home/rajula/Academics/Semester10/MR_PE/Cygnus/tools/toolchain/gcc-arm/bin/../lib/gcc/arm-none-eabi/6.3.1/../../../../arm-none-eabi/lib/thumb/v7e-m/fpv4-sp/hard/libc.a(lib_a-memchr.o)
                0x0000000008011ea0                memchr
 .text          0x0000000008011f40      0x134 /home/rajula/Academics/Semester10/MR_PE/Cygnus/tools/toolchain/gcc-arm/bin/../lib/gcc/arm-none-eabi/6.3.1/../../../../arm-none-eabi/lib/thumb/v7e-m/fpv4-sp/hard/libc.a(lib_a-memcpy.o)
                0x0000000008011f40                memcpy
 *fill*         0x0000000008012074        0xc 
 .text          0x0000000008012080      0x2dc /home/rajula/Academics/Semester10/MR_PE/Cygnus/tools/toolchain/gcc-arm/bin/../lib/gcc/arm-none-eabi/6.3.1/../../../../arm-none-eabi/lib/thumb/v7e-m/fpv4-sp/hard/libc.a(lib_a-strcmp.o)
                0x0000000008012088                strcmp
 *fill*         0x000000000801235c       0x24 
 .text          0x0000000008012380       0xdc /home/rajula/Academics/Semester10/MR_PE/Cygnus/tools/toolchain/gcc-arm/bin/../lib/gcc/arm-none-eabi/6.3.1/../../../../arm-none-eabi/lib/thumb/v7e-m/fpv4-sp/hard/libc.a(lib_a-strlen.o)
                0x0000000008012380                strlen
 .text          0x000000000801245c      0x370 /home/rajula/Academics/Semester10/MR_PE/Cygnus/tools/toolchain/gcc-arm/bin/../lib/gcc/arm-none-eabi/6.3.1/thumb/v7e-m/fpv4-sp/hard/libgcc.a(_arm_addsubdf3.o)
                0x000000000801245c                __aeabi_drsub
                0x0000000008012464                __aeabi_dsub
                0x0000000008012464                __subdf3
                0x0000000008012468                __adddf3
                0x0000000008012468                __aeabi_dadd
                0x00000000080126e0                __aeabi_ui2d
                0x00000000080126e0                __floatunsidf
                0x0000000008012700                __floatsidf
                0x0000000008012700                __aeabi_i2d
                0x0000000008012724                __extendsfdf2
                0x0000000008012724                __aeabi_f2d
                0x0000000008012760                __aeabi_ul2d
                0x0000000008012760                __floatundidf
                0x0000000008012770                __floatdidf
                0x0000000008012770                __aeabi_l2d
 .text          0x00000000080127cc      0x424 /home/rajula/Academics/Semester10/MR_PE/Cygnus/tools/toolchain/gcc-arm/bin/../lib/gcc/arm-none-eabi/6.3.1/thumb/v7e-m/fpv4-sp/hard/libgcc.a(_arm_muldivdf3.o)
                0x00000000080127cc                __aeabi_dmul
                0x00000000080127cc                __muldf3
                0x0000000008012a20                __aeabi_ddiv
                0x0000000008012a20                __divdf3
 .text          0x0000000008012bf0      0x110 /home/rajula/Academics/Semester10/MR_PE/Cygnus/tools/toolchain/gcc-arm/bin/../lib/gcc/arm-none-eabi/6.3.1/thumb/v7e-m/fpv4-sp/hard/libgcc.a(_arm_cmpdf2.o)
                0x0000000008012bf0                __gtdf2
                0x0000000008012bf0                __gedf2
                0x0000000008012bf8                __ltdf2
                0x0000000008012bf8                __ledf2
                0x0000000008012c00                __cmpdf2
                0x0000000008012c00                __eqdf2
                0x0000000008012c00                __nedf2
                0x0000000008012c7c                __aeabi_cdrcmple
                0x0000000008012c8c                __aeabi_cdcmple
                0x0000000008012c8c                __aeabi_cdcmpeq
                0x0000000008012c9c                __aeabi_dcmpeq
                0x0000000008012cb0                __aeabi_dcmplt
                0x0000000008012cc4                __aeabi_dcmple
                0x0000000008012cd8                __aeabi_dcmpge
                0x0000000008012cec                __aeabi_dcmpgt
 .text          0x0000000008012d00       0x2c /home/rajula/Academics/Semester10/MR_PE/Cygnus/tools/toolchain/gcc-arm/bin/../lib/gcc/arm-none-eabi/6.3.1/thumb/v7e-m/fpv4-sp/hard/libgcc.a(_arm_unorddf2.o)
                0x0000000008012d00                __aeabi_dcmpun
                0x0000000008012d00                __unorddf2
 .text          0x0000000008012d2c       0x50 /home/rajula/Academics/Semester10/MR_PE/Cygnus/tools/toolchain/gcc-arm/bin/../lib/gcc/arm-none-eabi/6.3.1/thumb/v7e-m/fpv4-sp/hard/libgcc.a(_arm_fixdfsi.o)
                0x0000000008012d2c                __fixdfsi
                0x0000000008012d2c                __aeabi_d2iz
 .text          0x0000000008012d7c       0x30 /home/rajula/Academics/Semester10/MR_PE/Cygnus/tools/toolchain/gcc-arm/bin/../lib/gcc/arm-none-eabi/6.3.1/thumb/v7e-m/fpv4-sp/hard/libgcc.a(_aeabi_uldivmod.o)
                0x0000000008012d7c                __aeabi_uldivmod
 .text          0x0000000008012dac      0x2dc /home/rajula/Academics/Semester10/MR_PE/Cygnus/tools/toolchain/gcc-arm/bin/../lib/gcc/arm-none-eabi/6.3.1/thumb/v7e-m/fpv4-sp/hard/libgcc.a(_udivmoddi4.o)
                0x0000000008012dac                __udivmoddi4
 .text          0x0000000008013088      0x9cc /home/rajula/Academics/Semester10/MR_PE/Cygnus/tools/toolchain/gcc-arm/bin/../lib/gcc/arm-none-eabi/6.3.1/thumb/v7e-m/fpv4-sp/hard/libgcc.a(unwind-arm.o)
                0x0000000008013348                _Unwind_GetCFA
                0x000000000801334c                __gnu_Unwind_RaiseException
                0x00000000080133ac                __gnu_Unwind_ForcedUnwind
                0x00000000080133c0                __gnu_Unwind_Resume
                0x0000000008013404                __gnu_Unwind_Resume_or_Rethrow
                0x0000000008013414                _Unwind_Complete
                0x0000000008013418                _Unwind_DeleteException
                0x0000000008013424                _Unwind_VRS_Get
                0x0000000008013470                _Unwind_VRS_Set
                0x00000000080134c0                __gnu_Unwind_Backtrace
                0x0000000008013800                __aeabi_unwind_cpp_pr0
                0x0000000008013804                __aeabi_unwind_cpp_pr1
                0x0000000008013808                __aeabi_unwind_cpp_pr2
                0x000000000801380c                _Unwind_VRS_Pop
 .text          0x0000000008013a54      0x1ac /home/rajula/Academics/Semester10/MR_PE/Cygnus/tools/toolchain/gcc-arm/bin/../lib/gcc/arm-none-eabi/6.3.1/thumb/v7e-m/fpv4-sp/hard/libgcc.a(libunwind.o)
                0x0000000008013a54                __restore_core_regs
                0x0000000008013a54                restore_core_regs
                0x0000000008013a6c                __gnu_Unwind_Restore_VFP
                0x0000000008013a74                __gnu_Unwind_Save_VFP
                0x0000000008013a7c                __gnu_Unwind_Restore_VFP_D
                0x0000000008013a84                __gnu_Unwind_Save_VFP_D
                0x0000000008013a8c                __gnu_Unwind_Restore_VFP_D_16_to_31
                0x0000000008013a94                __gnu_Unwind_Save_VFP_D_16_to_31
                0x0000000008013a9c                __gnu_Unwind_Restore_WMMXD
                0x0000000008013ae0                __gnu_Unwind_Save_WMMXD
                0x0000000008013b24                __gnu_Unwind_Restore_WMMXC
                0x0000000008013b38                __gnu_Unwind_Save_WMMXC
                0x0000000008013b4c                ___Unwind_RaiseException
                0x0000000008013b4c                _Unwind_RaiseException
                0x0000000008013b70                ___Unwind_Resume
                0x0000000008013b70                _Unwind_Resume
                0x0000000008013b94                _Unwind_Resume_or_Rethrow
                0x0000000008013b94                ___Unwind_Resume_or_Rethrow
                0x0000000008013bb8                ___Unwind_ForcedUnwind
                0x0000000008013bb8                _Unwind_ForcedUnwind
                0x0000000008013bdc                _Unwind_Backtrace
                0x0000000008013bdc                ___Unwind_Backtrace
 .text          0x0000000008013c00      0x380 /home/rajula/Academics/Semester10/MR_PE/Cygnus/tools/toolchain/gcc-arm/bin/../lib/gcc/arm-none-eabi/6.3.1/thumb/v7e-m/fpv4-sp/hard/libgcc.a(pr-support.o)
                0x0000000008013c58                __gnu_unwind_execute
                0x0000000008013f28                __gnu_unwind_frame
                0x0000000008013f50                _Unwind_GetRegionStart
                0x0000000008013f5c                _Unwind_GetLanguageSpecificData
                0x0000000008013f70                _Unwind_GetTextRelBase
                0x0000000008013f78                _Unwind_GetDataRelBase
 .text          0x0000000008013f80        0x4 /home/rajula/Academics/Semester10/MR_PE/Cygnus/tools/toolchain/gcc-arm/bin/../lib/gcc/arm-none-eabi/6.3.1/thumb/v7e-m/fpv4-sp/hard/libgcc.a(_dvmd_tls.o)
                0x0000000008013f80                __aeabi_ldiv0
                0x0000000008013f80                __aeabi_idiv0
 .text          0x0000000008013f84       0x1c /home/rajula/Academics/Semester10/MR_PE/Cygnus/tools/toolchain/gcc-arm/bin/../lib/gcc/arm-none-eabi/6.3.1/thumb/v7e-m/fpv4-sp/hard/libgcc.a(_ashrdi3.o)
                0x0000000008013f84                __ashrdi3
                0x0000000008013f84                __aeabi_lasr
 .text          0x0000000008013fa0       0xa0 /home/rajula/Academics/Semester10/MR_PE/Cygnus/tools/toolchain/gcc-arm/bin/../lib/gcc/arm-none-eabi/6.3.1/thumb/v7e-m/fpv4-sp/hard/libgcc.a(_arm_truncdfsf2.o)
                0x0000000008013fa0                __aeabi_d2f
                0x0000000008013fa0                __truncdfsf2
 .text          0x0000000008014040       0xa0 /home/rajula/Academics/Semester10/MR_PE/Cygnus/tools/toolchain/gcc-arm/bin/../lib/gcc/arm-none-eabi/6.3.1/thumb/v7e-m/fpv4-sp/hard/libgcc.a(_aeabi_ldivmod.o)
                0x0000000008014040                __aeabi_ldivmod
 .text          0x00000000080140e0       0x24 /home/rajula/Academics/Semester10/MR_PE/Cygnus/tools/toolchain/gcc-arm/bin/../lib/gcc/arm-none-eabi/6.3.1/thumb/v7e-m/fpv4-sp/hard/libgcc.a(_fixsfdi.o)
                0x00000000080140e0                __aeabi_f2lz
                0x00000000080140e0                __fixsfdi
 .text          0x0000000008014104       0x4c /home/rajula/Academics/Semester10/MR_PE/Cygnus/tools/toolchain/gcc-arm/bin/../lib/gcc/arm-none-eabi/6.3.1/thumb/v7e-m/fpv4-sp/hard/libgcc.a(_fixunssfdi.o)
                0x0000000008014104                __aeabi_f2ulz
                0x0000000008014104                __fixunssfdi
 .text          0x0000000008014150       0x40 /home/rajula/Academics/Semester10/MR_PE/Cygnus/tools/toolchain/gcc-arm/bin/../lib/gcc/arm-none-eabi/6.3.1/thumb/v7e-m/fpv4-sp/hard/libgcc.a(_arm_fixunsdfsi.o)
                0x0000000008014150                __fixunsdfsi
                0x0000000008014150                __aeabi_d2uiz
 *(.text*)
 .text.startup  0x0000000008014190     0x2224 /tmp/ccsJAQyL.ltrans0.ltrans.o
                0x0000000008014190                main
 .text.startup  0x00000000080163b4       0x14 /tmp/ccsJAQyL.ltrans6.ltrans.o
 .text.Reset_Handler
                0x00000000080163c8       0x68 ./libs/libpluto_0.2.a(startup_stm32f30x_md_gcc.o)
                0x00000000080163c8                Reset_Handler
 .text.Default_Handler
                0x0000000008016430        0x2 ./libs/libpluto_0.2.a(startup_stm32f30x_md_gcc.o)
                0x0000000008016430                RTC_Alarm_IRQHandler
                0x0000000008016430                TIM8_TRG_COM_IRQHandler
                0x0000000008016430                TIM8_CC_IRQHandler
                0x0000000008016430                DebugMon_Handler
                0x0000000008016430                TIM1_CC_IRQHandler
                0x0000000008016430                HardFault_Handler
                0x0000000008016430                USB_HP_IRQHandler
                0x0000000008016430                PVD_IRQHandler
                0x0000000008016430                PendSV_Handler
                0x0000000008016430                NMI_Handler
                0x0000000008016430                EXTI0_IRQHandler
                0x0000000008016430                I2C2_EV_IRQHandler
                0x0000000008016430                FPU_IRQHandler
                0x0000000008016430                EXTI2_TS_IRQHandler
                0x0000000008016430                TIM1_UP_TIM16_IRQHandler
                0x0000000008016430                UsageFault_Handler
                0x0000000008016430                ADC1_2_IRQHandler
                0x0000000008016430                SPI1_IRQHandler
                0x0000000008016430                TIM6_DAC_IRQHandler
                0x0000000008016430                TIM8_UP_IRQHandler
                0x0000000008016430                DMA2_Channel2_IRQHandler
                0x0000000008016430                USART3_IRQHandler
                0x0000000008016430                DMA1_Channel7_IRQHandler
                0x0000000008016430                CAN1_RX1_IRQHandler
                0x0000000008016430                UART5_IRQHandler
                0x0000000008016430                ADC3_IRQHandler
                0x0000000008016430                TIM4_IRQHandler
                0x0000000008016430                DMA2_Channel1_IRQHandler
                0x0000000008016430                I2C1_EV_IRQHandler
                0x0000000008016430                DMA1_Channel6_IRQHandler
                0x0000000008016430                UART4_IRQHandler
                0x0000000008016430                DMA2_Channel4_IRQHandler
                0x0000000008016430                TIM3_IRQHandler
                0x0000000008016430                RCC_IRQHandler
                0x0000000008016430                DMA1_Channel1_IRQHandler
                0x0000000008016430                Default_Handler
                0x0000000008016430                USBWakeUp_RMP_IRQHandler
                0x0000000008016430                TIM7_IRQHandler
                0x0000000008016430                EXTI9_5_IRQHandler
                0x0000000008016430                TAMPER_STAMP_IRQHandler
                0x0000000008016430                RTC_WKUP_IRQHandler
                0x0000000008016430                SPI2_IRQHandler
                0x0000000008016430                MemManage_Handler
                0x0000000008016430                SVC_Handler
                0x0000000008016430                DMA2_Channel5_IRQHandler
                0x0000000008016430                DMA1_Channel5_IRQHandler
                0x0000000008016430                USB_LP_IRQHandler
                0x0000000008016430                EXTI4_IRQHandler
                0x0000000008016430                USB_LP_CAN1_RX0_IRQHandler
                0x0000000008016430                TIM1_TRG_COM_TIM17_IRQHandler
                0x0000000008016430                USB_HP_CAN1_TX_IRQHandler
                0x0000000008016430                DMA1_Channel3_IRQHandler
                0x0000000008016430                ADC4_IRQHandler
                0x0000000008016430                WWDG_IRQHandler
                0x0000000008016430                TIM2_IRQHandler
                0x0000000008016430                COMP7_IRQHandler
                0x0000000008016430                COMP1_2_3_IRQHandler
                0x0000000008016430                EXTI1_IRQHandler
                0x0000000008016430                COMP4_5_6_IRQHandler
                0x0000000008016430                I2C2_ER_IRQHandler
                0x0000000008016430                DMA1_Channel2_IRQHandler
                0x0000000008016430                TIM8_BRK_IRQHandler
                0x0000000008016430                CAN1_SCE_IRQHandler
                0x0000000008016430                FLASH_IRQHandler
                0x0000000008016430                BusFault_Handler
                0x0000000008016430                SPI3_IRQHandler
                0x0000000008016430                I2C1_ER_IRQHandler
                0x0000000008016430                USBWakeUp_IRQHandler
                0x0000000008016430                DMA2_Channel3_IRQHandler
                0x0000000008016430                TIM1_BRK_TIM15_IRQHandler
 *fill*         0x0000000008016432        0x2 
 .text._Znwj    0x0000000008016434       0x3c /home/rajula/Academics/Semester10/MR_PE/Cygnus/tools/toolchain/gcc-arm/bin/../lib/gcc/arm-none-eabi/6.3.1/../../../../arm-none-eabi/lib/thumb/v7e-m/fpv4-sp/hard/libstdc++.a(new_op.o)
                0x0000000008016434                operator new(unsigned int)
 .text._ZN12_GLOBAL__N_14pool4freeEPv.constprop.4
                0x0000000008016470       0x74 /home/rajula/Academics/Semester10/MR_PE/Cygnus/tools/toolchain/gcc-arm/bin/../lib/gcc/arm-none-eabi/6.3.1/../../../../arm-none-eabi/lib/thumb/v7e-m/fpv4-sp/hard/libstdc++.a(eh_alloc.o)
 .text._ZN12_GLOBAL__N_14pool8allocateEj.constprop.5
                0x00000000080164e4       0x68 /home/rajula/Academics/Semester10/MR_PE/Cygnus/tools/toolchain/gcc-arm/bin/../lib/gcc/arm-none-eabi/6.3.1/../../../../arm-none-eabi/lib/thumb/v7e-m/fpv4-sp/hard/libstdc++.a(eh_alloc.o)
 .text.__cxa_allocate_exception
                0x000000000801654c       0x30 /home/rajula/Academics/Semester10/MR_PE/Cygnus/tools/toolchain/gcc-arm/bin/../lib/gcc/arm-none-eabi/6.3.1/../../../../arm-none-eabi/lib/thumb/v7e-m/fpv4-sp/hard/libstdc++.a(eh_alloc.o)
                0x000000000801654c                __cxa_allocate_exception
 .text.__cxa_free_exception
                0x000000000801657c       0x20 /home/rajula/Academics/Semester10/MR_PE/Cygnus/tools/toolchain/gcc-arm/bin/../lib/gcc/arm-none-eabi/6.3.1/../../../../arm-none-eabi/lib/thumb/v7e-m/fpv4-sp/hard/libstdc++.a(eh_alloc.o)
                0x000000000801657c                __cxa_free_exception
 .text.startup._GLOBAL__sub_I__ZN9__gnu_cxx9__freeresEv
                0x000000000801659c       0x28 /home/rajula/Academics/Semester10/MR_PE/Cygnus/tools/toolchain/gcc-arm/bin/../lib/gcc/arm-none-eabi/6.3.1/../../../../arm-none-eabi/lib/thumb/v7e-m/fpv4-sp/hard/libstdc++.a(eh_alloc.o)
 .text._ZL23__gxx_exception_cleanup19_Unwind_Reason_CodeP21_Unwind_Control_Block
                0x00000000080165c4       0x44 /home/rajula/Academics/Semester10/MR_PE/Cygnus/tools/toolchain/gcc-arm/bin/../lib/gcc/arm-none-eabi/6.3.1/../../../../arm-none-eabi/lib/thumb/v7e-m/fpv4-sp/hard/libstdc++.a(eh_throw.o)
 .text.__cxa_throw
                0x0000000008016608       0x7c /home/rajula/Academics/Semester10/MR_PE/Cygnus/tools/toolchain/gcc-arm/bin/../lib/gcc/arm-none-eabi/6.3.1/../../../../arm-none-eabi/lib/thumb/v7e-m/fpv4-sp/hard/libstdc++.a(eh_throw.o)
                0x0000000008016608                __cxa_throw
 .text.__cxa_rethrow
                0x0000000008016684       0x70 /home/rajula/Academics/Semester10/MR_PE/Cygnus/tools/toolchain/gcc-arm/bin/../lib/gcc/arm-none-eabi/6.3.1/../../../../arm-none-eabi/lib/thumb/v7e-m/fpv4-sp/hard/libstdc++.a(eh_throw.o)
                0x0000000008016684                __cxa_rethrow
 .text.__cxa_begin_catch
                0x00000000080166f4       0x7c /home/rajula/Academics/Semester10/MR_PE/Cygnus/tools/toolchain/gcc-arm/bin/../lib/gcc/arm-none-eabi/6.3.1/../../../../arm-none-eabi/lib/thumb/v7e-m/fpv4-sp/hard/libstdc++.a(eh_catch.o)
                0x00000000080166f4                __cxa_begin_catch
 .text.__cxa_end_catch
                0x0000000008016770       0x8c /home/rajula/Academics/Semester10/MR_PE/Cygnus/tools/toolchain/gcc-arm/bin/../lib/gcc/arm-none-eabi/6.3.1/../../../../arm-none-eabi/lib/thumb/v7e-m/fpv4-sp/hard/libstdc++.a(eh_catch.o)
                0x0000000008016770                __cxa_end_catch
 .text._ZNKSt9bad_alloc4whatEv
                0x00000000080167fc        0x8 /home/rajula/Academics/Semester10/MR_PE/Cygnus/tools/toolchain/gcc-arm/bin/../lib/gcc/arm-none-eabi/6.3.1/../../../../arm-none-eabi/lib/thumb/v7e-m/fpv4-sp/hard/libstdc++.a(bad_alloc.o)
                0x00000000080167fc                std::bad_alloc::what() const
 .text._ZNSt9bad_allocD2Ev
                0x0000000008016804       0x14 /home/rajula/Academics/Semester10/MR_PE/Cygnus/tools/toolchain/gcc-arm/bin/../lib/gcc/arm-none-eabi/6.3.1/../../../../arm-none-eabi/lib/thumb/v7e-m/fpv4-sp/hard/libstdc++.a(bad_alloc.o)
                0x0000000008016804                std::bad_alloc::~bad_alloc()
                0x0000000008016804                std::bad_alloc::~bad_alloc()
 .text._ZNSt9bad_allocD0Ev
                0x0000000008016818       0x1c /home/rajula/Academics/Semester10/MR_PE/Cygnus/tools/toolchain/gcc-arm/bin/../lib/gcc/arm-none-eabi/6.3.1/../../../../arm-none-eabi/lib/thumb/v7e-m/fpv4-sp/hard/libstdc++.a(bad_alloc.o)
                0x0000000008016818                std::bad_alloc::~bad_alloc()
 .text._ZN10__cxxabiv120__si_class_type_infoD2Ev
                0x0000000008016834       0x14 /home/rajula/Academics/Semester10/MR_PE/Cygnus/tools/toolchain/gcc-arm/bin/../lib/gcc/arm-none-eabi/6.3.1/../../../../arm-none-eabi/lib/thumb/v7e-m/fpv4-sp/hard/libstdc++.a(si_class_type_info.o)
                0x0000000008016834                __cxxabiv1::__si_class_type_info::~__si_class_type_info()
                0x0000000008016834                __cxxabiv1::__si_class_type_info::~__si_class_type_info()
 .text._ZN10__cxxabiv120__si_class_type_infoD0Ev
                0x0000000008016848       0x1c /home/rajula/Academics/Semester10/MR_PE/Cygnus/tools/toolchain/gcc-arm/bin/../lib/gcc/arm-none-eabi/6.3.1/../../../../arm-none-eabi/lib/thumb/v7e-m/fpv4-sp/hard/libstdc++.a(si_class_type_info.o)
                0x0000000008016848                __cxxabiv1::__si_class_type_info::~__si_class_type_info()
 .text._ZNK10__cxxabiv120__si_class_type_info20__do_find_public_srcEiPKvPKNS_17__class_type_infoES2_
                0x0000000008016864       0x3c /home/rajula/Academics/Semester10/MR_PE/Cygnus/tools/toolchain/gcc-arm/bin/../lib/gcc/arm-none-eabi/6.3.1/../../../../arm-none-eabi/lib/thumb/v7e-m/fpv4-sp/hard/libstdc++.a(si_class_type_info.o)
                0x0000000008016864                __cxxabiv1::__si_class_type_info::__do_find_public_src(int, void const*, __cxxabiv1::__class_type_info const*, void const*) const
 .text._ZNK10__cxxabiv120__si_class_type_info12__do_dyncastEiNS_17__class_type_info10__sub_kindEPKS1_PKvS4_S6_RNS1_16__dyncast_resultE
                0x00000000080168a0       0x90 /home/rajula/Academics/Semester10/MR_PE/Cygnus/tools/toolchain/gcc-arm/bin/../lib/gcc/arm-none-eabi/6.3.1/../../../../arm-none-eabi/lib/thumb/v7e-m/fpv4-sp/hard/libstdc++.a(si_class_type_info.o)
                0x00000000080168a0                __cxxabiv1::__si_class_type_info::__do_dyncast(int, __cxxabiv1::__class_type_info::__sub_kind, __cxxabiv1::__class_type_info const*, void const*, __cxxabiv1::__class_type_info const*, void const*, __cxxabiv1::__class_type_info::__dyncast_result&) const
 .text._ZNK10__cxxabiv120__si_class_type_info11__do_upcastEPKNS_17__class_type_infoEPKvRNS1_15__upcast_resultE
                0x0000000008016930       0x2c /home/rajula/Academics/Semester10/MR_PE/Cygnus/tools/toolchain/gcc-arm/bin/../lib/gcc/arm-none-eabi/6.3.1/../../../../arm-none-eabi/lib/thumb/v7e-m/fpv4-sp/hard/libstdc++.a(si_class_type_info.o)
                0x0000000008016930                __cxxabiv1::__si_class_type_info::__do_upcast(__cxxabiv1::__class_type_info const*, void const*, __cxxabiv1::__class_type_info::__upcast_result&) const
 .text._ZdlPvj  0x000000000801695c        0x4 /home/rajula/Academics/Semester10/MR_PE/Cygnus/tools/toolchain/gcc-arm/bin/../lib/gcc/arm-none-eabi/6.3.1/../../../../arm-none-eabi/lib/thumb/v7e-m/fpv4-sp/hard/libstdc++.a(del_ops.o)
                0x000000000801695c                operator delete(void*, unsigned int)
 .text._ZSt15get_new_handlerv
                0x0000000008016960       0x10 /home/rajula/Academics/Semester10/MR_PE/Cygnus/tools/toolchain/gcc-arm/bin/../lib/gcc/arm-none-eabi/6.3.1/../../../../arm-none-eabi/lib/thumb/v7e-m/fpv4-sp/hard/libstdc++.a(new_handler.o)
                0x0000000008016960                std::get_new_handler()
 .text._ZL28read_encoded_value_with_basehjPKhPj
                0x0000000008016970       0xc0 /home/rajula/Academics/Semester10/MR_PE/Cygnus/tools/toolchain/gcc-arm/bin/../lib/gcc/arm-none-eabi/6.3.1/../../../../arm-none-eabi/lib/thumb/v7e-m/fpv4-sp/hard/libstdc++.a(eh_personality.o)
 .text._ZL21base_of_encoded_valuehP15_Unwind_Context
                0x0000000008016a30       0x40 /home/rajula/Academics/Semester10/MR_PE/Cygnus/tools/toolchain/gcc-arm/bin/../lib/gcc/arm-none-eabi/6.3.1/../../../../arm-none-eabi/lib/thumb/v7e-m/fpv4-sp/hard/libstdc++.a(eh_personality.o)
 .text._ZL17parse_lsda_headerP15_Unwind_ContextPKhP16lsda_header_info
                0x0000000008016a70       0x98 /home/rajula/Academics/Semester10/MR_PE/Cygnus/tools/toolchain/gcc-arm/bin/../lib/gcc/arm-none-eabi/6.3.1/../../../../arm-none-eabi/lib/thumb/v7e-m/fpv4-sp/hard/libstdc++.a(eh_personality.o)
 .text.__gxx_personality_v0
                0x0000000008016b08      0x4b8 /home/rajula/Academics/Semester10/MR_PE/Cygnus/tools/toolchain/gcc-arm/bin/../lib/gcc/arm-none-eabi/6.3.1/../../../../arm-none-eabi/lib/thumb/v7e-m/fpv4-sp/hard/libstdc++.a(eh_personality.o)
                0x0000000008016b08                __gxx_personality_v0
 .text._ZN10__cxxabiv111__terminateEPFvvE
                0x0000000008016fc0       0x28 /home/rajula/Academics/Semester10/MR_PE/Cygnus/tools/toolchain/gcc-arm/bin/../lib/gcc/arm-none-eabi/6.3.1/../../../../arm-none-eabi/lib/thumb/v7e-m/fpv4-sp/hard/libstdc++.a(eh_terminate.o)
                0x0000000008016fc0                __cxxabiv1::__terminate(void (*)())
 .text._ZSt9terminatev
                0x0000000008016fe8       0x14 /home/rajula/Academics/Semester10/MR_PE/Cygnus/tools/toolchain/gcc-arm/bin/../lib/gcc/arm-none-eabi/6.3.1/../../../../arm-none-eabi/lib/thumb/v7e-m/fpv4-sp/hard/libstdc++.a(eh_terminate.o)
                0x0000000008016fe8                std::terminate()
 .text._ZN10__cxxabiv112__unexpectedEPFvvE
                0x0000000008016ffc        0x8 /home/rajula/Academics/Semester10/MR_PE/Cygnus/tools/toolchain/gcc-arm/bin/../lib/gcc/arm-none-eabi/6.3.1/../../../../arm-none-eabi/lib/thumb/v7e-m/fpv4-sp/hard/libstdc++.a(eh_terminate.o)
                0x0000000008016ffc                __cxxabiv1::__unexpected(void (*)())
 .text._ZSt10unexpectedv
                0x0000000008017004       0x14 /home/rajula/Academics/Semester10/MR_PE/Cygnus/tools/toolchain/gcc-arm/bin/../lib/gcc/arm-none-eabi/6.3.1/../../../../arm-none-eabi/lib/thumb/v7e-m/fpv4-sp/hard/libstdc++.a(eh_terminate.o)
                0x0000000008017004                std::unexpected()
 .text._ZSt13get_terminatev
                0x0000000008017018       0x10 /home/rajula/Academics/Semester10/MR_PE/Cygnus/tools/toolchain/gcc-arm/bin/../lib/gcc/arm-none-eabi/6.3.1/../../../../arm-none-eabi/lib/thumb/v7e-m/fpv4-sp/hard/libstdc++.a(eh_terminate.o)
                0x0000000008017018                std::get_terminate()
 .text._ZSt14get_unexpectedv
                0x0000000008017028       0x10 /home/rajula/Academics/Semester10/MR_PE/Cygnus/tools/toolchain/gcc-arm/bin/../lib/gcc/arm-none-eabi/6.3.1/../../../../arm-none-eabi/lib/thumb/v7e-m/fpv4-sp/hard/libstdc++.a(eh_terminate.o)
                0x0000000008017028                std::get_unexpected()
 .text._ZdlPv   0x0000000008017038        0x4 /home/rajula/Academics/Semester10/MR_PE/Cygnus/tools/toolchain/gcc-arm/bin/../lib/gcc/arm-none-eabi/6.3.1/../../../../arm-none-eabi/lib/thumb/v7e-m/fpv4-sp/hard/libstdc++.a(del_op.o)
                0x0000000008017038                operator delete(void*)
 .text._ZNSt9type_infoD2Ev
                0x000000000801703c        0x4 /home/rajula/Academics/Semester10/MR_PE/Cygnus/tools/toolchain/gcc-arm/bin/../lib/gcc/arm-none-eabi/6.3.1/../../../../arm-none-eabi/lib/thumb/v7e-m/fpv4-sp/hard/libstdc++.a(tinfo.o)
                0x000000000801703c                std::type_info::~type_info()
                0x000000000801703c                std::type_info::~type_info()
 .text._ZNKSt9type_info15__is_function_pEv
                0x0000000008017040        0x4 /home/rajula/Academics/Semester10/MR_PE/Cygnus/tools/toolchain/gcc-arm/bin/../lib/gcc/arm-none-eabi/6.3.1/../../../../arm-none-eabi/lib/thumb/v7e-m/fpv4-sp/hard/libstdc++.a(tinfo.o)
                0x0000000008017040                std::type_info::__is_function_p() const
                0x0000000008017040                std::type_info::__is_pointer_p() const
 .text._ZNKSt9type_infoeqERKS_
                0x0000000008017044       0x2c /home/rajula/Academics/Semester10/MR_PE/Cygnus/tools/toolchain/gcc-arm/bin/../lib/gcc/arm-none-eabi/6.3.1/../../../../arm-none-eabi/lib/thumb/v7e-m/fpv4-sp/hard/libstdc++.a(tinfo.o)
                0x0000000008017044                std::type_info::operator==(std::type_info const&) const
 .text._ZNK10__cxxabiv117__class_type_info11__do_upcastEPKS0_PPv
                0x0000000008017070       0x38 /home/rajula/Academics/Semester10/MR_PE/Cygnus/tools/toolchain/gcc-arm/bin/../lib/gcc/arm-none-eabi/6.3.1/../../../../arm-none-eabi/lib/thumb/v7e-m/fpv4-sp/hard/libstdc++.a(class_type_info.o)
                0x0000000008017070                __cxxabiv1::__class_type_info::__do_upcast(__cxxabiv1::__class_type_info const*, void**) const
 .text._ZNK10__cxxabiv117__class_type_info20__do_find_public_srcEiPKvPKS0_S2_
                0x00000000080170a8        0xc /home/rajula/Academics/Semester10/MR_PE/Cygnus/tools/toolchain/gcc-arm/bin/../lib/gcc/arm-none-eabi/6.3.1/../../../../arm-none-eabi/lib/thumb/v7e-m/fpv4-sp/hard/libstdc++.a(class_type_info.o)
                0x00000000080170a8                __cxxabiv1::__class_type_info::__do_find_public_src(int, void const*, __cxxabiv1::__class_type_info const*, void const*) const
 .text._ZN10__cxxabiv117__class_type_infoD2Ev
                0x00000000080170b4       0x14 /home/rajula/Academics/Semester10/MR_PE/Cygnus/tools/toolchain/gcc-arm/bin/../lib/gcc/arm-none-eabi/6.3.1/../../../../arm-none-eabi/lib/thumb/v7e-m/fpv4-sp/hard/libstdc++.a(class_type_info.o)
                0x00000000080170b4                __cxxabiv1::__class_type_info::~__class_type_info()
                0x00000000080170b4                __cxxabiv1::__class_type_info::~__class_type_info()
 .text._ZN10__cxxabiv117__class_type_infoD0Ev
                0x00000000080170c8       0x1c /home/rajula/Academics/Semester10/MR_PE/Cygnus/tools/toolchain/gcc-arm/bin/../lib/gcc/arm-none-eabi/6.3.1/../../../../arm-none-eabi/lib/thumb/v7e-m/fpv4-sp/hard/libstdc++.a(class_type_info.o)
                0x00000000080170c8                __cxxabiv1::__class_type_info::~__class_type_info()
 .text._ZNK10__cxxabiv117__class_type_info11__do_upcastEPKS0_PKvRNS0_15__upcast_resultE
                0x00000000080170e4       0x18 /home/rajula/Academics/Semester10/MR_PE/Cygnus/tools/toolchain/gcc-arm/bin/../lib/gcc/arm-none-eabi/6.3.1/../../../../arm-none-eabi/lib/thumb/v7e-m/fpv4-sp/hard/libstdc++.a(class_type_info.o)
                0x00000000080170e4                __cxxabiv1::__class_type_info::__do_upcast(__cxxabiv1::__class_type_info const*, void const*, __cxxabiv1::__class_type_info::__upcast_result&) const
 .text._ZNK10__cxxabiv117__class_type_info10__do_catchEPKSt9type_infoPPvj
                0x00000000080170fc       0x2c /home/rajula/Academics/Semester10/MR_PE/Cygnus/tools/toolchain/gcc-arm/bin/../lib/gcc/arm-none-eabi/6.3.1/../../../../arm-none-eabi/lib/thumb/v7e-m/fpv4-sp/hard/libstdc++.a(class_type_info.o)
                0x00000000080170fc                __cxxabiv1::__class_type_info::__do_catch(std::type_info const*, void**, unsigned int) const
 .text._ZNK10__cxxabiv117__class_type_info12__do_dyncastEiNS0_10__sub_kindEPKS0_PKvS3_S5_RNS0_16__dyncast_resultE
                0x0000000008017128       0x40 /home/rajula/Academics/Semester10/MR_PE/Cygnus/tools/toolchain/gcc-arm/bin/../lib/gcc/arm-none-eabi/6.3.1/../../../../arm-none-eabi/lib/thumb/v7e-m/fpv4-sp/hard/libstdc++.a(class_type_info.o)
                0x0000000008017128                __cxxabiv1::__class_type_info::__do_dyncast(int, __cxxabiv1::__class_type_info::__sub_kind, __cxxabiv1::__class_type_info const*, void const*, __cxxabiv1::__class_type_info const*, void const*, __cxxabiv1::__class_type_info::__dyncast_result&) const
 .text.__cxa_end_cleanup
                0x0000000008017168        0xc /home/rajula/Academics/Semester10/MR_PE/Cygnus/tools/toolchain/gcc-arm/bin/../lib/gcc/arm-none-eabi/6.3.1/../../../../arm-none-eabi/lib/thumb/v7e-m/fpv4-sp/hard/libstdc++.a(eh_arm.o)
                0x0000000008017168                __cxa_end_cleanup
 .text.__cxa_type_match
                0x0000000008017174       0xb8 /home/rajula/Academics/Semester10/MR_PE/Cygnus/tools/toolchain/gcc-arm/bin/../lib/gcc/arm-none-eabi/6.3.1/../../../../arm-none-eabi/lib/thumb/v7e-m/fpv4-sp/hard/libstdc++.a(eh_arm.o)
                0x0000000008017174                __cxa_type_match
 .text.__cxa_begin_cleanup
                0x000000000801722c       0x64 /home/rajula/Academics/Semester10/MR_PE/Cygnus/tools/toolchain/gcc-arm/bin/../lib/gcc/arm-none-eabi/6.3.1/../../../../arm-none-eabi/lib/thumb/v7e-m/fpv4-sp/hard/libstdc++.a(eh_arm.o)
                0x000000000801722c                __cxa_begin_cleanup
 .text.__gnu_end_cleanup
                0x0000000008017290       0x70 /home/rajula/Academics/Semester10/MR_PE/Cygnus/tools/toolchain/gcc-arm/bin/../lib/gcc/arm-none-eabi/6.3.1/../../../../arm-none-eabi/lib/thumb/v7e-m/fpv4-sp/hard/libstdc++.a(eh_arm.o)
                0x0000000008017290                __gnu_end_cleanup
 .text.__cxa_get_globals_fast
                0x0000000008017300        0x8 /home/rajula/Academics/Semester10/MR_PE/Cygnus/tools/toolchain/gcc-arm/bin/../lib/gcc/arm-none-eabi/6.3.1/../../../../arm-none-eabi/lib/thumb/v7e-m/fpv4-sp/hard/libstdc++.a(eh_globals.o)
                0x0000000008017300                __cxa_get_globals_fast
 .text.__cxa_get_globals
                0x0000000008017308        0x8 /home/rajula/Academics/Semester10/MR_PE/Cygnus/tools/toolchain/gcc-arm/bin/../lib/gcc/arm-none-eabi/6.3.1/../../../../arm-none-eabi/lib/thumb/v7e-m/fpv4-sp/hard/libstdc++.a(eh_globals.o)
                0x0000000008017308                __cxa_get_globals
 .text._ZNSt9exceptionD2Ev
                0x0000000008017310        0x4 /home/rajula/Academics/Semester10/MR_PE/Cygnus/tools/toolchain/gcc-arm/bin/../lib/gcc/arm-none-eabi/6.3.1/../../../../arm-none-eabi/lib/thumb/v7e-m/fpv4-sp/hard/libstdc++.a(eh_exception.o)
                0x0000000008017310                std::exception::~exception()
                0x0000000008017310                std::exception::~exception()
 .text._ZNSt13bad_exceptionD2Ev
                0x0000000008017314        0x4 /home/rajula/Academics/Semester10/MR_PE/Cygnus/tools/toolchain/gcc-arm/bin/../lib/gcc/arm-none-eabi/6.3.1/../../../../arm-none-eabi/lib/thumb/v7e-m/fpv4-sp/hard/libstdc++.a(eh_exception.o)
                0x0000000008017314                std::bad_exception::~bad_exception()
                0x0000000008017314                std::bad_exception::~bad_exception()
 .text._ZGTtNKSt13bad_exception4whatEv
                0x0000000008017318        0x8 /home/rajula/Academics/Semester10/MR_PE/Cygnus/tools/toolchain/gcc-arm/bin/../lib/gcc/arm-none-eabi/6.3.1/../../../../arm-none-eabi/lib/thumb/v7e-m/fpv4-sp/hard/libstdc++.a(eh_exception.o)
                0x0000000008017318                transaction clone for std::bad_exception::what() const
                0x0000000008017318                std::bad_exception::what() const
 .text._ZNSt13bad_exceptionD0Ev
                0x0000000008017320       0x10 /home/rajula/Academics/Semester10/MR_PE/Cygnus/tools/toolchain/gcc-arm/bin/../lib/gcc/arm-none-eabi/6.3.1/../../../../arm-none-eabi/lib/thumb/v7e-m/fpv4-sp/hard/libstdc++.a(eh_exception.o)
                0x0000000008017320                std::bad_exception::~bad_exception()
 .text._ZN10__cxxabiv1L24__is_gxx_exception_classEPc
                0x0000000008017330       0x3c /home/rajula/Academics/Semester10/MR_PE/Cygnus/tools/toolchain/gcc-arm/bin/../lib/gcc/arm-none-eabi/6.3.1/../../../../arm-none-eabi/lib/thumb/v7e-m/fpv4-sp/hard/libstdc++.a(eh_call.o)
 .text.__cxa_call_terminate
                0x000000000801736c       0x20 /home/rajula/Academics/Semester10/MR_PE/Cygnus/tools/toolchain/gcc-arm/bin/../lib/gcc/arm-none-eabi/6.3.1/../../../../arm-none-eabi/lib/thumb/v7e-m/fpv4-sp/hard/libstdc++.a(eh_call.o)
                0x000000000801736c                __cxa_call_terminate
 .text.__cxa_call_unexpected
                0x000000000801738c       0xe0 /home/rajula/Academics/Semester10/MR_PE/Cygnus/tools/toolchain/gcc-arm/bin/../lib/gcc/arm-none-eabi/6.3.1/../../../../arm-none-eabi/lib/thumb/v7e-m/fpv4-sp/hard/libstdc++.a(eh_call.o)
                0x000000000801738c                __cxa_call_unexpected
 .text._ZN9__gnu_cxx27__verbose_terminate_handlerEv
                0x000000000801746c      0x110 /home/rajula/Academics/Semester10/MR_PE/Cygnus/tools/toolchain/gcc-arm/bin/../lib/gcc/arm-none-eabi/6.3.1/../../../../arm-none-eabi/lib/thumb/v7e-m/fpv4-sp/hard/libstdc++.a(vterminate.o)
                0x000000000801746c                __gnu_cxx::__verbose_terminate_handler()
 .text.__cxa_current_exception_type
                0x000000000801757c       0x1c /home/rajula/Academics/Semester10/MR_PE/Cygnus/tools/toolchain/gcc-arm/bin/../lib/gcc/arm-none-eabi/6.3.1/../../../../arm-none-eabi/lib/thumb/v7e-m/fpv4-sp/hard/libstdc++.a(eh_type.o)
                0x000000000801757c                __cxa_current_exception_type
 .text.abort    0x0000000008017598       0x10 /home/rajula/Academics/Semester10/MR_PE/Cygnus/tools/toolchain/gcc-arm/bin/../lib/gcc/arm-none-eabi/6.3.1/../../../../arm-none-eabi/lib/thumb/v7e-m/fpv4-sp/hard/libc.a(lib_a-abort.o)
                0x0000000008017598                abort
 .text.fputc    0x00000000080175a8       0x58 /home/rajula/Academics/Semester10/MR_PE/Cygnus/tools/toolchain/gcc-arm/bin/../lib/gcc/arm-none-eabi/6.3.1/../../../../arm-none-eabi/lib/thumb/v7e-m/fpv4-sp/hard/libc.a(lib_a-fputc.o)
                0x00000000080175a8                fputc
 .text._fputs_r
                0x0000000008017600       0x88 /home/rajula/Academics/Semester10/MR_PE/Cygnus/tools/toolchain/gcc-arm/bin/../lib/gcc/arm-none-eabi/6.3.1/../../../../arm-none-eabi/lib/thumb/v7e-m/fpv4-sp/hard/libc.a(lib_a-fputs.o)
                0x0000000008017600                _fputs_r
 .text.fputs    0x0000000008017688       0x10 /home/rajula/Academics/Semester10/MR_PE/Cygnus/tools/toolchain/gcc-arm/bin/../lib/gcc/arm-none-eabi/6.3.1/../../../../arm-none-eabi/lib/thumb/v7e-m/fpv4-sp/hard/libc.a(lib_a-fputs.o)
                0x0000000008017688                fputs
 .text.__sfvwrite_r
                0x0000000008017698      0x2f0 /home/rajula/Academics/Semester10/MR_PE/Cygnus/tools/toolchain/gcc-arm/bin/../lib/gcc/arm-none-eabi/6.3.1/../../../../arm-none-eabi/lib/thumb/v7e-m/fpv4-sp/hard/libc.a(lib_a-fvwrite.o)
                0x0000000008017698                __sfvwrite_r
 .text._fwrite_r
                0x0000000008017988       0xac /home/rajula/Academics/Semester10/MR_PE/Cygnus/tools/toolchain/gcc-arm/bin/../lib/gcc/arm-none-eabi/6.3.1/../../../../arm-none-eabi/lib/thumb/v7e-m/fpv4-sp/hard/libc.a(lib_a-fwrite.o)
                0x0000000008017988                _fwrite_r
 .text.fwrite   0x0000000008017a34       0x20 /home/rajula/Academics/Semester10/MR_PE/Cygnus/tools/toolchain/gcc-arm/bin/../lib/gcc/arm-none-eabi/6.3.1/../../../../arm-none-eabi/lib/thumb/v7e-m/fpv4-sp/hard/libc.a(lib_a-fwrite.o)
                0x0000000008017a34                fwrite
 .text.__retarget_lock_init_recursive
                0x0000000008017a54        0x4 /home/rajula/Academics/Semester10/MR_PE/Cygnus/tools/toolchain/gcc-arm/bin/../lib/gcc/arm-none-eabi/6.3.1/../../../../arm-none-eabi/lib/thumb/v7e-m/fpv4-sp/hard/libc.a(lib_a-lock.o)
                0x0000000008017a54                __retarget_lock_init_recursive
 .text.__retarget_lock_close_recursive
                0x0000000008017a58        0x4 /home/rajula/Academics/Semester10/MR_PE/Cygnus/tools/toolchain/gcc-arm/bin/../lib/gcc/arm-none-eabi/6.3.1/../../../../arm-none-eabi/lib/thumb/v7e-m/fpv4-sp/hard/libc.a(lib_a-lock.o)
                0x0000000008017a58                __retarget_lock_close_recursive
 .text.__retarget_lock_acquire_recursive
                0x0000000008017a5c        0x4 /home/rajula/Academics/Semester10/MR_PE/Cygnus/tools/toolchain/gcc-arm/bin/../lib/gcc/arm-none-eabi/6.3.1/../../../../arm-none-eabi/lib/thumb/v7e-m/fpv4-sp/hard/libc.a(lib_a-lock.o)
                0x0000000008017a5c                __retarget_lock_acquire_recursive
 .text.__retarget_lock_release_recursive
                0x0000000008017a60        0x4 /home/rajula/Academics/Semester10/MR_PE/Cygnus/tools/toolchain/gcc-arm/bin/../lib/gcc/arm-none-eabi/6.3.1/../../../../arm-none-eabi/lib/thumb/v7e-m/fpv4-sp/hard/libc.a(lib_a-lock.o)
                0x0000000008017a60                __retarget_lock_release_recursive
 .text.malloc   0x0000000008017a64       0x10 /home/rajula/Academics/Semester10/MR_PE/Cygnus/tools/toolchain/gcc-arm/bin/../lib/gcc/arm-none-eabi/6.3.1/../../../../arm-none-eabi/lib/thumb/v7e-m/fpv4-sp/hard/libc.a(lib_a-malloc.o)
                0x0000000008017a64                malloc
 .text.free     0x0000000008017a74       0x10 /home/rajula/Academics/Semester10/MR_PE/Cygnus/tools/toolchain/gcc-arm/bin/../lib/gcc/arm-none-eabi/6.3.1/../../../../arm-none-eabi/lib/thumb/v7e-m/fpv4-sp/hard/libc.a(lib_a-malloc.o)
                0x0000000008017a74                free
 .text._malloc_r
                0x0000000008017a84      0x560 /home/rajula/Academics/Semester10/MR_PE/Cygnus/tools/toolchain/gcc-arm/bin/../lib/gcc/arm-none-eabi/6.3.1/../../../../arm-none-eabi/lib/thumb/v7e-m/fpv4-sp/hard/libc.a(lib_a-mallocr.o)
                0x0000000008017a84                _malloc_r
 .text.memcmp   0x0000000008017fe4       0x60 /home/rajula/Academics/Semester10/MR_PE/Cygnus/tools/toolchain/gcc-arm/bin/../lib/gcc/arm-none-eabi/6.3.1/../../../../arm-none-eabi/lib/thumb/v7e-m/fpv4-sp/hard/libc.a(lib_a-memcmp.o)
                0x0000000008017fe4                memcmp
 .text.memmove  0x0000000008018044       0xc8 /home/rajula/Academics/Semester10/MR_PE/Cygnus/tools/toolchain/gcc-arm/bin/../lib/gcc/arm-none-eabi/6.3.1/../../../../arm-none-eabi/lib/thumb/v7e-m/fpv4-sp/hard/libc.a(lib_a-memmove.o)
                0x0000000008018044                memmove
 .text.memset   0x000000000801810c       0x9c /home/rajula/Academics/Semester10/MR_PE/Cygnus/tools/toolchain/gcc-arm/bin/../lib/gcc/arm-none-eabi/6.3.1/../../../../arm-none-eabi/lib/thumb/v7e-m/fpv4-sp/hard/libc.a(lib_a-memset.o)
                0x000000000801810c                memset
 .text.__malloc_lock
                0x00000000080181a8        0xc /home/rajula/Academics/Semester10/MR_PE/Cygnus/tools/toolchain/gcc-arm/bin/../lib/gcc/arm-none-eabi/6.3.1/../../../../arm-none-eabi/lib/thumb/v7e-m/fpv4-sp/hard/libc.a(lib_a-mlock.o)
                0x00000000080181a8                __malloc_lock
 .text.__malloc_unlock
                0x00000000080181b4        0xc /home/rajula/Academics/Semester10/MR_PE/Cygnus/tools/toolchain/gcc-arm/bin/../lib/gcc/arm-none-eabi/6.3.1/../../../../arm-none-eabi/lib/thumb/v7e-m/fpv4-sp/hard/libc.a(lib_a-mlock.o)
                0x00000000080181b4                __malloc_unlock
 .text._putc_r  0x00000000080181c0       0x70 /home/rajula/Academics/Semester10/MR_PE/Cygnus/tools/toolchain/gcc-arm/bin/../lib/gcc/arm-none-eabi/6.3.1/../../../../arm-none-eabi/lib/thumb/v7e-m/fpv4-sp/hard/libc.a(lib_a-putc.o)
                0x00000000080181c0                _putc_r
 .text.realloc  0x0000000008018230       0x10 /home/rajula/Academics/Semester10/MR_PE/Cygnus/tools/toolchain/gcc-arm/bin/../lib/gcc/arm-none-eabi/6.3.1/../../../../arm-none-eabi/lib/thumb/v7e-m/fpv4-sp/hard/libc.a(lib_a-realloc.o)
                0x0000000008018230                realloc
 .text._realloc_r
                0x0000000008018240      0x34c /home/rajula/Academics/Semester10/MR_PE/Cygnus/tools/toolchain/gcc-arm/bin/../lib/gcc/arm-none-eabi/6.3.1/../../../../arm-none-eabi/lib/thumb/v7e-m/fpv4-sp/hard/libc.a(lib_a-reallocr.o)
                0x0000000008018240                _realloc_r
 .text._sbrk_r  0x000000000801858c       0x24 /home/rajula/Academics/Semester10/MR_PE/Cygnus/tools/toolchain/gcc-arm/bin/../lib/gcc/arm-none-eabi/6.3.1/../../../../arm-none-eabi/lib/thumb/v7e-m/fpv4-sp/hard/libc.a(lib_a-sbrkr.o)
                0x000000000801858c                _sbrk_r
 .text._raise_r
                0x00000000080185b0       0x60 /home/rajula/Academics/Semester10/MR_PE/Cygnus/tools/toolchain/gcc-arm/bin/../lib/gcc/arm-none-eabi/6.3.1/../../../../arm-none-eabi/lib/thumb/v7e-m/fpv4-sp/hard/libc.a(lib_a-signal.o)
                0x00000000080185b0                _raise_r
 .text.raise    0x0000000008018610       0x10 /home/rajula/Academics/Semester10/MR_PE/Cygnus/tools/toolchain/gcc-arm/bin/../lib/gcc/arm-none-eabi/6.3.1/../../../../arm-none-eabi/lib/thumb/v7e-m/fpv4-sp/hard/libc.a(lib_a-signal.o)
                0x0000000008018610                raise
 .text._kill_r  0x0000000008018620       0x28 /home/rajula/Academics/Semester10/MR_PE/Cygnus/tools/toolchain/gcc-arm/bin/../lib/gcc/arm-none-eabi/6.3.1/../../../../arm-none-eabi/lib/thumb/v7e-m/fpv4-sp/hard/libc.a(lib_a-signalr.o)
                0x0000000008018620                _kill_r
 .text._getpid_r
                0x0000000008018648        0x4 /home/rajula/Academics/Semester10/MR_PE/Cygnus/tools/toolchain/gcc-arm/bin/../lib/gcc/arm-none-eabi/6.3.1/../../../../arm-none-eabi/lib/thumb/v7e-m/fpv4-sp/hard/libc.a(lib_a-signalr.o)
                0x0000000008018648                _getpid_r
 .text.sprintf  0x000000000801864c       0x4c /home/rajula/Academics/Semester10/MR_PE/Cygnus/tools/toolchain/gcc-arm/bin/../lib/gcc/arm-none-eabi/6.3.1/../../../../arm-none-eabi/lib/thumb/v7e-m/fpv4-sp/hard/libc.a(lib_a-sprintf.o)
                0x000000000801864c                sprintf
 .text.strncmp  0x0000000008018698       0xa4 /home/rajula/Academics/Semester10/MR_PE/Cygnus/tools/toolchain/gcc-arm/bin/../lib/gcc/arm-none-eabi/6.3.1/../../../../arm-none-eabi/lib/thumb/v7e-m/fpv4-sp/hard/libc.a(lib_a-strncmp.o)
                0x0000000008018698                strncmp
 *fill*         0x000000000801873c        0x4 
 .text._svfprintf_r
                0x0000000008018740     0x1494 /home/rajula/Academics/Semester10/MR_PE/Cygnus/tools/toolchain/gcc-arm/bin/../lib/gcc/arm-none-eabi/6.3.1/../../../../arm-none-eabi/lib/thumb/v7e-m/fpv4-sp/hard/libc.a(lib_a-svfprintf.o)
                0x0000000008018740                _svfprintf_r
 .text.__swbuf_r
                0x0000000008019bd4       0xb0 /home/rajula/Academics/Semester10/MR_PE/Cygnus/tools/toolchain/gcc-arm/bin/../lib/gcc/arm-none-eabi/6.3.1/../../../../arm-none-eabi/lib/thumb/v7e-m/fpv4-sp/hard/libc.a(lib_a-wbuf.o)
                0x0000000008019bd4                __swbuf_r
 .text._write_r
                0x0000000008019c84       0x2c /home/rajula/Academics/Semester10/MR_PE/Cygnus/tools/toolchain/gcc-arm/bin/../lib/gcc/arm-none-eabi/6.3.1/../../../../arm-none-eabi/lib/thumb/v7e-m/fpv4-sp/hard/libc.a(lib_a-writer.o)
                0x0000000008019c84                _write_r
 .text.__swsetup_r
                0x0000000008019cb0       0xc8 /home/rajula/Academics/Semester10/MR_PE/Cygnus/tools/toolchain/gcc-arm/bin/../lib/gcc/arm-none-eabi/6.3.1/../../../../arm-none-eabi/lib/thumb/v7e-m/fpv4-sp/hard/libc.a(lib_a-wsetup.o)
                0x0000000008019cb0                __swsetup_r
 .text.quorem   0x0000000008019d78      0x128 /home/rajula/Academics/Semester10/MR_PE/Cygnus/tools/toolchain/gcc-arm/bin/../lib/gcc/arm-none-eabi/6.3.1/../../../../arm-none-eabi/lib/thumb/v7e-m/fpv4-sp/hard/libc.a(lib_a-dtoa.o)
 .text._dtoa_r  0x0000000008019ea0      0xe4c /home/rajula/Academics/Semester10/MR_PE/Cygnus/tools/toolchain/gcc-arm/bin/../lib/gcc/arm-none-eabi/6.3.1/../../../../arm-none-eabi/lib/thumb/v7e-m/fpv4-sp/hard/libc.a(lib_a-dtoa.o)
                0x0000000008019ea0                _dtoa_r
 .text.__sflush_r
                0x000000000801acec      0x140 /home/rajula/Academics/Semester10/MR_PE/Cygnus/tools/toolchain/gcc-arm/bin/../lib/gcc/arm-none-eabi/6.3.1/../../../../arm-none-eabi/lib/thumb/v7e-m/fpv4-sp/hard/libc.a(lib_a-fflush.o)
                0x000000000801acec                __sflush_r
 .text._fflush_r
                0x000000000801ae2c       0x54 /home/rajula/Academics/Semester10/MR_PE/Cygnus/tools/toolchain/gcc-arm/bin/../lib/gcc/arm-none-eabi/6.3.1/../../../../arm-none-eabi/lib/thumb/v7e-m/fpv4-sp/hard/libc.a(lib_a-fflush.o)
                0x000000000801ae2c                _fflush_r
 .text._cleanup_r
                0x000000000801ae80        0xc /home/rajula/Academics/Semester10/MR_PE/Cygnus/tools/toolchain/gcc-arm/bin/../lib/gcc/arm-none-eabi/6.3.1/../../../../arm-none-eabi/lib/thumb/v7e-m/fpv4-sp/hard/libc.a(lib_a-findfp.o)
                0x000000000801ae80                _cleanup_r
 .text.std.isra.0
                0x000000000801ae8c       0x50 /home/rajula/Academics/Semester10/MR_PE/Cygnus/tools/toolchain/gcc-arm/bin/../lib/gcc/arm-none-eabi/6.3.1/../../../../arm-none-eabi/lib/thumb/v7e-m/fpv4-sp/hard/libc.a(lib_a-findfp.o)
 .text.__sinit  0x000000000801aedc       0x58 /home/rajula/Academics/Semester10/MR_PE/Cygnus/tools/toolchain/gcc-arm/bin/../lib/gcc/arm-none-eabi/6.3.1/../../../../arm-none-eabi/lib/thumb/v7e-m/fpv4-sp/hard/libc.a(lib_a-findfp.o)
                0x000000000801aedc                __sinit
 .text.__sfp_lock_acquire
                0x000000000801af34        0xc /home/rajula/Academics/Semester10/MR_PE/Cygnus/tools/toolchain/gcc-arm/bin/../lib/gcc/arm-none-eabi/6.3.1/../../../../arm-none-eabi/lib/thumb/v7e-m/fpv4-sp/hard/libc.a(lib_a-findfp.o)
                0x000000000801af34                __sfp_lock_acquire
 .text.__sfp_lock_release
                0x000000000801af40        0xc /home/rajula/Academics/Semester10/MR_PE/Cygnus/tools/toolchain/gcc-arm/bin/../lib/gcc/arm-none-eabi/6.3.1/../../../../arm-none-eabi/lib/thumb/v7e-m/fpv4-sp/hard/libc.a(lib_a-findfp.o)
                0x000000000801af40                __sfp_lock_release
 .text._malloc_trim_r
                0x000000000801af4c       0xa0 /home/rajula/Academics/Semester10/MR_PE/Cygnus/tools/toolchain/gcc-arm/bin/../lib/gcc/arm-none-eabi/6.3.1/../../../../arm-none-eabi/lib/thumb/v7e-m/fpv4-sp/hard/libc.a(lib_a-freer.o)
                0x000000000801af4c                _malloc_trim_r
 .text._free_r  0x000000000801afec      0x1cc /home/rajula/Academics/Semester10/MR_PE/Cygnus/tools/toolchain/gcc-arm/bin/../lib/gcc/arm-none-eabi/6.3.1/../../../../arm-none-eabi/lib/thumb/v7e-m/fpv4-sp/hard/libc.a(lib_a-freer.o)
                0x000000000801afec                _free_r
 .text._fwalk_reent
                0x000000000801b1b8       0x54 /home/rajula/Academics/Semester10/MR_PE/Cygnus/tools/toolchain/gcc-arm/bin/../lib/gcc/arm-none-eabi/6.3.1/../../../../arm-none-eabi/lib/thumb/v7e-m/fpv4-sp/hard/libc.a(lib_a-fwalk.o)
                0x000000000801b1b8                _fwalk_reent
 .text._localeconv_r
                0x000000000801b20c       0x1c /home/rajula/Academics/Semester10/MR_PE/Cygnus/tools/toolchain/gcc-arm/bin/../lib/gcc/arm-none-eabi/6.3.1/../../../../arm-none-eabi/lib/thumb/v7e-m/fpv4-sp/hard/libc.a(lib_a-localeconv.o)
                0x000000000801b20c                _localeconv_r
 .text.__swhatbuf_r
                0x000000000801b228       0x5c /home/rajula/Academics/Semester10/MR_PE/Cygnus/tools/toolchain/gcc-arm/bin/../lib/gcc/arm-none-eabi/6.3.1/../../../../arm-none-eabi/lib/thumb/v7e-m/fpv4-sp/hard/libc.a(lib_a-makebuf.o)
                0x000000000801b228                __swhatbuf_r
 .text.__smakebuf_r
                0x000000000801b284       0x94 /home/rajula/Academics/Semester10/MR_PE/Cygnus/tools/toolchain/gcc-arm/bin/../lib/gcc/arm-none-eabi/6.3.1/../../../../arm-none-eabi/lib/thumb/v7e-m/fpv4-sp/hard/libc.a(lib_a-makebuf.o)
                0x000000000801b284                __smakebuf_r
 .text._Balloc  0x000000000801b318       0x4c /home/rajula/Academics/Semester10/MR_PE/Cygnus/tools/toolchain/gcc-arm/bin/../lib/gcc/arm-none-eabi/6.3.1/../../../../arm-none-eabi/lib/thumb/v7e-m/fpv4-sp/hard/libc.a(lib_a-mprec.o)
                0x000000000801b318                _Balloc
 .text._Bfree   0x000000000801b364       0x14 /home/rajula/Academics/Semester10/MR_PE/Cygnus/tools/toolchain/gcc-arm/bin/../lib/gcc/arm-none-eabi/6.3.1/../../../../arm-none-eabi/lib/thumb/v7e-m/fpv4-sp/hard/libc.a(lib_a-mprec.o)
                0x000000000801b364                _Bfree
 .text.__multadd
                0x000000000801b378       0x80 /home/rajula/Academics/Semester10/MR_PE/Cygnus/tools/toolchain/gcc-arm/bin/../lib/gcc/arm-none-eabi/6.3.1/../../../../arm-none-eabi/lib/thumb/v7e-m/fpv4-sp/hard/libc.a(lib_a-mprec.o)
                0x000000000801b378                __multadd
 .text.__hi0bits
                0x000000000801b3f8       0x40 /home/rajula/Academics/Semester10/MR_PE/Cygnus/tools/toolchain/gcc-arm/bin/../lib/gcc/arm-none-eabi/6.3.1/../../../../arm-none-eabi/lib/thumb/v7e-m/fpv4-sp/hard/libc.a(lib_a-mprec.o)
                0x000000000801b3f8                __hi0bits
 .text.__lo0bits
                0x000000000801b438       0x60 /home/rajula/Academics/Semester10/MR_PE/Cygnus/tools/toolchain/gcc-arm/bin/../lib/gcc/arm-none-eabi/6.3.1/../../../../arm-none-eabi/lib/thumb/v7e-m/fpv4-sp/hard/libc.a(lib_a-mprec.o)
                0x000000000801b438                __lo0bits
 .text.__i2b    0x000000000801b498       0x14 /home/rajula/Academics/Semester10/MR_PE/Cygnus/tools/toolchain/gcc-arm/bin/../lib/gcc/arm-none-eabi/6.3.1/../../../../arm-none-eabi/lib/thumb/v7e-m/fpv4-sp/hard/libc.a(lib_a-mprec.o)
                0x000000000801b498                __i2b
 .text.__multiply
                0x000000000801b4ac      0x124 /home/rajula/Academics/Semester10/MR_PE/Cygnus/tools/toolchain/gcc-arm/bin/../lib/gcc/arm-none-eabi/6.3.1/../../../../arm-none-eabi/lib/thumb/v7e-m/fpv4-sp/hard/libc.a(lib_a-mprec.o)
                0x000000000801b4ac                __multiply
 .text.__pow5mult
                0x000000000801b5d0       0xa0 /home/rajula/Academics/Semester10/MR_PE/Cygnus/tools/toolchain/gcc-arm/bin/../lib/gcc/arm-none-eabi/6.3.1/../../../../arm-none-eabi/lib/thumb/v7e-m/fpv4-sp/hard/libc.a(lib_a-mprec.o)
                0x000000000801b5d0                __pow5mult
 .text.__lshift
                0x000000000801b670       0xa4 /home/rajula/Academics/Semester10/MR_PE/Cygnus/tools/toolchain/gcc-arm/bin/../lib/gcc/arm-none-eabi/6.3.1/../../../../arm-none-eabi/lib/thumb/v7e-m/fpv4-sp/hard/libc.a(lib_a-mprec.o)
                0x000000000801b670                __lshift
 .text.__mcmp   0x000000000801b714       0x38 /home/rajula/Academics/Semester10/MR_PE/Cygnus/tools/toolchain/gcc-arm/bin/../lib/gcc/arm-none-eabi/6.3.1/../../../../arm-none-eabi/lib/thumb/v7e-m/fpv4-sp/hard/libc.a(lib_a-mprec.o)
                0x000000000801b714                __mcmp
 .text.__mdiff  0x000000000801b74c      0x108 /home/rajula/Academics/Semester10/MR_PE/Cygnus/tools/toolchain/gcc-arm/bin/../lib/gcc/arm-none-eabi/6.3.1/../../../../arm-none-eabi/lib/thumb/v7e-m/fpv4-sp/hard/libc.a(lib_a-mprec.o)
                0x000000000801b74c                __mdiff
 .text.__d2b    0x000000000801b854       0xbc /home/rajula/Academics/Semester10/MR_PE/Cygnus/tools/toolchain/gcc-arm/bin/../lib/gcc/arm-none-eabi/6.3.1/../../../../arm-none-eabi/lib/thumb/v7e-m/fpv4-sp/hard/libc.a(lib_a-mprec.o)
                0x000000000801b854                __d2b
 .text.__sread  0x000000000801b910       0x24 /home/rajula/Academics/Semester10/MR_PE/Cygnus/tools/toolchain/gcc-arm/bin/../lib/gcc/arm-none-eabi/6.3.1/../../../../arm-none-eabi/lib/thumb/v7e-m/fpv4-sp/hard/libc.a(lib_a-stdio.o)
                0x000000000801b910                __sread
 .text.__swrite
                0x000000000801b934       0x3c /home/rajula/Academics/Semester10/MR_PE/Cygnus/tools/toolchain/gcc-arm/bin/../lib/gcc/arm-none-eabi/6.3.1/../../../../arm-none-eabi/lib/thumb/v7e-m/fpv4-sp/hard/libc.a(lib_a-stdio.o)
                0x000000000801b934                __swrite
 .text.__sseek  0x000000000801b970       0x20 /home/rajula/Academics/Semester10/MR_PE/Cygnus/tools/toolchain/gcc-arm/bin/../lib/gcc/arm-none-eabi/6.3.1/../../../../arm-none-eabi/lib/thumb/v7e-m/fpv4-sp/hard/libc.a(lib_a-stdio.o)
                0x000000000801b970                __sseek
 .text.__sclose
                0x000000000801b990        0x8 /home/rajula/Academics/Semester10/MR_PE/Cygnus/tools/toolchain/gcc-arm/bin/../lib/gcc/arm-none-eabi/6.3.1/../../../../arm-none-eabi/lib/thumb/v7e-m/fpv4-sp/hard/libc.a(lib_a-stdio.o)
                0x000000000801b990                __sclose
 .text.__ssprint_r
                0x000000000801b998       0xfc /home/rajula/Academics/Semester10/MR_PE/Cygnus/tools/toolchain/gcc-arm/bin/../lib/gcc/arm-none-eabi/6.3.1/../../../../arm-none-eabi/lib/thumb/v7e-m/fpv4-sp/hard/libc.a(lib_a-svfiprintf.o)
                0x000000000801b998                __ssprint_r
 .text._calloc_r
                0x000000000801ba94       0x60 /home/rajula/Academics/Semester10/MR_PE/Cygnus/tools/toolchain/gcc-arm/bin/../lib/gcc/arm-none-eabi/6.3.1/../../../../arm-none-eabi/lib/thumb/v7e-m/fpv4-sp/hard/libc.a(lib_a-callocr.o)
                0x000000000801ba94                _calloc_r
 .text._close_r
                0x000000000801baf4       0x24 /home/rajula/Academics/Semester10/MR_PE/Cygnus/tools/toolchain/gcc-arm/bin/../lib/gcc/arm-none-eabi/6.3.1/../../../../arm-none-eabi/lib/thumb/v7e-m/fpv4-sp/hard/libc.a(lib_a-closer.o)
                0x000000000801baf4                _close_r
 .text._fclose_r
                0x000000000801bb18       0xc4 /home/rajula/Academics/Semester10/MR_PE/Cygnus/tools/toolchain/gcc-arm/bin/../lib/gcc/arm-none-eabi/6.3.1/../../../../arm-none-eabi/lib/thumb/v7e-m/fpv4-sp/hard/libc.a(lib_a-fclose.o)
                0x000000000801bb18                _fclose_r
 .text._fstat_r
                0x000000000801bbdc       0x28 /home/rajula/Academics/Semester10/MR_PE/Cygnus/tools/toolchain/gcc-arm/bin/../lib/gcc/arm-none-eabi/6.3.1/../../../../arm-none-eabi/lib/thumb/v7e-m/fpv4-sp/hard/libc.a(lib_a-fstatr.o)
                0x000000000801bbdc                _fstat_r
 .text._isatty_r
                0x000000000801bc04       0x24 /home/rajula/Academics/Semester10/MR_PE/Cygnus/tools/toolchain/gcc-arm/bin/../lib/gcc/arm-none-eabi/6.3.1/../../../../arm-none-eabi/lib/thumb/v7e-m/fpv4-sp/hard/libc.a(lib_a-isattyr.o)
                0x000000000801bc04                _isatty_r
 .text._lseek_r
                0x000000000801bc28       0x2c /home/rajula/Academics/Semester10/MR_PE/Cygnus/tools/toolchain/gcc-arm/bin/../lib/gcc/arm-none-eabi/6.3.1/../../../../arm-none-eabi/lib/thumb/v7e-m/fpv4-sp/hard/libc.a(lib_a-lseekr.o)
                0x000000000801bc28                _lseek_r
 .text.__ascii_mbtowc
                0x000000000801bc54       0x2c /home/rajula/Academics/Semester10/MR_PE/Cygnus/tools/toolchain/gcc-arm/bin/../lib/gcc/arm-none-eabi/6.3.1/../../../../arm-none-eabi/lib/thumb/v7e-m/fpv4-sp/hard/libc.a(lib_a-mbtowc_r.o)
                0x000000000801bc54                __ascii_mbtowc
 .text._read_r  0x000000000801bc80       0x2c /home/rajula/Academics/Semester10/MR_PE/Cygnus/tools/toolchain/gcc-arm/bin/../lib/gcc/arm-none-eabi/6.3.1/../../../../arm-none-eabi/lib/thumb/v7e-m/fpv4-sp/hard/libc.a(lib_a-readr.o)
                0x000000000801bc80                _read_r
 .text.__ascii_wctomb
                0x000000000801bcac       0x1c /home/rajula/Academics/Semester10/MR_PE/Cygnus/tools/toolchain/gcc-arm/bin/../lib/gcc/arm-none-eabi/6.3.1/../../../../arm-none-eabi/lib/thumb/v7e-m/fpv4-sp/hard/libc.a(lib_a-wctomb_r.o)
                0x000000000801bcac                __ascii_wctomb
 .text._close   0x000000000801bcc8       0x10 /home/rajula/Academics/Semester10/MR_PE/Cygnus/tools/toolchain/gcc-arm/bin/../lib/gcc/arm-none-eabi/6.3.1/../../../../arm-none-eabi/lib/thumb/v7e-m/fpv4-sp/hard/libnosys.a(close.o)
                0x000000000801bcc8                _close
 .text._fstat   0x000000000801bcd8       0x10 /home/rajula/Academics/Semester10/MR_PE/Cygnus/tools/toolchain/gcc-arm/bin/../lib/gcc/arm-none-eabi/6.3.1/../../../../arm-none-eabi/lib/thumb/v7e-m/fpv4-sp/hard/libnosys.a(fstat.o)
                0x000000000801bcd8                _fstat
 .text._getpid  0x000000000801bce8       0x10 /home/rajula/Academics/Semester10/MR_PE/Cygnus/tools/toolchain/gcc-arm/bin/../lib/gcc/arm-none-eabi/6.3.1/../../../../arm-none-eabi/lib/thumb/v7e-m/fpv4-sp/hard/libnosys.a(getpid.o)
                0x000000000801bce8                _getpid
 .text._isatty  0x000000000801bcf8       0x10 /home/rajula/Academics/Semester10/MR_PE/Cygnus/tools/toolchain/gcc-arm/bin/../lib/gcc/arm-none-eabi/6.3.1/../../../../arm-none-eabi/lib/thumb/v7e-m/fpv4-sp/hard/libnosys.a(isatty.o)
                0x000000000801bcf8                _isatty
 .text._kill    0x000000000801bd08       0x10 /home/rajula/Academics/Semester10/MR_PE/Cygnus/tools/toolchain/gcc-arm/bin/../lib/gcc/arm-none-eabi/6.3.1/../../../../arm-none-eabi/lib/thumb/v7e-m/fpv4-sp/hard/libnosys.a(kill.o)
                0x000000000801bd08                _kill
 .text._lseek   0x000000000801bd18       0x10 /home/rajula/Academics/Semester10/MR_PE/Cygnus/tools/toolchain/gcc-arm/bin/../lib/gcc/arm-none-eabi/6.3.1/../../../../arm-none-eabi/lib/thumb/v7e-m/fpv4-sp/hard/libnosys.a(lseek.o)
                0x000000000801bd18                _lseek
 .text._read    0x000000000801bd28       0x10 /home/rajula/Academics/Semester10/MR_PE/Cygnus/tools/toolchain/gcc-arm/bin/../lib/gcc/arm-none-eabi/6.3.1/../../../../arm-none-eabi/lib/thumb/v7e-m/fpv4-sp/hard/libnosys.a(read.o)
                0x000000000801bd28                _read
 .text._sbrk    0x000000000801bd38       0x1c /home/rajula/Academics/Semester10/MR_PE/Cygnus/tools/toolchain/gcc-arm/bin/../lib/gcc/arm-none-eabi/6.3.1/../../../../arm-none-eabi/lib/thumb/v7e-m/fpv4-sp/hard/libnosys.a(sbrk.o)
                0x000000000801bd38                _sbrk
 .text._write   0x000000000801bd54       0x10 /home/rajula/Academics/Semester10/MR_PE/Cygnus/tools/toolchain/gcc-arm/bin/../lib/gcc/arm-none-eabi/6.3.1/../../../../arm-none-eabi/lib/thumb/v7e-m/fpv4-sp/hard/libnosys.a(write.o)
                0x000000000801bd54                _write
 .text._exit    0x000000000801bd64        0x4 /home/rajula/Academics/Semester10/MR_PE/Cygnus/tools/toolchain/gcc-arm/bin/../lib/gcc/arm-none-eabi/6.3.1/../../../../arm-none-eabi/lib/thumb/v7e-m/fpv4-sp/hard/libnosys.a(_exit.o)
                0x000000000801bd64                _exit
 .text.lrintf   0x000000000801bd68       0x98 /home/rajula/Academics/Semester10/MR_PE/Cygnus/tools/toolchain/gcc-arm/bin/../lib/gcc/arm-none-eabi/6.3.1/../../../../arm-none-eabi/lib/thumb/v7e-m/fpv4-sp/hard/libm.a(lib_a-sf_lrint.o)
                0x000000000801bd68                lrintf
 .text.acosf    0x000000000801be00       0xb8 /home/rajula/Academics/Semester10/MR_PE/Cygnus/tools/toolchain/gcc-arm/bin/../lib/gcc/arm-none-eabi/6.3.1/../../../../arm-none-eabi/lib/thumb/v7e-m/fpv4-sp/hard/libm.a(lib_a-wf_acos.o)
                0x000000000801be00                acosf
 .text.atan2f   0x000000000801beb8        0x4 /home/rajula/Academics/Semester10/MR_PE/Cygnus/tools/toolchain/gcc-arm/bin/../lib/gcc/arm-none-eabi/6.3.1/../../../../arm-none-eabi/lib/thumb/v7e-m/fpv4-sp/hard/libm.a(lib_a-wf_atan2.o)
                0x000000000801beb8                atan2f
 .text.logf     0x000000000801bebc       0xf8 /home/rajula/Academics/Semester10/MR_PE/Cygnus/tools/toolchain/gcc-arm/bin/../lib/gcc/arm-none-eabi/6.3.1/../../../../arm-none-eabi/lib/thumb/v7e-m/fpv4-sp/hard/libm.a(lib_a-wf_log.o)
                0x000000000801bebc                logf
 .text.sqrtf    0x000000000801bfb4       0xac /home/rajula/Academics/Semester10/MR_PE/Cygnus/tools/toolchain/gcc-arm/bin/../lib/gcc/arm-none-eabi/6.3.1/../../../../arm-none-eabi/lib/thumb/v7e-m/fpv4-sp/hard/libm.a(lib_a-wf_sqrt.o)
                0x000000000801bfb4                sqrtf
 .text.__ieee754_acosf
                0x000000000801c060      0x244 /home/rajula/Academics/Semester10/MR_PE/Cygnus/tools/toolchain/gcc-arm/bin/../lib/gcc/arm-none-eabi/6.3.1/../../../../arm-none-eabi/lib/thumb/v7e-m/fpv4-sp/hard/libm.a(lib_a-ef_acos.o)
                0x000000000801c060                __ieee754_acosf
 .text.__ieee754_atan2f
                0x000000000801c2a4      0x180 /home/rajula/Academics/Semester10/MR_PE/Cygnus/tools/toolchain/gcc-arm/bin/../lib/gcc/arm-none-eabi/6.3.1/../../../../arm-none-eabi/lib/thumb/v7e-m/fpv4-sp/hard/libm.a(lib_a-ef_atan2.o)
                0x000000000801c2a4                __ieee754_atan2f
 .text.__ieee754_logf
                0x000000000801c424      0x218 /home/rajula/Academics/Semester10/MR_PE/Cygnus/tools/toolchain/gcc-arm/bin/../lib/gcc/arm-none-eabi/6.3.1/../../../../arm-none-eabi/lib/thumb/v7e-m/fpv4-sp/hard/libm.a(lib_a-ef_log.o)
                0x000000000801c424                __ieee754_logf
 .text.__ieee754_sqrtf
                0x000000000801c63c        0x8 /home/rajula/Academics/Semester10/MR_PE/Cygnus/tools/toolchain/gcc-arm/bin/../lib/gcc/arm-none-eabi/6.3.1/../../../../arm-none-eabi/lib/thumb/v7e-m/fpv4-sp/hard/libm.a(lib_a-ef_sqrt.o)
                0x000000000801c63c                __ieee754_sqrtf
 .text.matherr  0x000000000801c644        0x4 /home/rajula/Academics/Semester10/MR_PE/Cygnus/tools/toolchain/gcc-arm/bin/../lib/gcc/arm-none-eabi/6.3.1/../../../../arm-none-eabi/lib/thumb/v7e-m/fpv4-sp/hard/libm.a(lib_a-s_matherr.o)
                0x000000000801c644                matherr
 .text.nan      0x000000000801c648       0x10 /home/rajula/Academics/Semester10/MR_PE/Cygnus/tools/toolchain/gcc-arm/bin/../lib/gcc/arm-none-eabi/6.3.1/../../../../arm-none-eabi/lib/thumb/v7e-m/fpv4-sp/hard/libm.a(lib_a-s_nan.o)
                0x000000000801c648                nan
 .text.atanf    0x000000000801c658      0x1b0 /home/rajula/Academics/Semester10/MR_PE/Cygnus/tools/toolchain/gcc-arm/bin/../lib/gcc/arm-none-eabi/6.3.1/../../../../arm-none-eabi/lib/thumb/v7e-m/fpv4-sp/hard/libm.a(lib_a-sf_atan.o)
                0x000000000801c658                atanf
 .text.fabsf    0x000000000801c808       0x10 /home/rajula/Academics/Semester10/MR_PE/Cygnus/tools/toolchain/gcc-arm/bin/../lib/gcc/arm-none-eabi/6.3.1/../../../../arm-none-eabi/lib/thumb/v7e-m/fpv4-sp/hard/libm.a(lib_a-sf_fabs.o)
                0x000000000801c808                fabsf
 .text.__errno  0x000000000801c818        0xc /home/rajula/Academics/Semester10/MR_PE/Cygnus/tools/toolchain/gcc-arm/bin/../lib/gcc/arm-none-eabi/6.3.1/../../../../arm-none-eabi/lib/thumb/v7e-m/fpv4-sp/hard/libc.a(lib_a-errno.o)
                0x000000000801c818                __errno
 .text.strchr   0x000000000801c824       0xe8 /home/rajula/Academics/Semester10/MR_PE/Cygnus/tools/toolchain/gcc-arm/bin/../lib/gcc/arm-none-eabi/6.3.1/../../../../arm-none-eabi/lib/thumb/v7e-m/fpv4-sp/hard/libc.a(lib_a-strchr.o)
                0x000000000801c824                strchr
 *(.rodata)
 .rodata        0x000000000801c90c       0x3c /tmp/ccsJAQyL.ltrans0.ltrans.o
 .rodata        0x000000000801c948      0x17c /tmp/ccsJAQyL.ltrans1.ltrans.o
 .rodata        0x000000000801cac4       0x30 /tmp/ccsJAQyL.ltrans3.ltrans.o
 .rodata        0x000000000801caf4       0x15 /tmp/ccsJAQyL.ltrans6.ltrans.o
                0x000000000801caf4                refArrayQuadrants
                0x000000000801cb04                serialPortIdentifiers
                0x000000000801cb08                isLocalisationOn
                0x000000000801cb08                reverseMode
                0x000000000801cb08                reverseReferenceFrame
 *fill*         0x000000000801cb09        0x3 
 .rodata        0x000000000801cb0c       0x1c /tmp/ccsJAQyL.ltrans9.ltrans.o
                0x000000000801cb24                SystemCoreClock
 .rodata        0x000000000801cb28      0x11b /tmp/ccsJAQyL.ltrans13.ltrans.o
 *fill*         0x000000000801cc43        0x1 
 .rodata        0x000000000801cc44       0x1c /tmp/ccsJAQyL.ltrans14.ltrans.o
 .rodata        0x000000000801cc60      0x150 /tmp/ccsJAQyL.ltrans17.ltrans.o
                0x000000000801cc60                _ZL5boxes.lto_priv.170
 .rodata        0x000000000801cdb0      0x798 /home/rajula/Academics/Semester10/MR_PE/Cygnus/tools/toolchain/gcc-arm/bin/../lib/gcc/arm-none-eabi/6.3.1/../../../../arm-none-eabi/lib/thumb/v7e-m/fpv4-sp/hard/libstdc++.a(cp-demangle.o)
 *(.rodata*)
 .rodata.str1.1
                0x000000000801d548       0x22 /tmp/ccsJAQyL.ltrans0.ltrans.o
                                         0x24 (size before relaxing)
 .rodata.str1.1
                0x000000000801d56a       0x23 /tmp/ccsJAQyL.ltrans3.ltrans.o
 .rodata.str1.1
                0x000000000801d58d        0x9 /tmp/ccsJAQyL.ltrans9.ltrans.o
 .rodata.str1.1
                0x000000000801d596       0xa1 /tmp/ccsJAQyL.ltrans13.ltrans.o
                                         0xa8 (size before relaxing)
 .rodata.str1.1
                0x000000000801d637       0xe2 /tmp/ccsJAQyL.ltrans17.ltrans.o
 *fill*         0x000000000801d719        0x3 
 .rodata._ZNKSt9bad_alloc4whatEv.str1.4
                0x000000000801d71c        0xf /home/rajula/Academics/Semester10/MR_PE/Cygnus/tools/toolchain/gcc-arm/bin/../lib/gcc/arm-none-eabi/6.3.1/../../../../arm-none-eabi/lib/thumb/v7e-m/fpv4-sp/hard/libstdc++.a(bad_alloc.o)
 *fill*         0x000000000801d72b        0x1 
 .rodata._ZTISt9bad_alloc
                0x000000000801d72c        0xc /home/rajula/Academics/Semester10/MR_PE/Cygnus/tools/toolchain/gcc-arm/bin/../lib/gcc/arm-none-eabi/6.3.1/../../../../arm-none-eabi/lib/thumb/v7e-m/fpv4-sp/hard/libstdc++.a(bad_alloc.o)
                0x000000000801d72c                typeinfo for std::bad_alloc
 .rodata._ZTSSt9bad_alloc
                0x000000000801d738        0xd /home/rajula/Academics/Semester10/MR_PE/Cygnus/tools/toolchain/gcc-arm/bin/../lib/gcc/arm-none-eabi/6.3.1/../../../../arm-none-eabi/lib/thumb/v7e-m/fpv4-sp/hard/libstdc++.a(bad_alloc.o)
                0x000000000801d738                typeinfo name for std::bad_alloc
 *fill*         0x000000000801d745        0x3 
 .rodata._ZTVSt9bad_alloc
                0x000000000801d748       0x14 /home/rajula/Academics/Semester10/MR_PE/Cygnus/tools/toolchain/gcc-arm/bin/../lib/gcc/arm-none-eabi/6.3.1/../../../../arm-none-eabi/lib/thumb/v7e-m/fpv4-sp/hard/libstdc++.a(bad_alloc.o)
                0x000000000801d748                vtable for std::bad_alloc
 .rodata._ZTIN10__cxxabiv120__si_class_type_infoE
                0x000000000801d75c        0xc /home/rajula/Academics/Semester10/MR_PE/Cygnus/tools/toolchain/gcc-arm/bin/../lib/gcc/arm-none-eabi/6.3.1/../../../../arm-none-eabi/lib/thumb/v7e-m/fpv4-sp/hard/libstdc++.a(si_class_type_info.o)
                0x000000000801d75c                typeinfo for __cxxabiv1::__si_class_type_info
 .rodata._ZTSN10__cxxabiv120__si_class_type_infoE
                0x000000000801d768       0x25 /home/rajula/Academics/Semester10/MR_PE/Cygnus/tools/toolchain/gcc-arm/bin/../lib/gcc/arm-none-eabi/6.3.1/../../../../arm-none-eabi/lib/thumb/v7e-m/fpv4-sp/hard/libstdc++.a(si_class_type_info.o)
                0x000000000801d768                typeinfo name for __cxxabiv1::__si_class_type_info
 *fill*         0x000000000801d78d        0x3 
 .rodata._ZTVN10__cxxabiv120__si_class_type_infoE
                0x000000000801d790       0x2c /home/rajula/Academics/Semester10/MR_PE/Cygnus/tools/toolchain/gcc-arm/bin/../lib/gcc/arm-none-eabi/6.3.1/../../../../arm-none-eabi/lib/thumb/v7e-m/fpv4-sp/hard/libstdc++.a(si_class_type_info.o)
                0x000000000801d790                vtable for __cxxabiv1::__si_class_type_info
 .rodata._ZTISt9type_info
                0x000000000801d7bc        0x8 /home/rajula/Academics/Semester10/MR_PE/Cygnus/tools/toolchain/gcc-arm/bin/../lib/gcc/arm-none-eabi/6.3.1/../../../../arm-none-eabi/lib/thumb/v7e-m/fpv4-sp/hard/libstdc++.a(tinfo.o)
                0x000000000801d7bc                typeinfo for std::type_info
 .rodata._ZTSSt9type_info
                0x000000000801d7c4        0xd /home/rajula/Academics/Semester10/MR_PE/Cygnus/tools/toolchain/gcc-arm/bin/../lib/gcc/arm-none-eabi/6.3.1/../../../../arm-none-eabi/lib/thumb/v7e-m/fpv4-sp/hard/libstdc++.a(tinfo.o)
                0x000000000801d7c4                typeinfo name for std::type_info
 *fill*         0x000000000801d7d1        0x3 
 .rodata._ZTIN10__cxxabiv117__class_type_infoE
                0x000000000801d7d4        0xc /home/rajula/Academics/Semester10/MR_PE/Cygnus/tools/toolchain/gcc-arm/bin/../lib/gcc/arm-none-eabi/6.3.1/../../../../arm-none-eabi/lib/thumb/v7e-m/fpv4-sp/hard/libstdc++.a(class_type_info.o)
                0x000000000801d7d4                typeinfo for __cxxabiv1::__class_type_info
 .rodata._ZTSN10__cxxabiv117__class_type_infoE
                0x000000000801d7e0       0x22 /home/rajula/Academics/Semester10/MR_PE/Cygnus/tools/toolchain/gcc-arm/bin/../lib/gcc/arm-none-eabi/6.3.1/../../../../arm-none-eabi/lib/thumb/v7e-m/fpv4-sp/hard/libstdc++.a(class_type_info.o)
                0x000000000801d7e0                typeinfo name for __cxxabiv1::__class_type_info
 *fill*         0x000000000801d802        0x2 
 .rodata._ZTVN10__cxxabiv117__class_type_infoE
                0x000000000801d804       0x2c /home/rajula/Academics/Semester10/MR_PE/Cygnus/tools/toolchain/gcc-arm/bin/../lib/gcc/arm-none-eabi/6.3.1/../../../../arm-none-eabi/lib/thumb/v7e-m/fpv4-sp/hard/libstdc++.a(class_type_info.o)
                0x000000000801d804                vtable for __cxxabiv1::__class_type_info
 .rodata._ZGTtNKSt13bad_exception4whatEv.str1.4
                0x000000000801d830       0x13 /home/rajula/Academics/Semester10/MR_PE/Cygnus/tools/toolchain/gcc-arm/bin/../lib/gcc/arm-none-eabi/6.3.1/../../../../arm-none-eabi/lib/thumb/v7e-m/fpv4-sp/hard/libstdc++.a(eh_exception.o)
 *fill*         0x000000000801d843        0x1 
 .rodata._ZTIN10__cxxabiv115__forced_unwindE
                0x000000000801d844        0x8 /home/rajula/Academics/Semester10/MR_PE/Cygnus/tools/toolchain/gcc-arm/bin/../lib/gcc/arm-none-eabi/6.3.1/../../../../arm-none-eabi/lib/thumb/v7e-m/fpv4-sp/hard/libstdc++.a(eh_exception.o)